best (0, 8) restart 0 step 0
best (0, 10) restart 0 step 3826
restart done 0 (0, 8)
best (0, 11) restart 1 step 3109
restart done 1 (0, 8)
restart done 2 (0, 11)
restart done 3 (0, 10)
restart done 4 (0, 8)
restart done 5 (0, 11)
restart done 6 (0, 8)
restart done 7 (0, 8)
FINAL (0, 11)
[[1 0 0 0 0 1 0 0 0 0 0]
 [0 0 1 0 0 1 0 1 0 0 0]
 [0 1 0 0 1 1 1 0 1 0 1]
 [0 1 0 0 0 1 0 1 0 0 0]
 [1 0 0 0 0 0 0 0 0 0 1]
 [0 0 0 0 1 0 0 0 1 0 0]
 [0 0 1 1 1 1 0 0 0 0 1]
 [1 0 0 0 1 0 0 0 0 0 0]
 [0 0 0 0 0 1 0 0 0 0 1]
 [0 1 0 0 0 0 0 0 1 1 0]
 [0 1 0 0 1 0 0 0 0 1 0]]
