{
  "template": "C5",
  "transition_class": "all symmetric Boolean 5x5 matrices, loops allowed",
  "entry_order": [
    [
      0,
      0
    ],
    [
      0,
      1
    ],
    [
      0,
      2
    ],
    [
      0,
      3
    ],
    [
      0,
      4
    ],
    [
      1,
      1
    ],
    [
      1,
      2
    ],
    [
      1,
      3
    ],
    [
      1,
      4
    ],
    [
      2,
      2
    ],
    [
      2,
      3
    ],
    [
      2,
      4
    ],
    [
      3,
      3
    ],
    [
      3,
      4
    ],
    [
      4,
      4
    ]
  ],
  "feasible_counts": {
    "2": 51,
    "3": 1178,
    "4": 51,
    "5": 816,
    "6": 51
  },
  "best": {
    "2": {
      "W": 4,
      "base": 2.0,
      "mask": 35,
      "A": [
        [
          1,
          1,
          0,
          0,
          0
        ],
        [
          1,
          1,
          0,
          0,
          0
        ],
        [
          0,
          0,
          0,
          0,
          0
        ],
        [
          0,
          0,
          0,
          0,
          0
        ],
        [
          0,
          0,
          0,
          0,
          0
        ]
      ]
    },
    "3": {
      "W": 8,
      "base": 2.0,
      "mask": 35,
      "A": [
        [
          1,
          1,
          0,
          0,
          0
        ],
        [
          1,
          1,
          0,
          0,
          0
        ],
        [
          0,
          0,
          0,
          0,
          0
        ],
        [
          0,
          0,
          0,
          0,
          0
        ],
        [
          0,
          0,
          0,
          0,
          0
        ]
      ]
    },
    "4": {
      "W": 16,
      "base": 2.0,
      "mask": 35,
      "A": [
        [
          1,
          1,
          0,
          0,
          0
        ],
        [
          1,
          1,
          0,
          0,
          0
        ],
        [
          0,
          0,
          0,
          0,
          0
        ],
        [
          0,
          0,
          0,
          0,
          0
        ],
        [
          0,
          0,
          0,
          0,
          0
        ]
      ]
    },
    "5": {
      "W": 32,
      "base": 2.0,
      "mask": 35,
      "A": [
        [
          1,
          1,
          0,
          0,
          0
        ],
        [
          1,
          1,
          0,
          0,
          0
        ],
        [
          0,
          0,
          0,
          0,
          0
        ],
        [
          0,
          0,
          0,
          0,
          0
        ],
        [
          0,
          0,
          0,
          0,
          0
        ]
      ]
    },
    "6": {
      "W": 64,
      "base": 2.0,
      "mask": 35,
      "A": [
        [
          1,
          1,
          0,
          0,
          0
        ],
        [
          1,
          1,
          0,
          0,
          0
        ],
        [
          0,
          0,
          0,
          0,
          0
        ],
        [
          0,
          0,
          0,
          0,
          0
        ],
        [
          0,
          0,
          0,
          0,
          0
        ]
      ]
    }
  }
}
