==== experiments/verify_affine_lattice_extrapolation.py
{'integer_lattice_extrapolations': 2000, 'dimension_set': [1, 2, 5, 10], 'maximum_observed_ratio_to_larger_branch_radius': 2.9930703648402117, 'proved_upper_bound': 3}
==== experiments/verify_affine_parallelogram.py
{'dimensions': 3, 'integer_and_modular_affine_identities_checked': 300, 'moduli': ['Z', 2, 3, 5, 6, 10]}
==== experiments/verify_all_d_scope_edge.py
[{'n': 6, 'd': 2, 'groups': 21, 'shape': (1821, 117), 'exact_feasible': False, 'one_solution_weight': None, 'max_views': 9}, {'n': 6, 'd': 3, 'groups': 26, 'shape': (18188, 198), 'exact_feasible': False, 'one_solution_weight': None, 'max_views': 27}, {'n': 8, 'd': 2, 'groups': 36, 'shape': (4284, 228), 'exact_feasible': False, 'one_solution_weight': None, 'max_views': 9}, {'n': 8, 'd': 3, 'groups': 64, 'shape': (92776, 768), 'exact_feasible': False, 'one_solution_weight': None, 'max_views': 27}, {'n': 10, 'd': 2, 'groups': 55, 'shape': (8275, 375), 'exact_feasible': False, 'one_solution_weight': None, 'max_views': 9}, {'n': 12, 'd': 2, 'groups': 78, 'shape': (14154, 558), 'exact_feasible': False, 'one_solution_weight': None, 'max_views': 9}, {'n': 16, 'd': 2, 'groups': 136, 'shape': (33016, 1032), 'exact_feasible': False, 'one_solution_weight': None, 'max_views': 9}, {'n': 20, 'd': 2, 'groups': 210, 'shape': (63750, 1650), 'exact_feasible': False, 'one_solution_weight': None, 'max_views': 9}, {'n': 24, 'd': 2, 'groups': 300, 'shape': (109236, 2412), 'exact_feasible': False, 'one_solution_weight': None, 'max_views': 9}, {'n': 30, 'd': 2, 'groups': 465, 'shape': (211425, 3825), 'exact_feasible': False, 'one_solution_weight': None, 'max_views': 9}, {'n': 40, 'd': 2, 'groups': 820, 'shape': (496300, 6900), 'exact_feasible': False, 'one_solution_weight': None, 'max_views': 9}]
all-d-scope cycle claims verified by exact GF(2) elimination
==== experiments/verify_all_pair_cnf.py
{'exact_infeasible_instances': 8, 'rows': [('xor', 3, 6, (1071, 78)), ('xor', 5, 10, (6605, 310)), ('xor', 7, 14, (19355, 686)), ('xor', 10, 20, (58910, 1520)), ('xor', 15, 30, (204915, 3630)), ('tseitin', 4, 16, (110296, 2608)), ('tseitin', 6, 24, (413604, 8616)), ('tseitin', 8, 32, (992944, 17760))]}
==== experiments/verify_all_pair_coloring.py
[{'graph': 'K4', 'nparam': None, 'vertices': 4, 'edges': 6, 'colors': 3, 'groups': 21, 'shape': (2676, 288), 'exact_feasible': False, 'one_solution_weight': None, 'max_views': 36}, {'graph': 'K5', 'nparam': None, 'vertices': 5, 'edges': 10, 'colors': 4, 'groups': 55, 'shape': (36235, 3360), 'exact_feasible': False, 'one_solution_weight': None, 'max_views': 144}, {'graph': 'wheel', 'nparam': 5, 'vertices': 6, 'edges': 10, 'colors': 3, 'groups': 55, 'shape': (14230, 1080), 'exact_feasible': False, 'one_solution_weight': None, 'max_views': 36}, {'graph': 'wheel', 'nparam': 7, 'vertices': 8, 'edges': 14, 'colors': 3, 'groups': 105, 'shape': (41391, 2352), 'exact_feasible': False, 'one_solution_weight': None, 'max_views': 36}]
all-pair coloring claims verified by exact GF(2) elimination
==== experiments/verify_arity_output_tradeoff.py
{'checks': 24, 'identity': '2^ceil(c log2 N) >= N^c', 'consequence': 'logarithmic full-view arity is polynomial-size but spends the same exponent in output size', 'sample': [(16, 1, 4, 16, True), (16, 2, 8, 256, True), (16, 4, 16, 65536, True), (16, 8, 32, 4294967296, True), (32, 1, 5, 32, True), (32, 2, 10, 1024, True)]}
==== experiments/verify_circuit_tableau_fault.py
{'blocks_G': 30, 'columns_N': 108, 'rows_r': 82, 'binary_weight': 32, 'integer_squared_norm': 32, 'binary_residual_zero': True, 'integer_residual_zero': True, 'accepting_one_fault_transcripts': 48, 'explicit_fault': ('or0b', ((0, 1, 1), (1, 0, 1), (1, 1, 1)))}
circuit-tableau support-three fault verified exactly
==== experiments/verify_code_dependent_puncture.py
{'canonical_full_len': 9, 'canonical_min_sample': 9, 'canonical_preserving_samples': [(0, 1, 2, 3, 4, 5, 6, 7, 8)], 'random_(base_delta,min_sample)_histogram': {(1, 1): 7, (2, 4): 13, (3, 16): 6, (2, 8): 6, (3, 9): 5, (2, 9): 3}}
code-dependent puncture claims verified by exhaustive subset/codeword enumeration
==== experiments/verify_connectivity_hierarchy_counterexample.py
[{'k': 1, 'vertices': 3, 'degree': 2, 'edges': 3, 'groups': 3, 'support_combinations_checked': 27, 'max_constraint_arity': 2}, {'k': 2, 'vertices': 5, 'degree': 4, 'edges': 10, 'groups': 15, 'support_combinations_checked': 1575, 'max_constraint_arity': 4}, {'k': 3, 'vertices': 7, 'degree': 6, 'edges': 21, 'groups': 63, 'support_combinations_checked': 72765, 'max_constraint_arity': 6}]
==== experiments/verify_controlled_permutation_cycle.py
{'q': 3, 'L': 3, 'trials': 20, 'canonical_fixed-branch_weight': 19, 'reported_optima': [9, 9, 9, 9, 9, 9, 9, 9, 9, 9, 9, 9, 9, 9, 9, 9, 9, 9, 9, 9], 'histogram': {9: 20}, 'cheating_examples': [{'opt': 9, 'canonical': 19, 'perms': [((2, 0, 1), (2, 0, 1)), ((1, 0, 2), (1, 2, 0)), ((1, 0, 2), (1, 2, 0))]}, {'opt': 9, 'canonical': 19, 'perms': [((0, 2, 1), (1, 2, 0)), ((1, 0, 2), (1, 2, 0)), ((0, 1, 2), (2, 0, 1))]}]}
{'q': 4, 'L': 3, 'trials': 10, 'canonical_fixed-branch_weight': 25, 'reported_optima': [9, 9, 9, 9, 9, 9, 9, 9, 9, 9], 'histogram': {9: 10}, 'cheating_examples': [{'opt': 9, 'canonical': 25, 'perms': [((2, 0, 1, 3), (1, 3, 2, 0)), ((3, 1, 0, 2), (3, 0, 1, 2)), ((1, 3, 0, 2), (2, 3, 0, 1))]}, {'opt': 9, 'canonical': 25, 'perms': [((1, 3, 0, 2), (0, 1, 3, 2)), ((3, 1, 0, 2), (2, 3, 0, 1)), ((2, 3, 0, 1), (2, 1, 3, 0))]}]}
{'q': 5, 'L': 3, 'trials': 10, 'canonical_fixed-branch_weight': 31, 'reported_optima': [9, 9, 9, 9, 9, 9, 9, 9, 9, 9], 'histogram': {9: 10}, 'cheating_examples': [{'opt': 9, 'canonical': 31, 'perms': [((2, 4, 0, 1, 3), (3, 2, 0, 1, 4)), ((4, 0, 3, 1, 2), (2, 1, 3, 4, 0)), ((0, 3, 4, 2, 1), (0, 4, 1, 3, 2))]}, {'opt': 9, 'canonical': 31, 'perms': [((4, 0, 2, 3, 1), (4, 3, 0, 1, 2)), ((2, 0, 1, 4, 3), (3, 1, 0, 4, 2)), ((3, 1, 4, 2, 0), (1, 4, 2, 3, 0))]}]}
controlled permutation cycle claims reproduced; explicit weight-9 cheat checked exactly
==== experiments/verify_crt_global_coupling.py
[{'D': 0, 'n': 3, 'm': 8, 'M': 1000000, 'P': 385, 'x': 0, 'violated': [0], 'yes_uniform_upper_squared': 148244, 'shape': (31, 23), 'structural_full_column_rank': True, 'cheat_squared': 148252, 'additive_false_clause_cost': 8, 'ratio_to_uniform_yes_radius_upper': 1.0000269821782761}, {'D': 1, 'n': 6, 'm': 9, 'M': 1000000, 'P': 1616615, 'x': 1032955, 'violated': [0], 'yes_uniform_upper_squared': 2613444058249, 'shape': (40, 31), 'structural_full_column_rank': True, 'cheat_squared': 201865997057, 'additive_false_clause_cost': 8, 'ratio_to_uniform_yes_radius_upper': 1.0000000000015306}, {'D': 4, 'n': 15, 'm': 12, 'M': 1000000, 'P': 320460058359035439845, 'x': 134842933647178548715, 'violated': [0], 'yes_uniform_upper_squared': 102694649003476399882474869084692613624064, 'shape': (67, 55), 'structural_full_column_rank': True, 'cheat_squared': 2578018478272462026868510507551988032272, 'additive_false_clause_cost': 8, 'ratio_to_uniform_yes_radius_upper': 1.0}, {'D': 10, 'n': 33, 'm': 18, 'M': 1000000, 'P': 248697058489879886676479289435973511424597310554477421735, 'x': 102708655324391953198857680572259190432496032151069896250, 'violated': [0], 'yes_uniform_upper_squared': 61850226901518737419609897531474374152589125126424246459270337732535090131160525608166666926278276913893050410294, 'shape': (121, 103), 'structural_full_column_rank': True, 'cheat_squared': 1873136573188852165806232619455479612555051999949525669286584473512323918984654858296889329892212747940326685302, 'additive_false_clause_cost': 8, 'ratio_to_uniform_yes_radius_upper': 1.0}]
CRT global-coupling failure verified exactly
==== experiments/verify_dense_fold_attack.py
{'base_delta': 2, 'full_tensor_delta': 4, 'orbit_outputs': 6, 'orbit_fold_delta': 2, 'orbit_pure_weights': [2, 2], 'random_dense_delta_histogram': {2: 118, 1: 52, 3: 28, 4: 2}, 'arbitrary_below_pure_examples': [(2, 3, 4), (1, 3, 4), (2, 3, 4)]}
dense-fold finite claims verified exactly by GF(2) enumeration
==== experiments/verify_disconnected_scope_cycle.py
{'n': 5, 'd': 2, 'base_scopes': 5, 'closure_scopes_K': 24, 'shape': (480, 162), 'status': 0, 'reported_optimum': 72, 'ratio': 3.0, 'component_proxy_max_colorings': 27}
{'n': 6, 'd': 3, 'base_scopes': 8, 'closure_scopes_K': 58, 'shape': (5035, 852), 'status': 2, 'reported_optimum': None, 'ratio': None, 'component_proxy_max_colorings': 81}
{'n': 7, 'd': 3, 'base_scopes': 10, 'closure_scopes_K': 84, 'shape': (7797, 1254), 'status': 2, 'reported_optimum': None, 'ratio': None, 'component_proxy_max_colorings': 81}
disconnected-scope feasibility claims verified by exact GF(2) elimination; optimum 72 remains MILP evidence
==== experiments/verify_disconnected_scope_threshold.py
[{'n': 5, 'd': 2, 'count': 5, 'trials': 5, 'feasible': 2, 'infeasible': 3, 'max_K': 22, 'max_rows': 406, 'max_cols': 138}, {'n': 5, 'd': 2, 'count': 10, 'trials': 5, 'feasible': 0, 'infeasible': 5, 'max_K': 44, 'max_rows': 1643, 'max_cols': 408}, {'n': 5, 'd': 3, 'count': 5, 'trials': 5, 'feasible': 0, 'infeasible': 5, 'max_K': 33, 'max_rows': 1851, 'max_cols': 534}, {'n': 5, 'd': 3, 'count': 10, 'trials': 5, 'feasible': 0, 'infeasible': 5, 'max_K': 76, 'max_rows': 13615, 'max_cols': 1680}, {'n': 6, 'd': 2, 'count': 6, 'trials': 5, 'feasible': 4, 'infeasible': 1, 'max_K': 27, 'max_rows': 528, 'max_cols': 177}, {'n': 6, 'd': 2, 'count': 12, 'trials': 5, 'feasible': 0, 'infeasible': 5, 'max_K': 42, 'max_rows': 1281, 'max_cols': 360}, {'n': 6, 'd': 3, 'count': 6, 'trials': 5, 'feasible': 0, 'infeasible': 5, 'max_K': 66, 'max_rows': 5346, 'max_cols': 954}, {'n': 6, 'd': 3, 'count': 12, 'trials': 5, 'feasible': 0, 'infeasible': 5, 'max_K': 142, 'max_rows': 47719, 'max_cols': 5826}, {'n': 7, 'd': 2, 'count': 7, 'trials': 5, 'feasible': 4, 'infeasible': 1, 'max_K': 28, 'max_rows': 471, 'max_cols': 195}, {'n': 7, 'd': 2, 'count': 14, 'trials': 5, 'feasible': 0, 'infeasible': 5, 'max_K': 55, 'max_rows': 1533, 'max_cols': 423}, {'n': 7, 'd': 3, 'count': 7, 'trials': 5, 'feasible': 1, 'infeasible': 4, 'max_K': 60, 'max_rows': 4004, 'max_cols': 828}, {'n': 7, 'd': 3, 'count': 14, 'trials': 5, 'feasible': 0, 'infeasible': 5, 'max_K': 145, 'max_rows': 32800, 'max_cols': 4176}, {'n': 8, 'd': 2, 'count': 8, 'trials': 5, 'feasible': 5, 'infeasible': 0, 'max_K': 35, 'max_rows': 649, 'max_cols': 243}, {'n': 8, 'd': 2, 'count': 16, 'trials': 5, 'feasible': 2, 'infeasible': 3, 'max_K': 51, 'max_rows': 1311, 'max_cols': 372}, {'n': 8, 'd': 3, 'count': 8, 'trials': 5, 'feasible': 2, 'infeasible': 3, 'max_K': 56, 'max_rows': 4355, 'max_cols': 828}, {'n': 8, 'd': 3, 'count': 16, 'trials': 5, 'feasible': 0, 'infeasible': 5, 'max_K': 155, 'max_rows': 22829, 'max_cols': 3423}, {'n': 9, 'd': 2, 'count': 9, 'trials': 5, 'feasible': 5, 'infeasible': 0, 'max_K': 36, 'max_rows': 497, 'max_cols': 210}, {'n': 9, 'd': 2, 'count': 18, 'trials': 5, 'feasible': 2, 'infeasible': 3, 'max_K': 65, 'max_rows': 1664, 'max_cols': 453}, {'n': 9, 'd': 3, 'count': 9, 'trials': 5, 'feasible': 1, 'infeasible': 4, 'max_K': 63, 'max_rows': 3735, 'max_cols': 885}, {'n': 9, 'd': 3, 'count': 18, 'trials': 5, 'feasible': 0, 'infeasible': 5, 'max_K': 168, 'max_rows': 21762, 'max_cols': 3348}, {'n': 10, 'd': 2, 'count': 10, 'trials': 5, 'feasible': 5, 'infeasible': 0, 'max_K': 39, 'max_rows': 567, 'max_cols': 219}, {'n': 10, 'd': 2, 'count': 20, 'trials': 5, 'feasible': 1, 'infeasible': 4, 'max_K': 70, 'max_rows': 1912, 'max_cols': 570}, {'n': 10, 'd': 3, 'count': 10, 'trials': 5, 'feasible': 2, 'infeasible': 3, 'max_K': 71, 'max_rows': 3373, 'max_cols': 729}, {'n': 10, 'd': 3, 'count': 20, 'trials': 5, 'feasible': 0, 'infeasible': 5, 'max_K': 162, 'max_rows': 15744, 'max_cols': 2841}]
random disconnected-scope threshold table verified exactly
==== experiments/verify_disconnected_unary_orbit.py
{'cycle_vertices': 11, 'arbitrary_proper_scopes_checked': 500, 'support_per_scope': 3, 'global_unary_support': 3}
==== experiments/verify_finite_claims.py
{'n': 3, 'M': 57, 'd': 1, 'groups_K': 57, 'rows': 57, 'columns': 399, 'witness_weight': 99, 'weight_over_K': 1.736842105263158, 'support_histogram': {3: 21, 1: 36}}
{'n': 4, 'M': 76, 'd': 2, 'groups_K': 904, 'rows': 12496, 'columns': 19276, 'witness_weight': 2088, 'weight_over_K': 2.309734513274336, 'support_histogram': {3: 592, 1: 312}}
selected finite sanity checks passed (MILP statuses are not proof certificates)
==== experiments/verify_finite_difference.py
{'finite_difference_instances': 400, 'k_range': [2, 6], 'degree_range': '0..k-1', 'quadratic_cube_rank_shape': (7, 8)}
==== experiments/verify_high_order_clause.py
{'r_range': [3, 8], 'target_in_legal_span_by_degree': {(3, 0): True, (3, 1): True, (3, 2): True, (3, 3): False, (4, 0): True, (4, 1): True, (4, 2): True, (4, 3): False, (5, 0): True, (5, 1): True, (5, 2): True, (5, 3): False, (6, 0): True, (6, 1): True, (6, 2): True, (6, 3): False, (7, 0): True, (7, 1): True, (7, 2): True, (7, 3): False, (8, 0): True, (8, 1): True, (8, 2): True, (8, 3): False}, 'cubic_mixed_difference': 1, 'interpretation': 'degree3 separates OR violation; unary interface cannot generate it'}
==== experiments/verify_integer_mixed_orbit_3cnf.py
[{'n': 3, 'd': 1, 'clauses': 129, 'vars': 81, 'groups': 129, 'columns': 291, 'shape': (129, 291), 'support': 291, 'squared_norm': 453, 'max_coeff': 3, 'exact': True}, {'n': 4, 'd': 2, 'clauses': 172, 'vars': 108, 'groups': 2724, 'columns': 7636, 'shape': (15188, 7636), 'support': 7636, 'squared_norm': 11092, 'max_coeff': 3, 'exact': True}]
exact-3CNF mixed-orbit integer obstruction finite instances verified
==== experiments/verify_integer_mixed_orbit_cycle.py
[{'n': 4, 'd': 1, 'groups_K': 4, 'shape': (4, 20), 'support': 20, 'squared_norm': 20, 'mass_per_group': 1, 'exact': True}, {'n': 5, 'd': 2, 'groups_K': 10, 'shape': (60, 50), 'support': 50, 'squared_norm': 50, 'mass_per_group': 1, 'exact': True}, {'n': 6, 'd': 3, 'groups_K': 18, 'shape': (138, 90), 'support': 90, 'squared_norm': 90, 'mass_per_group': 1, 'exact': True}, {'n': 8, 'd': 4, 'groups_K': 32, 'shape': (272, 160), 'support': 160, 'squared_norm': 160, 'mass_per_group': 1, 'exact': True}]
mixed 2/3-orbit integer hierarchy obstruction verified exactly
==== experiments/verify_integer_petersen_family.py
[{'copies': 1, 'vertices': 10, 'groups_K': 55, 'pseudo_support': 3565, 'squared_norm': 53365, 'support_over_K': 64.81818181818181, 'squared_norm_over_K': 970.2727272727273}, {'copies': 2, 'vertices': 20, 'groups_K': 210, 'pseudo_support': 16830, 'squared_norm': 154830, 'support_over_K': 80.14285714285714, 'squared_norm_over_K': 737.2857142857143}, {'copies': 3, 'vertices': 30, 'groups_K': 465, 'pseudo_support': 39795, 'squared_norm': 304395, 'support_over_K': 85.58064516129032, 'squared_norm_over_K': 654.6129032258065}, {'copies': 10, 'vertices': 100, 'groups_K': 5050, 'pseudo_support': 472150, 'squared_norm': 2698150, 'support_over_K': 93.4950495049505, 'squared_norm_over_K': 534.2871287128713}, {'copies': 100, 'vertices': 1000, 'groups_K': 500500, 'pseudo_support': 48371500, 'squared_norm': 243431500, 'support_over_K': 96.64635364635365, 'squared_norm_over_K': 486.3766233766234}, {'copies': 10000, 'vertices': 100000, 'groups_K': 5000050000, 'pseudo_support': 484987150000, 'squared_norm': 2405293150000, 'support_over_K': 96.99646003539965, 'squared_norm_over_K': 481.0538194618054}]
integer Petersen family scaling verified exactly
==== experiments/verify_integer_petersen_pair_counterexample.py
{'groups': 55, 'shape': (30550, 3565), 'columns': 3565, 'support': 3565, 'squared_norm': 53365, 'max_coeff': 20, 'count_histogram': {(4, 9): 10, (8, 27): 15, (16, 81): 30}, 'exact': True, 'rhs_sum_mod2': 1, 'rhs_sum_mod3': 1}
integer mixed-characteristic Petersen all-pairs counterexample verified exactly
==== experiments/verify_mod2_marginal_nonintegrality.py
{'alphabet_sizes': '2..7 x 2..7', 'rectangle_kernel_checks': 3136, 'explicit_odd_table_supports': [1, 3], 'consequence': 'unary GF2 marginals never identify a joint table'}
==== experiments/verify_odd_cycle_counterexample.py
{'n': 4, 'M': 76, 'd': 2, 'groups_K': 904, 'rows': 12496, 'columns': 19276, 'witness_weight': 2088, 'weight_over_K': 2.309734513274336, 'support_histogram': {3: 592, 1: 312}}
==== experiments/verify_pairwise_marginal_kernel.py
{'arity_range': [2, 8], 'proper_marginal_kernel_checks': 35, 'statement': 'all 2^k cube vertices vanish under every GF2 marginal of arity < k', 'matrix_shapes': {(2, 0): (1, 4), (2, 1): (5, 4), (3, 0): (1, 8), (3, 1): (7, 8), (3, 2): (19, 8), (4, 0): (1, 16), (4, 1): (9, 16), (4, 2): (33, 16), (4, 3): (65, 16), (5, 0): (1, 32), (5, 1): (11, 32), (5, 2): (51, 32), (5, 3): (131, 32), (5, 4): (211, 32), (6, 0): (1, 64), (6, 1): (13, 64), (6, 2): (73, 64), (6, 3): (233, 64), (6, 4): (473, 64), (6, 5): (665, 64), (7, 0): (1, 128), (7, 1): (15, 128), (7, 2): (99, 128), (7, 3): (379, 128), (7, 4): (939, 128), (7, 5): (1611, 128), (7, 6): (2059, 128), (8, 0): (1, 256), (8, 1): (17, 256), (8, 2): (129, 256), (8, 3): (577, 256), (8, 4): (1697, 256), (8, 5): (3489, 256), (8, 6): (5281, 256), (8, 7): (6305, 256)}}
==== experiments/verify_petersen_family.py
[{'copies': 1, 'vertices': 10, 'edges': 15, 'groups_K': 55, 'pseudo_weight': 2925, 'weight_over_K': 53.18181818181818, 'support_checks': 23925, 'charge_sum_mod3': 1}, {'copies': 2, 'vertices': 20, 'edges': 30, 'groups_K': 210, 'pseudo_weight': 13950, 'weight_over_K': 66.42857142857143, 'support_checks': 371700, 'charge_sum_mod3': 1}, {'copies': 3, 'vertices': 30, 'edges': 45, 'groups_K': 465, 'pseudo_weight': 33075, 'weight_over_K': 71.12903225806451, 'support_checks': 1862325, 'charge_sum_mod3': 1}]
==== experiments/verify_petersen_pair_counterexample.py
{'vertices': 10, 'edges': 15, 'groups': 55, 'shape': (23680, 2925), 'all_ones_weight': 2925, 'group_count_histogram': {9: 10, 27: 15, 81: 30}, 'elimination_solution_weight': 367, 'unsat_rhs_sum_mod3': 1}
Petersen all-pairs counterexample verified exactly
==== experiments/verify_phase_clause_gadget.py
{'q': 2, 'trials': 200, 'outcome_histogram': {(3, 0): 117, (3, 4): 81, (3, 6): 2}, 'best_score': (3, 6), 'best_eval': {'rank_states': 256, 'infeasible_targets': 6, 'minimum_trade': 3, 'maximum_trade': 3, 'histogram': {3: 2}}, 'best_alpha': {(0, 0, 0): (0, 0, 0), (0, 0, 1): (1, 0, 0), (0, 1, 0): (0, 1, 0), (0, 1, 1): (0, 1, 1), (1, 0, 0): (0, 1, 0), (1, 0, 1): (1, 0, 0), (1, 1, 0): (0, 1, 0), (1, 1, 1): (1, 0, 0)}}
{'q': 3, 'trials': 100, 'outcome_histogram': {(3, 0): 89, (3, 21): 4, (3, 18): 7}, 'best_score': (3, 21), 'best_eval': {'rank_states': 16384, 'infeasible_targets': 21, 'minimum_trade': 3, 'maximum_trade': 3, 'histogram': {3: 6}}, 'best_alpha': {(0, 0, 0): (0, 1, 0), (0, 0, 1): (1, 0, 1), (0, 1, 0): (0, 0, 0), (0, 1, 1): (2, 2, 1), (1, 0, 0): (0, 1, 2), (1, 0, 1): (1, 2, 2), (1, 1, 0): (0, 2, 0), (1, 1, 1): (0, 0, 2)}}
{'q': 4, 'trials': 30, 'outcome_histogram': {(3, 48): 3, None: 27}, 'best_score': (3, 48), 'best_eval': {'rank_states': 1048576, 'infeasible_targets': 48, 'minimum_trade': 3, 'maximum_trade': 5, 'histogram': {3: 8, 5: 8}}, 'best_alpha': {(0, 0, 0): (2, 0, 3), (0, 0, 1): (3, 2, 2), (0, 1, 0): (3, 3, 0), (0, 1, 1): (3, 0, 0), (1, 0, 0): (0, 2, 3), (1, 0, 1): (0, 2, 3), (1, 1, 0): (1, 1, 2), (1, 1, 1): (3, 1, 0)}}
phase-gadget finite claims verified by exact GF(2) dynamic programming
==== experiments/verify_phase_cocycle.py
{'random_coboundaries_recovered': 400, 'single_edge_cycle_perturbations_detected': 239, 'support_three_gauge_checks': 3}
==== experiments/verify_phase_lift_completeness.py
{'random_completeness': {2: '23/30', 3: '14/30'}, 'coboundary_gauge_checks': 238}
==== experiments/verify_phase_trade_mitm.py
{'q': 4, 'trials': 500, 'shortest_odd_trade_histogram': {None: 354, 3: 91, 5: 55}, 'has_no_trade_upto5': True, 'example_no_trade_upto5': {(0, 0, 0): (1, 1, 1), (0, 0, 1): (0, 0, 0), (0, 1, 0): (1, 1, 2), (0, 1, 1): (1, 0, 2), (1, 0, 0): (0, 1, 0), (1, 0, 1): (1, 3, 3), (1, 1, 0): (3, 1, 2), (1, 1, 1): (3, 2, 1)}}
{'q': 8, 'trials': 500, 'shortest_odd_trade_histogram': {None: 481, 3: 11, 5: 8}, 'has_no_trade_upto5': True, 'example_no_trade_upto5': {(0, 0, 0): (2, 2, 2), (0, 0, 1): (1, 1, 0), (0, 1, 0): (3, 2, 5), (0, 1, 1): (2, 0, 5), (1, 0, 0): (1, 3, 0), (1, 0, 1): (3, 6, 6), (1, 1, 0): (6, 3, 4), (1, 1, 1): (7, 5, 3)}}
{'q': 16, 'trials': 300, 'shortest_odd_trade_histogram': {None: 300}, 'has_no_trade_upto5': True, 'example_no_trade_upto5': {(0, 0, 0): (10, 1, 3), (0, 0, 1): (7, 11, 11), (0, 1, 0): (15, 3, 7), (0, 1, 1): (1, 8, 8), (1, 0, 0): (4, 2, 0), (1, 0, 1): (11, 12, 13), (1, 1, 0): (6, 9, 15), (1, 1, 1): (3, 11, 15)}}
phase MITM finite claims verified
==== experiments/verify_phase_unique_sat.py
{'q': 2, 'trials': 1000, 'satisfying_assignments': [(0, 0, 0)], 'lifts': 0, 'empirical_probability': 0.0}
{'q': 3, 'trials': 1000, 'satisfying_assignments': [(0, 0, 0)], 'lifts': 0, 'empirical_probability': 0.0}
{'q': 5, 'trials': 1000, 'satisfying_assignments': [(0, 0, 0)], 'lifts': 0, 'empirical_probability': 0.0}
unique-SAT random-phase failures verified; exact lift probability is q^-12
==== experiments/verify_pointed_tensor.py
{'random_codes_checked': 66, 'powers_through': 3}
==== experiments/verify_polynomial_slack_extrapolation.py
{'degrees': '1..7', 'checks': 700, 'largest_l1_coefficient_sum': 255, 'formula': 'p(0)=sum_{c=1}^{d+1} (-1)^(c+1) binom(d+1,c) p(c)'}
==== experiments/verify_pure_power_span.py
{'canonical': {1: {'rank': 2, 'delta': 2, 'expected_full': 2, 'length': 3}, 2: {'rank': 3, 'delta': 4, 'expected_full': 4, 'length': 9}, 3: {'rank': 3, 'delta': 8, 'expected_full': 8, 'length': 27}, 4: {'rank': 3, 'delta': 16, 'expected_full': 16, 'length': 81}}, 'canonical_symmetric': {1: {'length': 3, 'rank': 2, 'delta': 2}, 2: {'length': 6, 'rank': 3, 'delta': 3}, 3: {'length': 10, 'rank': 3, 'delta': 4}, 4: {'length': 15, 'rank': 3, 'delta': 5}, 5: {'length': 21, 'rank': 3, 'delta': 6}}, 'random_records': 50, 'nonmultiplicative_records': 0, 'symmetric_lower_bound_failures': 0, 'first_failures': []}
pure-power finite claims verified by exact GF(2) enumeration
==== experiments/verify_random_scope_3sat.py
{'family': 'all8', 'clauses': 8, 'd': 3, 'count': 8, 'trials': 20, 'exact_feasible': 0, 'exact_infeasible': 20, 'max_groups': 16, 'max_rows': 976, 'max_columns': 96, 'max_group_views': 7}
{'family': 'xor5', 'clauses': 10, 'd': 3, 'count': 10, 'trials': 20, 'exact_feasible': 0, 'exact_infeasible': 20, 'max_groups': 20, 'max_rows': 1368, 'max_columns': 141, 'max_group_views': 15}
{'family': 'k4', 'clauses': 16, 'd': 2, 'count': 12, 'trials': 10, 'exact_feasible': 0, 'exact_infeasible': 10, 'max_groups': 28, 'max_rows': 2612, 'max_columns': 385, 'max_group_views': 25}
random-scope 3SAT finite table verified by exact GF(2) elimination
==== experiments/verify_random_scope_coverage_stats.py
{12: {'avg_min_edge_coverage': 2.6, 'avg_uncovered_adjacent_pairs': 3.89, 'prob_all_adjacent_pairs_covered': 0.01, 'avg_total_adjacent_pair_hits': 13.01}, 24: {'avg_min_edge_coverage': 1.89, 'avg_uncovered_adjacent_pairs': 14.26, 'prob_all_adjacent_pairs_covered': 0.0, 'avg_total_adjacent_pair_hits': 12.59}, 30: {'avg_min_edge_coverage': 1.68, 'avg_uncovered_adjacent_pairs': 19.24, 'prob_all_adjacent_pairs_covered': 0.0, 'avg_total_adjacent_pair_hits': 13.15}, 60: {'avg_min_edge_coverage': 1.31, 'avg_uncovered_adjacent_pairs': 48.61, 'prob_all_adjacent_pairs_covered': 0.0, 'avg_total_adjacent_pair_hits': 12.65}, 100: {'avg_min_edge_coverage': 0.91, 'avg_uncovered_adjacent_pairs': 88.51, 'prob_all_adjacent_pairs_covered': 0.0, 'avg_total_adjacent_pair_hits': 12.12}}
random-scope coverage statistics verified
==== experiments/verify_random_scope_edge_full.py
[{'n': 8, 'd': 3, 'count': 16, 'trials': 3, 'feasible': 0, 'infeasible': 3, 'max_rows': 8217, 'max_cols': 252, 'groups': 24, 'max_views': 27}, {'n': 12, 'd': 3, 'count': 24, 'trials': 3, 'feasible': 0, 'infeasible': 3, 'max_rows': 9315, 'max_cols': 498, 'groups': 36, 'max_views': 27}, {'n': 16, 'd': 3, 'count': 32, 'trials': 3, 'feasible': 1, 'infeasible': 2, 'max_rows': 10551, 'max_cols': 678, 'groups': 48, 'max_views': 27}, {'n': 20, 'd': 3, 'count': 40, 'trials': 3, 'feasible': 0, 'infeasible': 3, 'max_rows': 12051, 'max_cols': 894, 'groups': 60, 'max_views': 27}, {'n': 24, 'd': 3, 'count': 48, 'trials': 3, 'feasible': 3, 'infeasible': 0, 'max_rows': 14487, 'max_cols': 1278, 'groups': 72, 'max_views': 27}, {'n': 30, 'd': 3, 'count': 60, 'trials': 3, 'feasible': 3, 'infeasible': 0, 'max_rows': 16941, 'max_cols': 1506, 'groups': 90, 'max_views': 27}]
long-cycle random-scope claims verified by exact GF(2) elimination
==== experiments/verify_random_scope_edge_scaling.py
[{'n': 64, 'd': 3, 'required_scopes_union_bound': 5586, 'views_upper_per_scope': 729, 'column_upper': 4072194, 'log_n_column_upper': 3.659562477101148}, {'n': 64, 'd': 6, 'required_scopes_union_bound': 1114, 'views_upper_per_scope': 531441, 'column_upper': 592025274, 'log_n_column_upper': 4.856847254332318}, {'n': 64, 'd': 8, 'required_scopes_union_bound': 595, 'views_upper_per_scope': 43046721, 'column_upper': 25612798995, 'log_n_column_upper': 5.762690978288967}, {'n': 256, 'd': 3, 'required_scopes_union_bound': 120658, 'views_upper_per_scope': 729, 'column_upper': 87959682, 'log_n_column_upper': 3.298792381581117}, {'n': 256, 'd': 8, 'required_scopes_union_bound': 12923, 'views_upper_per_scope': 43046721, 'column_upper': 556292775483, 'log_n_column_upper': 4.877131676667777}, {'n': 256, 'd': 16, 'required_scopes_union_bound': 3012, 'views_upper_per_scope': 1853020188851841, 'column_upper': 5581296808821745092, 'log_n_column_upper': 7.784413259718616}, {'n': 1024, 'd': 3, 'required_scopes_union_bound': 2420353, 'views_upper_per_scope': 729, 'column_upper': 1764437337, 'log_n_column_upper': 3.0716561048510447}, {'n': 1024, 'd': 10, 'required_scopes_union_bound': 161351, 'views_upper_per_scope': 3486784401, 'column_upper': 562596149885751, 'log_n_column_upper': 4.899909300805802}, {'n': 1024, 'd': 32, 'required_scopes_union_bound': 14633, 'views_upper_per_scope': 3433683820292512484657849089281, 'column_upper': 50245095342340335187998305723448873, 'log_n_column_upper': 11.527453800115584}, {'n': 4096, 'd': 3, 'required_scopes_union_bound': 46504956, 'views_upper_per_scope': 729, 'column_upper': 33902112924, 'log_n_column_upper': 2.9150546783278215}, {'n': 4096, 'd': 12, 'required_scopes_union_bound': 2113854, 'views_upper_per_scope': 282429536481, 'column_upper': 597014805408507774, 'log_n_column_upper': 4.920878693542155}, {'n': 4096, 'd': 64, 'required_scopes_union_bound': 69196, 'views_upper_per_scope': 11790184577738583171520872861412518665678211592275841109096961, 'column_upper': 815833612041199001136558318518300641590269529339119101385073313356, 'log_n_column_upper': 18.24613342621102}]
random-scope coverage/output arithmetic verified
==== experiments/verify_random_scope_padded_cycle.py
[{'n': 3, 'clauses': 57, 'scope_clauses_d': 2, 'random_scope_multiplier': 1, 'groups': 114, 'shape': (14572, 2605), 'exact_feasible': True, 'one_solution_weight': 352}, {'n': 3, 'clauses': 57, 'scope_clauses_d': 3, 'random_scope_multiplier': 1, 'groups': 114, 'shape': (27920, 9572), 'exact_feasible': False, 'one_solution_weight': None}, {'n': 4, 'clauses': 76, 'scope_clauses_d': 2, 'random_scope_multiplier': 1, 'groups': 152, 'shape': (19428, 3672), 'exact_feasible': True, 'one_solution_weight': 418}, {'n': 4, 'clauses': 76, 'scope_clauses_d': 3, 'random_scope_multiplier': 1, 'groups': 152, 'shape': (41140, 16367), 'exact_feasible': True, 'one_solution_weight': 894}, {'n': 4, 'clauses': 76, 'scope_clauses_d': 3, 'random_scope_multiplier': 2, 'groups': 228, 'shape': (122316, 30843), 'exact_feasible': False, 'one_solution_weight': None}, {'n': 4, 'clauses': 76, 'scope_clauses_d': 4, 'random_scope_multiplier': 1, 'groups': 152, 'shape': (89870, 69703), 'exact_feasible': False, 'one_solution_weight': None}, {'n': 5, 'clauses': 95, 'scope_clauses_d': 3, 'random_scope_multiplier': 1, 'groups': 190, 'shape': (47232, 21573), 'exact_feasible': True, 'one_solution_weight': 962}]
padded-cycle random-scope claims verified by exact GF(2) elimination
==== experiments/verify_sampled_tensor_obstruction.py
{'mixed_tensor_min': 2, 'sample_lists_checked': 20}
==== experiments/verify_scaled_integer_cvp.py
[{'D': 0, 'nvars': 3, 'clauses': 8, 'scale_M': 1000000, 'yes_baseline_squared': 5.5, 'cheat_squared': 7.5, 'distance_ratio_upper_bound': 1.1677484162422844, 'violated_clauses': 1}, {'D': 1, 'nvars': 6, 'clauses': 9, 'scale_M': 1000000, 'yes_baseline_squared': 7.5, 'cheat_squared': 9.5, 'distance_ratio_upper_bound': 1.1254628677422756, 'violated_clauses': 1}, {'D': 10, 'nvars': 33, 'clauses': 18, 'scale_M': 1000000, 'yes_baseline_squared': 25.5, 'cheat_squared': 27.5, 'distance_ratio_upper_bound': 1.0384755040678715, 'violated_clauses': 1}, {'D': 100, 'nvars': 303, 'clauses': 108, 'scale_M': 1000000, 'yes_baseline_squared': 205.5, 'cheat_squared': 207.5, 'distance_ratio_upper_bound': 1.0048543974613056, 'violated_clauses': 1}, {'D': 1000, 'nvars': 3003, 'clauses': 1008, 'scale_M': 1000000, 'yes_baseline_squared': 2005.5, 'cheat_squared': 2007.5, 'distance_ratio_upper_bound': 1.000498504517503, 'violated_clauses': 1}]
scaled integer CVP finite claims verified by exact residual evaluation
==== experiments/verify_scope_cycle_coverage.py
{'checks': 16, 'statement': 'a scope of d<n cycle edges never contains the whole n-edge obstruction', 'consequence': 'proper-scope odd orbit survives unless higher-order overlap closure reconstructs global information'}
==== experiments/verify_seed_phase_dichotomy.py
{'seed_families': 400, 'seeds_per_family': 8, 'all_nontrivial_families_rejecting_realized_graph': 336, 'families_with_inserted_coboundary_seed': 400, 'gauge_trade_checks': 400}
==== experiments/verify_slack_extrapolation.py
{'integer_linear_slack_extrapolations': 1500, 'row_sizes': [1, 2, 5, 9], 'column_sizes': [1, 3, 7], 'identity': 'w_false=2*w_count1-w_count2'}
==== experiments/verify_systematic_generator_gap.py
{'systematic_random_codes': 200, 'target_single_feature_corruption_distances': {1: 200}, 'diagnosis': 'systematic assignment coefficients do not make nonlinear features; target remains one bit from its generating codeword'}
==== experiments/verify_truth_table_marginal_integer.py
[{'assignment': (0, 0, 0), 'shape': (59, 62), 'support': 13, 'l1': 13, 'squared_norm': 13, 'exact': True}, {'assignment': (0, 0, 1), 'shape': (59, 62), 'support': 13, 'l1': 13, 'squared_norm': 13, 'exact': True}, {'assignment': (0, 1, 0), 'shape': (59, 62), 'support': 13, 'l1': 13, 'squared_norm': 13, 'exact': True}, {'assignment': (0, 1, 1), 'shape': (59, 62), 'support': 13, 'l1': 13, 'squared_norm': 13, 'exact': True}, {'assignment': (1, 0, 0), 'shape': (59, 62), 'support': 13, 'l1': 13, 'squared_norm': 13, 'exact': True}, {'assignment': (1, 0, 1), 'shape': (59, 62), 'support': 13, 'l1': 13, 'squared_norm': 13, 'exact': True}, {'assignment': (1, 1, 0), 'shape': (59, 62), 'support': 13, 'l1': 13, 'squared_norm': 13, 'exact': True}, {'assignment': (1, 1, 1), 'shape': (59, 62), 'support': 13, 'l1': 13, 'squared_norm': 13, 'exact': True}]
integer full-truth-table marginal faults verified exactly
==== experiments/verify_univariate_global_moments.py
{'q': 8, 'columns': 56, 'records': [{'degree': 0, 'shape': (8, 56), 'support': 8, 'l1': 8, 'squared_norm': 8, 'max_coeff': 1}, {'degree': 1, 'shape': (15, 56), 'support': 9, 'l1': 10, 'squared_norm': 12, 'max_coeff': 2}, {'degree': 2, 'shape': (22, 56), 'support': 10, 'l1': 14, 'squared_norm': 26, 'max_coeff': 3}, {'degree': 3, 'shape': (29, 56), 'support': 11, 'l1': 22, 'squared_norm': 76, 'max_coeff': 6}, {'degree': 4, 'shape': (36, 56), 'support': 12, 'l1': 38, 'squared_norm': 258, 'max_coeff': 10}, {'degree': 5, 'shape': (43, 56), 'support': 13, 'l1': 70, 'squared_norm': 930, 'max_coeff': 20}, {'degree': 6, 'shape': (50, 56), 'support': 14, 'l1': 134, 'squared_norm': 3438, 'max_coeff': 35}], 'full_degree_shape': (57, 56), 'full_rank': 56, 'augmented_rank': 57, 'full_infeasible': True}
univariate global-moment obstruction verified exactly
==== experiments/verify_walsh_global_moments.py
{'n': 3, 'q': 8, 'columns': 56, 'proper_integer_checks': 56, 'binary_full_checks': 8, 'witness_cost': 14, 'full_integer_shape': (57, 56), 'full_rank': 56, 'augmented_rank': 57, 'full_integer_infeasible': True}
global Walsh-moment obstruction verified exactly
