3 a (False, 2, (1, (1, 1), (1, 1), (1, 2)))
3 b (True, 3, None)
3 fixed (False, 4, (3, (1, 1), (1, 1), (1, 2)))
3 disc (False, 3, ((1, False), (1, 1), (1, 1), (1, 2)))
3 ratio (False, 4, (3, (1, 1), (1, 1), (1, 2)))
3 orbitpair (False, 3, (1, (1, 1), (1, 1), (1, 2)))
5 a (False, 4, (1, (1, 1), (1, 1), (1, 2)))
5 b (False, 5, (0, (2, 0), (2, 0), (4, 0)))
5 fixed (False, 6, (5, (1, 1), (1, 1), (1, 2)))
5 disc (False, 7, ((1, False), (1, 1), (1, 1), (1, 2)))
5 ratio (False, 6, (5, (1, 1), (1, 1), (1, 2)))
5 orbitpair (False, 5, (1, (1, 1), (3, 1), (3, 2)))
7 a (False, 6, (1, (1, 1), (1, 1), (1, 2)))
7 b (False, 7, (0, (2, 0), (2, 0), (4, 0)))
7 fixed (False, 8, (7, (1, 1), (1, 1), (1, 2)))
7 disc (False, 11, ((1, False), (1, 1), (1, 1), (1, 2)))
7 ratio (False, 8, (7, (1, 1), (1, 1), (1, 2)))
7 orbitpair (False, 7, (1, (1, 1), (5, 1), (5, 2)))
11 a (False, 10, (1, (1, 1), (1, 1), (1, 2)))
11 b (False, 11, (0, (2, 0), (2, 0), (4, 0)))
11 fixed (False, 12, (11, (1, 1), (1, 1), (1, 2)))
11 disc (False, 19, ((1, False), (1, 1), (1, 1), (1, 2)))
11 ratio (False, 12, (11, (1, 1), (1, 1), (1, 2)))
11 orbitpair (False, 11, (1, (1, 1), (9, 1), (9, 2)))
13 a (False, 12, (1, (1, 1), (1, 1), (1, 2)))
13 b (False, 13, (0, (2, 0), (2, 0), (4, 0)))
13 fixed (False, 14, (13, (1, 1), (1, 1), (1, 2)))
13 disc (False, 23, ((1, False), (1, 1), (1, 1), (1, 2)))
13 ratio (False, 14, (13, (1, 1), (1, 1), (1, 2)))
13 orbitpair (False, 13, (1, (1, 1), (11, 1), (11, 2)))
17 a (False, 16, (1, (1, 1), (1, 1), (1, 2)))
17 b (False, 17, (0, (2, 0), (2, 0), (4, 0)))
17 fixed (False, 18, (17, (1, 1), (1, 1), (1, 2)))
17 disc (False, 31, ((1, False), (1, 1), (1, 1), (1, 2)))
17 ratio (False, 18, (17, (1, 1), (1, 1), (1, 2)))
17 orbitpair (False, 17, (1, (1, 1), (15, 1), (15, 2)))
19 a (False, 18, (1, (1, 1), (1, 1), (1, 2)))
19 b (False, 19, (0, (2, 0), (2, 0), (4, 0)))
19 fixed (False, 20, (19, (1, 1), (1, 1), (1, 2)))
19 disc (False, 35, ((1, False), (1, 1), (1, 1), (1, 2)))
19 ratio (False, 20, (19, (1, 1), (1, 1), (1, 2)))
19 orbitpair (False, 19, (1, (1, 1), (17, 1), (17, 2)))
23 a (False, 22, (1, (1, 1), (1, 1), (1, 2)))
23 b (False, 23, (0, (2, 0), (2, 0), (4, 0)))
23 fixed (False, 24, (23, (1, 1), (1, 1), (1, 2)))
23 disc (False, 43, ((1, False), (1, 1), (1, 1), (1, 2)))
23 ratio (False, 24, (23, (1, 1), (1, 1), (1, 2)))
23 orbitpair (False, 23, (1, (1, 1), (21, 1), (21, 2)))
29 a (False, 28, (1, (1, 1), (1, 1), (1, 2)))
29 b (False, 29, (0, (2, 0), (2, 0), (4, 0)))
29 fixed (False, 30, (29, (1, 1), (1, 1), (1, 2)))
29 disc (False, 55, ((1, False), (1, 1), (1, 1), (1, 2)))
29 ratio (False, 30, (29, (1, 1), (1, 1), (1, 2)))
29 orbitpair (False, 29, (1, (1, 1), (27, 1), (27, 2)))
31 a (False, 30, (1, (1, 1), (1, 1), (1, 2)))
31 b (False, 31, (0, (2, 0), (2, 0), (4, 0)))
31 fixed (False, 32, (31, (1, 1), (1, 1), (1, 2)))
31 disc (False, 59, ((1, False), (1, 1), (1, 1), (1, 2)))
31 ratio (False, 32, (31, (1, 1), (1, 1), (1, 2)))
31 orbitpair (False, 31, (1, (1, 1), (29, 1), (29, 2)))
