best 3528 restart 0 step 0
best 3519 restart 0 step 1
best 3516 restart 0 step 2
best 3514 restart 0 step 3
best 3510 restart 0 step 5
best 3503 restart 0 step 6
best 3497 restart 0 step 8
best 3488 restart 0 step 9
best 3482 restart 0 step 11
best 3478 restart 0 step 12
best 3474 restart 0 step 15
best 3471 restart 0 step 16
best 3462 restart 0 step 17
best 3455 restart 0 step 18
best 3454 restart 0 step 19
best 3451 restart 0 step 21
best 3446 restart 0 step 23
best 3440 restart 0 step 26
best 3439 restart 0 step 27
best 3436 restart 0 step 29
best 3428 restart 0 step 31
best 3423 restart 0 step 32
best 3416 restart 0 step 33
best 3412 restart 0 step 34
best 3408 restart 0 step 35
best 3406 restart 0 step 36
best 3402 restart 0 step 38
best 3394 restart 0 step 39
best 3392 restart 0 step 40
best 3388 restart 0 step 41
best 3385 restart 0 step 42
best 3379 restart 0 step 43
best 3374 restart 0 step 44
best 3369 restart 0 step 45
best 3365 restart 0 step 48
best 3362 restart 0 step 50
best 3360 restart 0 step 51
best 3358 restart 0 step 52
best 3354 restart 0 step 54
best 3350 restart 0 step 57
best 3346 restart 0 step 58
best 3342 restart 0 step 59
best 3338 restart 0 step 60
best 3335 restart 0 step 62
best 3325 restart 0 step 64
best 3320 restart 0 step 66
best 3311 restart 0 step 67
best 3305 restart 0 step 69
best 3299 restart 0 step 70
best 3298 restart 0 step 71
best 3291 restart 0 step 72
best 3283 restart 0 step 73
best 3271 restart 0 step 75
best 3269 restart 0 step 76
best 3264 restart 0 step 77
best 3255 restart 0 step 78
best 3251 restart 0 step 79
best 3245 restart 0 step 80
best 3241 restart 0 step 81
best 3234 restart 0 step 82
best 3230 restart 0 step 83
best 3227 restart 0 step 84
best 3219 restart 0 step 85
best 3215 restart 0 step 86
best 3209 restart 0 step 87
best 3203 restart 0 step 88
best 3197 restart 0 step 89
best 3194 restart 0 step 90
best 3192 restart 0 step 91
best 3189 restart 0 step 92
best 3179 restart 0 step 93
best 3178 restart 0 step 95
best 3176 restart 0 step 96
best 3173 restart 0 step 97
best 3164 restart 0 step 98
best 3163 restart 0 step 99
best 3162 restart 0 step 101
best 3161 restart 0 step 102
best 3160 restart 0 step 103
best 3156 restart 0 step 104
best 3154 restart 0 step 106
best 3149 restart 0 step 107
best 3143 restart 0 step 108
best 3136 restart 0 step 110
best 3134 restart 0 step 111
best 3133 restart 0 step 112
best 3129 restart 0 step 113
best 3126 restart 0 step 115
best 3122 restart 0 step 116
best 3117 restart 0 step 117
best 3109 restart 0 step 118
best 3103 restart 0 step 119
best 3099 restart 0 step 120
best 3096 restart 0 step 121
best 3094 restart 0 step 122
best 3093 restart 0 step 123
best 3091 restart 0 step 124
best 3083 restart 0 step 125
best 3076 restart 0 step 127
best 3074 restart 0 step 128
best 3068 restart 0 step 129
best 3062 restart 0 step 130
best 3055 restart 0 step 131
best 3051 restart 0 step 132
best 3050 restart 0 step 133
best 3042 restart 0 step 134
best 3037 restart 0 step 135
best 3034 restart 0 step 136
best 3030 restart 0 step 137
best 3018 restart 0 step 140
best 3017 restart 0 step 141
best 3013 restart 0 step 142
best 3008 restart 0 step 143
best 3005 restart 0 step 144
best 3004 restart 0 step 145
best 2997 restart 0 step 146
best 2989 restart 0 step 148
best 2987 restart 0 step 151
best 2984 restart 0 step 152
best 2982 restart 0 step 153
best 2975 restart 0 step 154
best 2969 restart 0 step 155
best 2963 restart 0 step 156
best 2959 restart 0 step 158
best 2952 restart 0 step 159
best 2948 restart 0 step 160
best 2941 restart 0 step 162
best 2938 restart 0 step 163
best 2931 restart 0 step 164
best 2927 restart 0 step 167
best 2919 restart 0 step 168
best 2916 restart 0 step 169
best 2915 restart 0 step 170
best 2913 restart 0 step 174
best 2910 restart 0 step 175
best 2904 restart 0 step 176
best 2903 restart 0 step 177
best 2901 restart 0 step 178
best 2900 restart 0 step 179
best 2899 restart 0 step 180
best 2893 restart 0 step 181
best 2891 restart 0 step 182
best 2885 restart 0 step 185
best 2877 restart 0 step 186
best 2874 restart 0 step 187
best 2871 restart 0 step 188
best 2868 restart 0 step 189
best 2865 restart 0 step 191
best 2863 restart 0 step 192
best 2855 restart 0 step 193
best 2850 restart 0 step 194
best 2842 restart 0 step 195
best 2838 restart 0 step 196
best 2834 restart 0 step 199
best 2831 restart 0 step 200
best 2826 restart 0 step 202
best 2823 restart 0 step 204
best 2814 restart 0 step 206
best 2812 restart 0 step 207
best 2809 restart 0 step 208
best 2807 restart 0 step 209
best 2800 restart 0 step 210
best 2792 restart 0 step 211
best 2784 restart 0 step 212
best 2782 restart 0 step 213
best 2781 restart 0 step 214
best 2778 restart 0 step 215
best 2774 restart 0 step 216
best 2773 restart 0 step 217
best 2766 restart 0 step 218
best 2763 restart 0 step 219
best 2757 restart 0 step 222
best 2750 restart 0 step 223
best 2749 restart 0 step 225
best 2746 restart 0 step 226
best 2745 restart 0 step 230
best 2741 restart 0 step 231
best 2737 restart 0 step 232
best 2735 restart 0 step 238
best 2732 restart 0 step 239
best 2728 restart 0 step 241
best 2721 restart 0 step 243
best 2718 restart 0 step 244
best 2709 restart 0 step 245
best 2706 restart 0 step 246
best 2703 restart 0 step 247
best 2699 restart 0 step 248
best 2694 restart 0 step 249
best 2687 restart 0 step 251
best 2680 restart 0 step 253
best 2679 restart 0 step 254
best 2673 restart 0 step 258
best 2669 restart 0 step 262
best 2666 restart 0 step 266
best 2656 restart 0 step 268
best 2655 restart 0 step 269
best 2654 restart 0 step 270
best 2651 restart 0 step 271
best 2650 restart 0 step 273
best 2644 restart 0 step 274
best 2643 restart 0 step 275
best 2641 restart 0 step 277
best 2638 restart 0 step 278
best 2636 restart 0 step 281
best 2632 restart 0 step 284
best 2631 restart 0 step 286
best 2626 restart 0 step 287
best 2623 restart 0 step 288
best 2622 restart 0 step 289
best 2619 restart 0 step 290
best 2613 restart 0 step 293
best 2611 restart 0 step 294
best 2609 restart 0 step 296
best 2606 restart 0 step 297
best 2604 restart 0 step 298
best 2603 restart 0 step 299
best 2599 restart 0 step 300
best 2597 restart 0 step 301
best 2592 restart 0 step 302
best 2590 restart 0 step 303
best 2583 restart 0 step 304
best 2577 restart 0 step 305
best 2574 restart 0 step 306
best 2572 restart 0 step 307
best 2568 restart 0 step 308
best 2567 restart 0 step 309
best 2564 restart 0 step 313
best 2557 restart 0 step 314
best 2553 restart 0 step 315
best 2550 restart 0 step 317
best 2541 restart 0 step 318
best 2539 restart 0 step 319
best 2537 restart 0 step 320
best 2535 restart 0 step 323
best 2533 restart 0 step 324
best 2529 restart 0 step 325
best 2527 restart 0 step 328
best 2524 restart 0 step 329
best 2520 restart 0 step 331
best 2519 restart 0 step 334
best 2517 restart 0 step 339
best 2515 restart 0 step 341
best 2514 restart 0 step 342
best 2510 restart 0 step 345
best 2505 restart 0 step 346
best 2502 restart 0 step 347
best 2501 restart 0 step 351
best 2494 restart 0 step 354
best 2491 restart 0 step 356
best 2487 restart 0 step 357
best 2486 restart 0 step 358
best 2481 restart 0 step 361
best 2477 restart 0 step 362
best 2473 restart 0 step 363
best 2472 restart 0 step 364
best 2471 restart 0 step 365
best 2465 restart 0 step 367
best 2464 restart 0 step 369
best 2463 restart 0 step 370
best 2461 restart 0 step 371
best 2459 restart 0 step 372
best 2450 restart 0 step 373
best 2449 restart 0 step 376
best 2441 restart 0 step 379
best 2435 restart 0 step 380
best 2432 restart 0 step 382
best 2428 restart 0 step 384
best 2423 restart 0 step 388
best 2421 restart 0 step 389
best 2420 restart 0 step 394
best 2419 restart 0 step 396
best 2415 restart 0 step 397
best 2411 restart 0 step 399
best 2402 restart 0 step 400
best 2399 restart 0 step 403
best 2397 restart 0 step 404
best 2394 restart 0 step 409
best 2392 restart 0 step 410
best 2391 restart 0 step 418
best 2389 restart 0 step 420
best 2388 restart 0 step 422
best 2384 restart 0 step 424
best 2380 restart 0 step 425
best 2374 restart 0 step 427
best 2373 restart 0 step 436
best 2366 restart 0 step 438
best 2359 restart 0 step 440
best 2357 restart 0 step 441
best 2355 restart 0 step 446
best 2353 restart 0 step 447
best 2350 restart 0 step 450
best 2345 restart 0 step 451
best 2341 restart 0 step 452
best 2339 restart 0 step 453
best 2335 restart 0 step 454
best 2332 restart 0 step 456
best 2324 restart 0 step 458
best 2323 restart 0 step 460
best 2322 restart 0 step 461
best 2320 restart 0 step 462
best 2315 restart 0 step 465
best 2313 restart 0 step 468
best 2306 restart 0 step 469
best 2303 restart 0 step 470
best 2302 restart 0 step 472
best 2296 restart 0 step 474
best 2293 restart 0 step 476
best 2291 restart 0 step 477
best 2288 restart 0 step 478
best 2281 restart 0 step 481
best 2278 restart 0 step 482
best 2272 restart 0 step 484
best 2270 restart 0 step 493
best 2266 restart 0 step 496
best 2262 restart 0 step 497
best 2258 restart 0 step 498
best 2256 restart 0 step 508
best 2251 restart 0 step 510
best 2249 restart 0 step 514
best 2245 restart 0 step 517
best 2242 restart 0 step 518
best 2241 restart 0 step 520
best 2238 restart 0 step 522
best 2235 restart 0 step 525
best 2232 restart 0 step 528
best 2225 restart 0 step 529
best 2224 restart 0 step 532
best 2223 restart 0 step 533
best 2218 restart 0 step 534
best 2214 restart 0 step 535
best 2206 restart 0 step 536
best 2200 restart 0 step 540
best 2194 restart 0 step 541
best 2189 restart 0 step 543
best 2182 restart 0 step 544
best 2181 restart 0 step 546
best 2179 restart 0 step 548
best 2178 restart 0 step 550
best 2171 restart 0 step 553
best 2167 restart 0 step 558
best 2164 restart 0 step 559
best 2158 restart 0 step 560
best 2155 restart 0 step 561
best 2150 restart 0 step 563
best 2149 restart 0 step 564
best 2146 restart 0 step 568
best 2141 restart 0 step 569
best 2136 restart 0 step 572
best 2133 restart 0 step 575
best 2132 restart 0 step 576
best 2130 restart 0 step 577
best 2128 restart 0 step 580
best 2123 restart 0 step 581
best 2120 restart 0 step 584
best 2119 restart 0 step 586
best 2115 restart 0 step 592
best 2106 restart 0 step 593
best 2102 restart 0 step 595
best 2098 restart 0 step 596
best 2097 restart 0 step 600
best 2093 restart 0 step 603
best 2090 restart 0 step 604
best 2087 restart 0 step 607
best 2083 restart 0 step 608
best 2082 restart 0 step 609
best 2079 restart 0 step 614
best 2067 restart 0 step 616
best 2065 restart 0 step 617
best 2063 restart 0 step 622
best 2059 restart 0 step 624
best 2058 restart 0 step 625
best 2056 restart 0 step 630
best 2055 restart 0 step 633
best 2054 restart 0 step 638
best 2048 restart 0 step 642
best 2047 restart 0 step 643
best 2043 restart 0 step 647
best 2041 restart 0 step 651
best 2040 restart 0 step 661
best 2035 restart 0 step 662
best 2027 restart 0 step 665
best 2024 restart 0 step 666
best 2020 restart 0 step 672
best 2018 restart 0 step 677
best 2009 restart 0 step 679
best 2004 restart 0 step 680
best 1996 restart 0 step 682
best 1995 restart 0 step 684
best 1994 restart 0 step 685
best 1993 restart 0 step 687
best 1992 restart 0 step 693
best 1977 restart 0 step 694
best 1976 restart 0 step 695
best 1975 restart 0 step 698
best 1974 restart 0 step 701
best 1971 restart 0 step 706
best 1967 restart 0 step 707
best 1965 restart 0 step 709
best 1958 restart 0 step 711
best 1956 restart 0 step 713
best 1952 restart 0 step 715
best 1951 restart 0 step 716
best 1944 restart 0 step 717
best 1943 restart 0 step 720
best 1941 restart 0 step 721
best 1938 restart 0 step 724
best 1934 restart 0 step 725
best 1931 restart 0 step 727
best 1930 restart 0 step 728
best 1929 restart 0 step 730
best 1928 restart 0 step 731
best 1921 restart 0 step 733
best 1918 restart 0 step 734
best 1913 restart 0 step 736
best 1911 restart 0 step 738
best 1910 restart 0 step 740
best 1905 restart 0 step 742
best 1904 restart 0 step 747
best 1902 restart 0 step 748
best 1893 restart 0 step 749
best 1888 restart 0 step 750
best 1884 restart 0 step 751
best 1883 restart 0 step 753
best 1881 restart 0 step 755
best 1878 restart 0 step 756
best 1873 restart 0 step 757
best 1869 restart 0 step 759
best 1865 restart 0 step 761
best 1863 restart 0 step 764
best 1858 restart 0 step 767
best 1855 restart 0 step 768
best 1849 restart 0 step 769
best 1842 restart 0 step 776
best 1837 restart 0 step 778
best 1836 restart 0 step 785
best 1834 restart 0 step 786
best 1833 restart 0 step 800
best 1825 restart 0 step 801
best 1824 restart 0 step 803
best 1820 restart 0 step 804
best 1819 restart 0 step 805
best 1816 restart 0 step 806
best 1812 restart 0 step 807
best 1802 restart 0 step 811
best 1801 restart 0 step 812
best 1798 restart 0 step 814
best 1797 restart 0 step 815
best 1791 restart 0 step 816
best 1790 restart 0 step 820
best 1777 restart 0 step 821
best 1776 restart 0 step 823
best 1775 restart 0 step 829
best 1762 restart 0 step 831
best 1758 restart 0 step 833
best 1754 restart 0 step 836
best 1748 restart 0 step 837
best 1746 restart 0 step 841
best 1744 restart 0 step 844
best 1743 restart 0 step 845
best 1741 restart 0 step 848
best 1733 restart 0 step 849
best 1731 restart 0 step 851
best 1728 restart 0 step 854
best 1721 restart 0 step 858
best 1715 restart 0 step 862
best 1714 restart 0 step 866
best 1712 restart 0 step 869
best 1703 restart 0 step 871
best 1701 restart 0 step 874
best 1696 restart 0 step 880
best 1692 restart 0 step 883
best 1682 restart 0 step 900
best 1677 restart 0 step 901
best 1675 restart 0 step 904
best 1673 restart 0 step 909
best 1668 restart 0 step 911
best 1666 restart 0 step 931
best 1659 restart 0 step 932
best 1656 restart 0 step 937
best 1649 restart 0 step 938
best 1642 restart 0 step 939
best 1633 restart 0 step 940
best 1628 restart 0 step 942
best 1623 restart 0 step 943
best 1621 restart 0 step 945
best 1613 restart 0 step 947
best 1609 restart 0 step 950
best 1603 restart 0 step 951
best 1602 restart 0 step 954
best 1597 restart 0 step 955
best 1591 restart 0 step 956
best 1590 restart 0 step 970
best 1586 restart 0 step 972
best 1585 restart 0 step 973
best 1577 restart 0 step 974
best 1575 restart 0 step 977
best 1568 restart 0 step 979
best 1566 restart 0 step 982
best 1561 restart 0 step 983
best 1560 restart 0 step 985
best 1559 restart 0 step 986
best 1553 restart 0 step 990
best 1548 restart 0 step 991
best 1543 restart 0 step 992
best 1542 restart 0 step 993
best 1539 restart 0 step 994
best 1537 restart 0 step 998
best 1531 restart 0 step 1000
best 1530 restart 0 step 1002
best 1529 restart 0 step 1005
best 1521 restart 0 step 1012
best 1520 restart 0 step 1014
best 1518 restart 0 step 1015
best 1513 restart 0 step 1016
best 1512 restart 0 step 1017
best 1507 restart 0 step 1018
best 1500 restart 0 step 1019
best 1496 restart 0 step 1021
best 1494 restart 0 step 1024
best 1478 restart 0 step 1025
best 1471 restart 0 step 1026
best 1469 restart 0 step 1028
best 1457 restart 0 step 1031
best 1455 restart 0 step 1032
best 1442 restart 0 step 1035
best 1440 restart 0 step 1036
best 1435 restart 0 step 1039
best 1426 restart 0 step 1043
best 1424 restart 0 step 1044
best 1419 restart 0 step 1050
best 1416 restart 0 step 1055
best 1414 restart 0 step 1058
best 1411 restart 0 step 1061
best 1405 restart 0 step 1064
best 1399 restart 0 step 1065
best 1391 restart 0 step 1067
best 1389 restart 0 step 1069
best 1387 restart 0 step 1070
best 1385 restart 0 step 1071
best 1382 restart 0 step 1072
best 1381 restart 0 step 1076
best 1372 restart 0 step 1077
best 1363 restart 0 step 1078
best 1362 restart 0 step 1080
best 1346 restart 0 step 1082
best 1338 restart 0 step 1083
best 1335 restart 0 step 1084
best 1334 restart 0 step 1088
best 1332 restart 0 step 1090
best 1323 restart 0 step 1091
best 1319 restart 0 step 1101
best 1318 restart 0 step 1103
best 1313 restart 0 step 1105
best 1311 restart 0 step 1106
best 1309 restart 0 step 1109
best 1294 restart 0 step 1110
best 1285 restart 0 step 1112
best 1279 restart 0 step 1113
best 1267 restart 0 step 1114
best 1262 restart 0 step 1115
best 1261 restart 0 step 1117
best 1260 restart 0 step 1118
best 1259 restart 0 step 1119
best 1258 restart 0 step 1121
best 1257 restart 0 step 1123
best 1251 restart 0 step 1132
best 1244 restart 0 step 1133
best 1241 restart 0 step 1134
best 1230 restart 0 step 1141
best 1228 restart 0 step 1142
best 1227 restart 0 step 1143
best 1225 restart 0 step 1144
best 1223 restart 0 step 1146
best 1220 restart 0 step 1148
best 1217 restart 0 step 1149
best 1201 restart 0 step 1150
best 1200 restart 0 step 1152
best 1199 restart 0 step 1159
best 1195 restart 0 step 1161
best 1189 restart 0 step 1164
best 1185 restart 0 step 1165
best 1181 restart 0 step 1171
best 1177 restart 0 step 1174
best 1174 restart 0 step 1181
best 1173 restart 0 step 1182
best 1171 restart 0 step 1185
best 1169 restart 0 step 1187
best 1159 restart 0 step 1189
best 1156 restart 0 step 1190
best 1155 restart 0 step 1192
best 1142 restart 0 step 1193
best 1140 restart 0 step 1195
best 1139 restart 0 step 1196
best 1135 restart 0 step 1199
best 1132 restart 0 step 1200
best 1125 restart 0 step 1202
best 1123 restart 0 step 1226
best 1120 restart 0 step 1228
best 1116 restart 0 step 1230
best 1101 restart 0 step 1249
best 1099 restart 0 step 1251
best 1097 restart 0 step 1252
best 1095 restart 0 step 1253
best 1092 restart 0 step 1255
best 1086 restart 0 step 1265
best 1080 restart 0 step 1266
best 1078 restart 0 step 1267
best 1066 restart 0 step 1268
best 1043 restart 0 step 1269
best 1013 restart 0 step 1270
best 1003 restart 0 step 1271
best 983 restart 0 step 1276
best 980 restart 0 step 1277
best 976 restart 0 step 1279
best 973 restart 0 step 1281
best 969 restart 0 step 1282
best 952 restart 0 step 1283
best 949 restart 0 step 1287
best 944 restart 0 step 1288
best 939 restart 0 step 1294
best 926 restart 0 step 1296
best 924 restart 0 step 1297
best 921 restart 0 step 1299
best 918 restart 0 step 1301
best 917 restart 0 step 1305
best 915 restart 0 step 1308
best 911 restart 0 step 1314
best 897 restart 0 step 1315
best 896 restart 0 step 1319
best 893 restart 0 step 1320
best 892 restart 0 step 1322
best 891 restart 0 step 1323
best 883 restart 0 step 1328
best 878 restart 0 step 1331
best 876 restart 0 step 1335
best 869 restart 0 step 1336
best 867 restart 0 step 1338
best 866 restart 0 step 1340
best 864 restart 0 step 1343
best 863 restart 0 step 1346
best 861 restart 0 step 1348
best 859 restart 0 step 1349
best 855 restart 0 step 1356
best 854 restart 0 step 1364
best 851 restart 0 step 1365
best 848 restart 0 step 1366
best 842 restart 0 step 1368
best 841 restart 0 step 1369
best 819 restart 0 step 1371
best 818 restart 0 step 1374
best 816 restart 0 step 1375
best 810 restart 0 step 1379
best 808 restart 0 step 1383
best 796 restart 0 step 1385
best 784 restart 0 step 1390
best 781 restart 0 step 1391
best 780 restart 0 step 1394
best 779 restart 0 step 1395
best 776 restart 0 step 1396
best 775 restart 0 step 1397
best 774 restart 0 step 1399
best 768 restart 0 step 1400
best 765 restart 0 step 1403
best 763 restart 0 step 1405
best 762 restart 0 step 1408
best 756 restart 0 step 1409
best 755 restart 0 step 1410
best 729 restart 0 step 1412
best 722 restart 0 step 1416
best 714 restart 0 step 1425
best 711 restart 0 step 1428
best 688 restart 0 step 1429
best 687 restart 0 step 1431
best 686 restart 0 step 1434
best 680 restart 0 step 1435
best 678 restart 0 step 1436
best 676 restart 0 step 1437
best 673 restart 0 step 1438
best 672 restart 0 step 1439
best 670 restart 0 step 1440
best 668 restart 0 step 1441
best 663 restart 0 step 1442
best 662 restart 0 step 1444
best 661 restart 0 step 1446
best 656 restart 0 step 1448
best 653 restart 0 step 1451
best 651 restart 0 step 1453
best 650 restart 0 step 1456
best 648 restart 0 step 1457
best 647 restart 0 step 1458
best 645 restart 0 step 1459
best 644 restart 0 step 1460
best 642 restart 0 step 1471
best 638 restart 0 step 1472
best 636 restart 0 step 1474
best 634 restart 0 step 1475
best 630 restart 0 step 1477
best 625 restart 0 step 1478
best 621 restart 0 step 1480
best 620 restart 0 step 1481
best 615 restart 0 step 1484
best 613 restart 0 step 1486
best 612 restart 0 step 1487
best 611 restart 0 step 1488
best 610 restart 0 step 1490
best 607 restart 0 step 1493
best 603 restart 0 step 1495
best 602 restart 0 step 1496
best 597 restart 0 step 1497
best 595 restart 0 step 1498
best 591 restart 0 step 1499
best 589 restart 0 step 1503
best 586 restart 0 step 1505
best 584 restart 0 step 1508
best 580 restart 0 step 1512
best 577 restart 0 step 1519
best 569 restart 0 step 1521
best 538 restart 0 step 1526
best 537 restart 0 step 1527
best 535 restart 0 step 1530
best 534 restart 0 step 1532
best 532 restart 0 step 1534
best 531 restart 0 step 1536
best 529 restart 0 step 1538
best 524 restart 0 step 1539
best 523 restart 0 step 1540
best 519 restart 0 step 1541
best 515 restart 0 step 1542
best 511 restart 0 step 1543
best 509 restart 0 step 1544
best 508 restart 0 step 1546
best 486 restart 0 step 1547
best 484 restart 0 step 1548
best 483 restart 0 step 1549
best 482 restart 0 step 1550
best 480 restart 0 step 1551
best 478 restart 0 step 1552
best 475 restart 0 step 1553
best 464 restart 0 step 1566
best 463 restart 0 step 1567
best 458 restart 0 step 1571
best 456 restart 0 step 1576
best 455 restart 0 step 1578
best 449 restart 0 step 1580
best 448 restart 0 step 1582
best 447 restart 0 step 1583
best 442 restart 0 step 1585
best 441 restart 0 step 1586
best 437 restart 0 step 1587
best 436 restart 0 step 1590
best 435 restart 0 step 1593
best 433 restart 0 step 1594
best 429 restart 0 step 1596
best 425 restart 0 step 1597
best 418 restart 0 step 1599
best 411 restart 0 step 1600
best 408 restart 0 step 1605
best 407 restart 0 step 1606
best 406 restart 0 step 1607
best 403 restart 0 step 1608
best 395 restart 0 step 1609
best 389 restart 0 step 1610
best 388 restart 0 step 1611
best 386 restart 0 step 1614
best 385 restart 0 step 1615
best 382 restart 0 step 1616
best 378 restart 0 step 1619
best 377 restart 0 step 1620
best 376 restart 0 step 1622
best 369 restart 0 step 1623
best 360 restart 0 step 1624
best 359 restart 0 step 1625
best 358 restart 0 step 1626
best 355 restart 0 step 1627
best 353 restart 0 step 1629
best 342 restart 0 step 1630
best 337 restart 0 step 1631
best 336 restart 0 step 1632
best 332 restart 0 step 1633
best 328 restart 0 step 1634
best 326 restart 0 step 1635
best 325 restart 0 step 1636
best 320 restart 0 step 1637
best 312 restart 0 step 1644
best 311 restart 0 step 1645
best 302 restart 0 step 1648
best 299 restart 0 step 1649
best 298 restart 0 step 1651
best 297 restart 0 step 1652
best 294 restart 0 step 1653
best 292 restart 0 step 1672
best 287 restart 0 step 1673
best 280 restart 0 step 1674
best 274 restart 0 step 1675
best 252 restart 0 step 1676
best 249 restart 0 step 1677
best 245 restart 0 step 1679
best 238 restart 0 step 1681
best 237 restart 0 step 1682
best 236 restart 0 step 1683
best 235 restart 0 step 1684
best 234 restart 0 step 1685
best 232 restart 0 step 1686
best 224 restart 0 step 1687
best 223 restart 0 step 1688
best 215 restart 0 step 1690
best 212 restart 0 step 1691
best 210 restart 0 step 1692
best 208 restart 0 step 1693
best 201 restart 0 step 1695
best 200 restart 0 step 1698
best 197 restart 0 step 1699
best 195 restart 0 step 1700
best 194 restart 0 step 1701
best 192 restart 0 step 1703
best 191 restart 0 step 1704
best 188 restart 0 step 1705
best 185 restart 0 step 1706
best 175 restart 0 step 1707
best 174 restart 0 step 1709
best 173 restart 0 step 1712
best 171 restart 0 step 1716
best 169 restart 0 step 1717
best 167 restart 0 step 1719
best 165 restart 0 step 1720
best 162 restart 0 step 1721
best 161 restart 0 step 1722
best 160 restart 0 step 1725
best 156 restart 0 step 1727
best 155 restart 0 step 1728
best 154 restart 0 step 1729
best 152 restart 0 step 1731
best 151 restart 0 step 1733
best 149 restart 0 step 1736
best 143 restart 0 step 1737
best 142 restart 0 step 1741
best 140 restart 0 step 1745
best 134 restart 0 step 1753
best 133 restart 0 step 1754
best 132 restart 0 step 1756
best 131 restart 0 step 1758
best 129 restart 0 step 1759
best 120 restart 0 step 1760
best 112 restart 0 step 1762
best 109 restart 0 step 1763
best 108 restart 0 step 1764
best 107 restart 0 step 1765
best 106 restart 0 step 1766
best 105 restart 0 step 1767
best 104 restart 0 step 1768
best 100 restart 0 step 1769
best 99 restart 0 step 1770
best 98 restart 0 step 1771
best 95 restart 0 step 1772
best 92 restart 0 step 1773
best 90 restart 0 step 1774
best 87 restart 0 step 1775
best 86 restart 0 step 1777
best 85 restart 0 step 1778
best 84 restart 0 step 1779
best 82 restart 0 step 1780
best 77 restart 0 step 1781
best 76 restart 0 step 1784
best 75 restart 0 step 1785
best 73 restart 0 step 1793
best 72 restart 0 step 1827
best 71 restart 0 step 1833
best 70 restart 0 step 1835
best 69 restart 0 step 1839
best 68 restart 0 step 1844
best 64 restart 0 step 1847
best 63 restart 0 step 1849
best 62 restart 0 step 1850
best 58 restart 0 step 1881
best 57 restart 0 step 1885
best 56 restart 0 step 1896
best 55 restart 0 step 1898
best 54 restart 0 step 1902
best 53 restart 0 step 1904
best 52 restart 0 step 1910
best 51 restart 0 step 1916
best 50 restart 0 step 1922
best 49 restart 0 step 1923
best 48 restart 0 step 1928
best 44 restart 0 step 2035
best 43 restart 0 step 2041
best 41 restart 0 step 2042
best 40 restart 0 step 2073
best 39 restart 0 step 2106
best 38 restart 0 step 4051
best 37 restart 0 step 4595
best 36 restart 0 step 8071
best 35 restart 0 step 8130
best 34 restart 0 step 8169
