3 lex a False ((1, 2, 0), (1, 0, 2), (0, 1, 2), 0)
3 lex b False ((2, 0, 1), (0, 2, 1), (0, 1, 2), 2)
3 lex sum True 
3 lex gap False ((1, 0, 2), (0, 2, 1), (0, 1, 2), 1)
3 lex parity True 
3 lex pair True 
3 gap a False ((1, 2, 0), (1, 0, 2), (0, 1, 2), 0)
3 gap b False ((2, 0, 1), (0, 2, 1), (0, 1, 2), 2)
3 gap sum True 
3 gap gap False ((1, 0, 2), (0, 2, 1), (0, 1, 2), 1)
3 gap parity True 
3 gap pair True 
3 sum a False ((1, 2, 0), (1, 0, 2), (0, 1, 2), 0)
3 sum b False ((2, 0, 1), (0, 2, 1), (0, 1, 2), 2)
3 sum sum True 
3 sum gap False ((1, 0, 2), (0, 2, 1), (0, 1, 2), 1)
3 sum parity True 
3 sum pair True 
4 lex a False ((0, 2, 3, 1), (0, 2, 1, 3), (0, 1, 2, 3), 1)
4 lex b False ((0, 3, 1, 2), (0, 1, 3, 2), (0, 1, 2, 3), 3)
4 lex sum False ((1, 0, 2, 3), (0, 1, 3, 2), (0, 1, 2, 3), 1)
4 lex gap False ((0, 2, 1, 3), (0, 1, 3, 2), (0, 1, 2, 3), 1)
4 lex parity False ((1, 0, 2, 3), (0, 1, 3, 2), (0, 1, 2, 3), (0, 1))
4 lex pair True 
4 gap a False ((0, 2, 3, 1), (0, 2, 1, 3), (0, 1, 2, 3), 1)
4 gap b False ((0, 3, 1, 2), (0, 1, 3, 2), (0, 1, 2, 3), 3)
4 gap sum False ((1, 0, 2, 3), (0, 1, 3, 2), (0, 1, 2, 3), 1)
4 gap gap False ((0, 2, 1, 3), (0, 1, 3, 2), (0, 1, 2, 3), 1)
4 gap parity False ((1, 0, 2, 3), (0, 1, 3, 2), (0, 1, 2, 3), (0, 1))
4 gap pair True 
4 sum a False ((0, 2, 3, 1), (0, 2, 1, 3), (0, 1, 2, 3), 1)
4 sum b False ((0, 3, 1, 2), (0, 1, 3, 2), (0, 1, 2, 3), 3)
4 sum sum False ((1, 0, 2, 3), (0, 1, 3, 2), (0, 1, 2, 3), 1)
4 sum gap False ((0, 2, 1, 3), (0, 1, 3, 2), (0, 1, 2, 3), 1)
4 sum parity False ((1, 0, 2, 3), (0, 1, 3, 2), (0, 1, 2, 3), (0, 1))
4 sum pair True 
5 lex a False ((0, 1, 3, 4, 2), (0, 1, 3, 2, 4), (0, 1, 2, 3, 4), 2)
5 lex b False ((0, 1, 4, 2, 3), (0, 1, 2, 4, 3), (0, 1, 2, 3, 4), 4)
5 lex sum False ((0, 3, 2, 1, 4), (0, 2, 3, 4, 1), (0, 2, 3, 1, 4), 0)
5 lex gap False ((0, 1, 3, 2, 4), (0, 1, 2, 4, 3), (0, 1, 2, 3, 4), 1)
5 lex parity False ((0, 2, 1, 3, 4), (0, 1, 2, 4, 3), (0, 1, 2, 3, 4), (1, 0))
5 lex pair True 
5 gap a False ((0, 1, 3, 4, 2), (0, 1, 3, 2, 4), (0, 1, 2, 3, 4), 2)
5 gap b False ((0, 1, 4, 2, 3), (0, 1, 2, 4, 3), (0, 1, 2, 3, 4), 4)
5 gap sum False ((0, 3, 2, 1, 4), (0, 2, 3, 4, 1), (0, 2, 3, 1, 4), 0)
5 gap gap False ((0, 1, 3, 2, 4), (0, 1, 2, 4, 3), (0, 1, 2, 3, 4), 1)
5 gap parity False ((0, 2, 1, 3, 4), (0, 1, 2, 4, 3), (0, 1, 2, 3, 4), (1, 0))
5 gap pair True 
5 sum a False ((0, 1, 3, 4, 2), (0, 1, 3, 2, 4), (0, 1, 2, 3, 4), 2)
5 sum b False ((0, 1, 4, 2, 3), (0, 1, 2, 4, 3), (0, 1, 2, 3, 4), 4)
5 sum sum False ((0, 3, 2, 1, 4), (0, 2, 3, 4, 1), (0, 2, 3, 1, 4), 0)
5 sum gap False ((0, 1, 3, 2, 4), (0, 1, 2, 4, 3), (0, 1, 2, 3, 4), 1)
5 sum parity False ((0, 2, 1, 3, 4), (0, 1, 2, 4, 3), (0, 1, 2, 3, 4), (1, 0))
5 sum pair True 
6 lex a False ((0, 1, 2, 4, 5, 3), (0, 1, 2, 4, 3, 5), (0, 1, 2, 3, 4, 5), 3)
6 lex b False ((0, 1, 2, 5, 3, 4), (0, 1, 2, 3, 5, 4), (0, 1, 2, 3, 4, 5), 5)
6 lex sum False ((0, 1, 4, 3, 2, 5), (0, 1, 3, 4, 5, 2), (0, 1, 3, 4, 2, 5), 1)
6 lex gap False ((0, 1, 2, 4, 3, 5), (0, 1, 2, 3, 5, 4), (0, 1, 2, 3, 4, 5), 1)
6 lex parity False ((0, 1, 3, 2, 4, 5), (0, 1, 2, 3, 5, 4), (0, 1, 2, 3, 4, 5), (0, 1))
