3 edgecolor (True, 3)
3 cycdiff (False, ((1, 0, 2), (0, 2, 1), (0, 1, 2), 1))
3 orient (False, ((1, 2, 0), (1, 0, 2), (0, 1, 2), True))
3 hash (False, ((1, 2, 0), (1, 0, 2), (0, 1, 2), 1))
4 edgecolor (False, ((1, 0, 2, 3), (0, 3, 2, 1), (0, 2, 3, 1), 0))
4 cycdiff (False, ((0, 2, 3, 1), (0, 2, 1, 3), (0, 1, 2, 3), 1))
4 orient (False, ((0, 2, 1, 3), (0, 1, 3, 2), (0, 1, 2, 3), True))
4 hash (False, ((1, 0, 3, 2), (1, 0, 2, 3), (0, 2, 3, 1), 3))
5 edgecolor (False, ((0, 2, 1, 3, 4), (0, 1, 4, 3, 2), (0, 1, 3, 4, 2), 0))
5 cycdiff (False, ((0, 1, 3, 4, 2), (0, 1, 3, 2, 4), (0, 1, 2, 3, 4), 1))
5 orient (False, ((0, 1, 3, 2, 4), (0, 1, 2, 4, 3), (0, 1, 2, 3, 4), True))
5 hash (False, ((0, 2, 1, 4, 3), (0, 2, 1, 3, 4), (0, 1, 3, 2, 4), 0))
6 edgecolor (False, ((0, 1, 3, 2, 4, 5), (0, 1, 2, 5, 4, 3), (0, 1, 2, 4, 5, 3), 2))
6 cycdiff (False, ((0, 1, 2, 4, 5, 3), (0, 1, 2, 4, 3, 5), (0, 1, 2, 3, 4, 5), 1))
6 orient (False, ((0, 1, 2, 4, 3, 5), (0, 1, 2, 3, 5, 4), (0, 1, 2, 3, 4, 5), True))
6 hash (False, ((0, 1, 3, 2, 4, 5), (0, 1, 2, 3, 5, 4), (0, 1, 2, 3, 4, 5), 1))
7 edgecolor (False, ((0, 1, 2, 4, 3, 5, 6), (0, 1, 2, 3, 6, 5, 4), (0, 1, 2, 3, 5, 6, 4), 2))
7 cycdiff (False, ((0, 1, 2, 3, 5, 6, 4), (0, 1, 2, 3, 5, 4, 6), (0, 1, 2, 3, 4, 5, 6), 1))
7 orient (False, ((0, 1, 2, 3, 5, 4, 6), (0, 1, 2, 3, 4, 6, 5), (0, 1, 2, 3, 4, 5, 6), True))
7 hash (False, ((0, 1, 3, 2, 4, 5, 6), (0, 1, 2, 3, 5, 4, 6), (0, 1, 2, 3, 4, 6, 5), 0))
