3 1 raw (True, 3)
3 1 diff (False, ((2,), (1,), (0,), (0, 1)))
3 1 sum (True, 3)
3 1 prod (True, 2)
3 1 ratio (True, 2)
3 2 raw (True, 6)
3 2 diff (False, ((0, 2), (0, 1), (0, 0), (1, 1)))
3 2 sum (True, 6)
3 2 prod (True, 4)
3 2 ratio (True, 4)
3 3 raw (True, 9)
3 3 diff (False, ((0, 0, 2), (0, 0, 1), (0, 0, 0), (1, 1)))
3 3 sum (True, 9)
3 3 prod (True, 6)
3 3 ratio (True, 6)
5 1 raw (True, 10)
5 1 diff (True, 2)
5 1 sum (True, 5)
5 1 prod (True, 5)
5 1 ratio (True, 3)
5 2 raw (True, 20)
5 2 diff (True, 4)
5 2 sum (True, 10)
5 2 prod (True, 10)
5 2 ratio (True, 6)
5 3 raw (True, 30)
5 3 diff (True, 6)
5 3 sum (True, 15)
5 3 prod (True, 15)
5 3 ratio (True, 9)
7 1 raw (True, 21)
7 1 diff (True, 3)
7 1 sum (True, 7)
7 1 prod (True, 7)
7 1 ratio (False, ((4,), (2,), (1,), (0, 2)))
7 2 raw (True, 42)
7 2 diff (True, 6)
7 2 sum (True, 14)
7 2 prod (True, 14)
7 2 ratio (False, ((0, 4), (0, 2), (0, 1), (1, 2)))
7 3 raw (True, 63)
7 3 diff (True, 9)
7 3 sum (True, 21)
7 3 prod (True, 21)
7 3 ratio (False, ((0, 0, 4), (0, 0, 2), (0, 0, 1), (1, 2)))
