3 slope (False, ((0, 2), (0, 1), (0, 0), 3))
3 quad (False, ((0, 2), (0, 1), (0, 0), 1))
3 prod (False, ((0, 2), (0, 1), (0, 0), 0))
3 support (False, ((0, 2), (0, 1), (0, 0), (False, True)))
5 slope (False, ((0, 2), (0, 1), (0, 0), 5))
5 quad (False, ((2, 0), (1, 2), (0, 4), 0))
5 prod (False, ((0, 2), (0, 1), (0, 0), 0))
5 support (False, ((0, 2), (0, 1), (0, 0), (False, True)))
7 slope (False, ((0, 2), (0, 1), (0, 0), 7))
7 quad (True, 6)
7 prod (False, ((0, 2), (0, 1), (0, 0), 0))
7 support (False, ((0, 2), (0, 1), (0, 0), (False, True)))
11 slope (False, ((0, 2), (0, 1), (0, 0), 11))
11 quad (False, ((1, 0), (0, 9), (0, 2), 5))
11 prod (False, ((0, 2), (0, 1), (0, 0), 0))
11 support (False, ((0, 2), (0, 1), (0, 0), (False, True)))
13 slope (False, ((0, 2), (0, 1), (0, 0), 13))
13 quad (False, ((1, 0), (0, 10), (0, 3), 10))
13 prod (False, ((0, 2), (0, 1), (0, 0), 0))
13 support (False, ((0, 2), (0, 1), (0, 0), (False, True)))
17 slope (False, ((0, 2), (0, 1), (0, 0), 17))
17 quad (False, ((2, 0), (1, 4), (0, 8), 0))
17 prod (False, ((0, 2), (0, 1), (0, 0), 0))
17 support (False, ((0, 2), (0, 1), (0, 0), (False, True)))
19 slope (False, ((0, 2), (0, 1), (0, 0), 19))
19 quad (True, 18)
19 prod (False, ((0, 2), (0, 1), (0, 0), 0))
19 support (False, ((0, 2), (0, 1), (0, 0), (False, True)))
