4 2 raw (True, 6)
4 2 weight (True, 4)
4 2 orbit (True, 4)
4 2 trace (True, 4)
4 3 raw (True, 8)
4 3 weight (False, (3, 5, 6, (0, 2)))
4 3 orbit (True, 6)
4 3 trace (False, (2, 4, 6, (0, 0)))
4 4 raw (True, 15)
4 4 weight (False, (3, 5, 6, (0, 2)))
4 4 orbit (True, 11)
4 4 trace (False, (2, 4, 6, (0, 0)))
5 2 raw (True, 7)
5 2 weight (True, 5)
5 2 orbit (True, 5)
5 2 trace (True, 5)
5 3 raw (True, 10)
5 3 weight (False, (3, 5, 6, (0, 2)))
5 3 orbit (True, 8)
5 3 trace (False, (2, 4, 6, (0, 0)))
5 4 raw (True, 16)
5 4 weight (False, (3, 5, 6, (0, 2)))
5 4 orbit (True, 12)
5 4 trace (False, (2, 4, 6, (0, 0)))
5 5 raw (True, 31)
5 5 weight (False, (3, 5, 6, (0, 2)))
5 5 orbit (True, 23)
5 5 trace (False, (2, 4, 6, (0, 0)))
6 2 raw (True, 9)
6 2 weight (True, 6)
6 2 orbit (True, 6)
6 2 trace (True, 6)
6 3 raw (True, 14)
6 3 weight (False, (3, 5, 6, (0, 2)))
6 3 orbit (True, 10)
6 3 trace (False, (2, 4, 6, (0, 0)))
6 4 raw (True, 18)
6 4 weight (False, (3, 5, 6, (0, 2)))
6 4 orbit (True, 14)
6 4 trace (False, (2, 4, 6, (0, 0)))
6 5 raw (True, 32)
6 5 weight (False, (3, 5, 6, (0, 2)))
6 5 orbit (True, 24)
6 5 trace (False, (2, 4, 6, (0, 0)))
6 6 raw (True, 63)
6 6 weight (False, (3, 5, 6, (0, 2)))
6 6 orbit (True, 47)
6 6 trace (False, (2, 4, 6, (0, 0)))
7 2 raw (True, 10)
7 2 weight (True, 7)
7 2 orbit (True, 7)
7 2 trace (True, 7)
7 3 raw (True, 15)
7 3 weight (False, (3, 5, 6, (0, 2)))
7 3 orbit (True, 11)
7 3 trace (False, (2, 4, 6, (0, 0)))
7 4 raw (True, 22)
7 4 weight (False, (3, 5, 6, (0, 2)))
7 4 orbit (True, 18)
7 4 trace (False, (2, 4, 6, (0, 0)))
7 5 raw (True, 34)
7 5 weight (False, (3, 5, 6, (0, 2)))
7 5 orbit (True, 26)
7 5 trace (False, (2, 4, 6, (0, 0)))
7 6 raw (True, 64)
7 6 weight (False, (3, 5, 6, (0, 2)))
7 6 orbit (True, 48)
7 6 trace (False, (2, 4, 6, (0, 0)))
8 2 raw (True, 12)
8 2 weight (True, 8)
8 2 orbit (True, 8)
8 2 trace (True, 8)
8 3 raw (True, 17)
8 3 weight (False, (3, 5, 6, (0, 2)))
8 3 orbit (True, 13)
8 3 trace (False, (2, 4, 6, (0, 0)))
8 4 raw (True, 30)
8 4 weight (False, (3, 5, 6, (0, 2)))
8 4 orbit (True, 22)
8 4 trace (False, (2, 4, 6, (0, 0)))
8 5 raw (True, 38)
8 5 weight (False, (3, 5, 6, (0, 2)))
8 5 orbit (True, 30)
8 5 trace (False, (2, 4, 6, (0, 0)))
8 6 raw (True, 66)
8 6 weight (False, (3, 5, 6, (0, 2)))
8 6 orbit (True, 50)
8 6 trace (False, (2, 4, 6, (0, 0)))
9 2 raw (True, 13)
9 2 weight (True, 9)
9 2 orbit (True, 9)
9 2 trace (True, 9)
9 3 raw (True, 21)
9 3 weight (False, (3, 5, 6, (0, 2)))
9 3 orbit (True, 15)
9 3 trace (False, (2, 4, 6, (0, 0)))
9 4 raw (True, 31)
9 4 weight (False, (3, 5, 6, (0, 2)))
9 4 orbit (True, 23)
9 4 trace (False, (2, 4, 6, (0, 0)))
9 5 raw (True, 46)
9 5 weight (False, (3, 5, 6, (0, 2)))
9 5 orbit (True, 38)
9 5 trace (False, (2, 4, 6, (0, 0)))
9 6 raw (True, 70)
9 6 weight (False, (3, 5, 6, (0, 2)))
9 6 orbit (True, 54)
9 6 trace (False, (2, 4, 6, (0, 0)))
10 2 raw (True, 15)
10 2 weight (True, 10)
10 2 orbit (True, 10)
10 2 trace (True, 10)
10 3 raw (True, 22)
10 3 weight (False, (3, 5, 6, (0, 2)))
10 3 orbit (True, 16)
10 3 trace (False, (2, 4, 6, (0, 0)))
10 4 raw (True, 33)
10 4 weight (False, (3, 5, 6, (0, 2)))
10 4 orbit (True, 25)
10 4 trace (False, (2, 4, 6, (0, 0)))
10 5 raw (True, 62)
10 5 weight (False, (3, 5, 6, (0, 2)))
10 5 orbit (True, 46)
10 5 trace (False, (2, 4, 6, (0, 0)))
10 6 raw (True, 78)
10 6 weight (False, (3, 5, 6, (0, 2)))
10 6 orbit (True, 62)
10 6 trace (False, (2, 4, 6, (0, 0)))
