MODE length
3 (False, 2, (3, (1, 2, 0), (1, 2, 0), (2, 0, 1)))
4 (False, 3, (2, (0, 1, 3, 2), (1, 0, 2, 3), (1, 0, 3, 2)))
5 (False, 4, (2, (0, 1, 2, 4, 3), (0, 2, 1, 3, 4), (0, 2, 1, 4, 3)))
MODE lengthpar
3 (False, 3, ((3, 0), (1, 2, 0), (1, 2, 0), (2, 0, 1)))
4 (False, 5, ((2, 0), (0, 1, 3, 2), (1, 0, 2, 3), (1, 0, 3, 2)))
5 (False, 7, ((2, 1), (0, 1, 2, 4, 3), (0, 2, 1, 3, 4), (0, 2, 1, 4, 3)))
MODE lenorient
3 (False, 2, ((3, True), (1, 2, 0), (1, 2, 0), (2, 0, 1)))
4 (False, 3, ((2, True), (0, 1, 3, 2), (1, 0, 2, 3), (1, 0, 3, 2)))
5 (False, 4, ((2, True), (0, 1, 2, 4, 3), (0, 2, 1, 3, 4), (0, 2, 1, 4, 3)))
MODE leni
3 (False, 3, ((0, 3), (1, 2, 0), (1, 2, 0), (2, 0, 1)))
4 (False, 6, ((1, 3), (0, 2, 3, 1), (0, 2, 3, 1), (0, 3, 1, 2)))
5 (False, 10, ((2, 3), (0, 1, 3, 4, 2), (0, 1, 3, 4, 2), (0, 1, 4, 2, 3)))
MODE maxcycle
3 (False, 3, ((2, 3), (1, 2, 0), (1, 2, 0), (2, 0, 1)))
4 (False, 6, ((3, 3), (0, 2, 3, 1), (0, 2, 3, 1), (0, 3, 1, 2)))
5 (False, 10, ((4, 3), (0, 1, 3, 4, 2), (0, 1, 3, 4, 2), (0, 1, 4, 2, 3)))
MODE interval
3 (False, 4, ((0, 2, 3), (1, 2, 0), (1, 2, 0), (2, 0, 1)))
4 (False, 10, ((1, 3, 3), (0, 2, 3, 1), (0, 2, 3, 1), (0, 3, 1, 2)))
5 (False, 20, ((2, 4, 3), (0, 1, 3, 4, 2), (0, 1, 3, 4, 2), (0, 1, 4, 2, 3)))
MODE cycleminlen
3 (False, 3, ((0, 3), (1, 2, 0), (1, 2, 0), (2, 0, 1)))
4 (False, 6, ((1, 3), (0, 2, 3, 1), (0, 2, 3, 1), (0, 3, 1, 2)))
5 (False, 10, ((2, 3), (0, 1, 3, 4, 2), (0, 1, 3, 4, 2), (0, 1, 4, 2, 3)))
