2 1 firstsum (True, 1)
2 1 firstprod (True, 1)
2 1 dot (True, 1)
2 1 quad (True, 1)
2 2 firstsum (True, 2)
2 2 firstprod (True, 2)
2 2 dot (True, 4)
2 2 symp (True, 4)
2 2 quad (True, 3)
2 3 firstsum (True, 3)
2 3 firstprod (True, 3)
2 3 dot (True, 6)
2 3 quad (True, 5)
2 4 firstsum (True, 4)
2 4 firstprod (True, 4)
2 4 dot (True, 8)
2 4 symp (True, 8)
2 4 quad (True, 7)
2 5 firstsum (True, 5)
2 5 firstprod (True, 5)
2 5 dot (True, 10)
2 5 quad (True, 9)
2 6 firstsum (True, 6)
2 6 firstprod (True, 6)
2 6 dot (True, 12)
2 6 symp (True, 12)
2 6 quad (True, 11)
3 1 firstsum (True, 3)
3 1 firstprod (True, 2)
3 1 dot (True, 2)
3 1 quad (True, 2)
3 2 firstsum (True, 6)
3 2 firstprod (True, 4)
3 2 dot (False, ((2, 1), (1, 1), (0, 0), (0, 0)))
3 2 symp (False, ((0, 2), (0, 1), (0, 0), (1, 0)))
3 2 quad (False, ((2, 0), (1, 0), (0, 1), (0, 2)))
3 3 firstsum (True, 9)
3 3 firstprod (True, 6)
3 3 dot (False, ((0, 2, 1), (0, 1, 1), (0, 0, 0), (1, 0)))
3 3 quad (False, ((0, 2, 0), (0, 1, 0), (0, 0, 1), (1, 2)))
3 4 firstsum (True, 12)
3 4 firstprod (True, 8)
3 4 dot (False, ((0, 0, 2, 1), (0, 0, 1, 1), (0, 0, 0, 0), (2, 0)))
3 4 symp (False, ((0, 0, 0, 2), (0, 0, 0, 1), (0, 0, 0, 0), (3, 0)))
3 4 quad (False, ((0, 0, 2, 0), (0, 0, 1, 0), (0, 0, 0, 1), (2, 2)))
3 5 firstsum (True, 15)
3 5 firstprod (True, 10)
3 5 dot (False, ((0, 0, 0, 2, 1), (0, 0, 0, 1, 1), (0, 0, 0, 0, 0), (3, 0)))
3 5 quad (False, ((0, 0, 0, 2, 0), (0, 0, 0, 1, 0), (0, 0, 0, 0, 1), (3, 2)))
5 1 firstsum (True, 5)
5 1 firstprod (True, 5)
5 1 dot (True, 5)
5 1 quad (True, 5)
5 2 firstsum (True, 10)
5 2 firstprod (True, 10)
5 2 dot (False, ((2, 1), (1, 1), (0, 3), (0, 3)))
5 2 symp (False, ((0, 2), (0, 1), (0, 0), (1, 0)))
5 2 quad (False, ((2, 1), (1, 2), (0, 0), (0, 0)))
5 3 firstsum (True, 15)
5 3 firstprod (True, 15)
5 3 dot (False, ((0, 2, 1), (0, 1, 1), (0, 0, 3), (1, 3)))
5 3 quad (False, ((0, 2, 1), (0, 1, 2), (0, 0, 0), (1, 0)))
7 1 firstsum (True, 7)
7 1 firstprod (True, 7)
7 1 dot (True, 7)
7 1 quad (True, 6)
7 2 firstsum (True, 14)
7 2 firstprod (True, 14)
7 2 dot (False, ((2, 1), (1, 1), (0, 3), (0, 3)))
7 2 symp (False, ((0, 2), (0, 1), (0, 0), (1, 0)))
7 2 quad (False, ((2, 2), (1, 0), (0, 1), (0, 2)))
7 3 firstsum (True, 21)
7 3 firstprod (True, 21)
7 3 dot (False, ((0, 2, 1), (0, 1, 1), (0, 0, 3), (1, 3)))
7 3 quad (False, ((0, 2, 2), (0, 1, 0), (0, 0, 1), (1, 2)))
