checked 110 cyclic-orbit pointed codes up to ell=11
valid super-budget cases attaining lower bound: 20 sample count
(3, 1, 3, 1, 1, 1, '0b1')
(5, 1, 5, 1, 1, 1, '0b1')
(5, 3, 5, 1, 1, 1, '0b111')
(5, 3, 5, 1, 1, 1, '0b1011')
(7, 1, 7, 1, 1, 1, '0b1')
(7, 3, 7, 1, 1, 1, '0b111')
(7, 3, 7, 1, 1, 1, '0b10011')
(7, 3, 7, 1, 1, 1, '0b10101')
(7, 5, 7, 1, 1, 1, '0b11111')
(7, 5, 7, 1, 1, 1, '0b101111')
(7, 5, 7, 1, 1, 1, '0b110111')
(11, 1, 11, 1, 1, 1, '0b1')
(11, 3, 11, 1, 1, 1, '0b111')
(11, 3, 11, 1, 1, 1, '0b1011')
(11, 3, 11, 1, 1, 1, '0b1101')
(11, 3, 11, 1, 1, 1, '0b10011')
(11, 3, 11, 1, 1, 1, '0b10101')
(11, 3, 11, 1, 1, 1, '0b11001')
(11, 5, 11, 1, 1, 1, '0b11111')
(11, 3, 11, 1, 1, 1, '0b100011')
distribution (ell,d,dprime,lower,equality): count
(3, 1, 1, 1, True) 1
(3, 3, 3, 3, True) 1
(5, 1, 1, 1, True) 3
(5, 5, 5, 5, True) 1
(7, 1, 1, 1, True) 7
(7, 3, 7, 2, False) 2
(7, 7, 7, 7, True) 1
(11, 1, 1, 1, True) 93
(11, 11, 11, 11, True) 1
