('Y', ((4, 4, 1, (1, 0, 0)), (12, 6, 0, 1, (0, 0, 1), (1, 1, -3)), 145, 7480))
('Y', ((4, 4, 1, (1, 1, 0)), (15, 7, 0, 1, (0, 1, -1), (1, -2, 3)), 145, 7480))
('Y', ((4, 4, 1, (1, 0, 0)), (15, 7, 0, 1, (0, 0, 1), (1, 0, -3)), 145, 7480))
('Y', ((4, 4, 1, (1, 0, 1)), (12, 6, 0, 1, (0, 1, -1), (1, -2, 3)), 145, 7480))
('Y', ((4, 4, 1, (1, 0, 1)), (15, 7, 0, 1, (0, 0, 1), (1, 0, -3)), 145, 7480))
('Y', ((4, 4, 1, (1, 0, 0)), (15, 7, 0, 1, (0, 1, 0), (1, -3, 0)), 145, 7480))
('Y', ((4, 4, 1, (1, 0, 0)), (15, 7, 0, 1, (0, 1, -1), (1, -3, 3)), 145, 7480))
('Y', ((4, 4, 1, (1, 0, 0)), (12, 6, 0, 1, (0, 1, 0), (1, -3, 0)), 145, 7480))
('Y', ((4, 4, 1, (1, 0, 0)), (12, 6, 0, 1, (0, 1, 0), (1, -3, 0)), 145, 7480))
('Y', ((4, 4, 1, (1, 0, 0)), (12, 6, 0, 1, (0, 1, 0), (1, -3, 0)), 145, 7480))
('N', ((6, 6, 1, (1, 1, 0)), (24, 8, 0, 1, (0, 0, 1), (1, 1, -3)), 145, 7480))
('N', ((6, 6, 1, (1, 0, 0)), (23, 9, 0, 1, (0, 0, 1), (1, 0, -3)), 145, 7480))
('N', ((6, 6, 1, (1, -1, 0)), (20, 8, 0, 1, (0, 0, 1), (1, -1, -3)), 145, 7480))
('N', ((6, 6, 1, (1, 0, -1)), (20, 8, 0, 1, (0, 1, -1), (1, -3, 3)), 145, 7480))
('N', ((6, 6, 1, (1, -1, 1)), (20, 8, 0, 1, (0, 0, 1), (1, 0, -3)), 145, 7480))
('N', ((6, 6, 1, (1, 0, 1)), (35, 9, 0, 1, (0, 0, 1), (1, 0, -3)), 145, 7480))
('N', ((6, 6, 1, (1, 0, 0)), (20, 8, 0, 1, (0, 1, 0), (1, -3, 0)), 145, 7480))
('N', ((6, 6, 1, (1, 0, 0)), (20, 8, 0, 1, (0, 0, 1), (1, 1, -3)), 145, 7480))
('N', ((6, 6, 1, (1, 0, 1)), (20, 8, 0, 1, (0, 1, -1), (1, -2, 3)), 145, 7480))
('N', ((6, 6, 1, (1, 1, -1)), (20, 8, 0, 1, (0, 0, 1), (1, 1, -3)), 145, 7480))
{'box': 3, 'coeff_vectors': 145, 'min_pairs_checked': 7480, 'Y_r1': 4, 'N_r1': 6, 'Y_r2det': 12, 'N_r2det': 20, 'Y_r2support': 6, 'N_r2support': 8}
