best 2876 restart 0 step 0
best 2809 restart 0 step 1
best 2794 restart 0 step 2
best 2742 restart 0 step 3
best 2719 restart 0 step 4
best 2701 restart 0 step 5
best 2698 restart 0 step 6
best 2683 restart 0 step 7
best 2682 restart 0 step 8
best 2674 restart 0 step 10
best 2660 restart 0 step 13
best 2643 restart 0 step 14
best 2636 restart 0 step 15
best 2628 restart 0 step 16
best 2619 restart 0 step 17
best 2610 restart 0 step 19
best 2559 restart 0 step 20
best 2519 restart 0 step 22
best 2513 restart 0 step 23
best 2470 restart 0 step 24
best 2457 restart 0 step 25
best 2452 restart 0 step 28
best 2448 restart 0 step 29
best 2428 restart 0 step 30
best 2418 restart 0 step 32
best 2403 restart 0 step 33
best 2382 restart 0 step 34
best 2362 restart 0 step 35
best 2343 restart 0 step 36
best 2335 restart 0 step 40
best 2313 restart 0 step 41
best 2302 restart 0 step 42
best 2299 restart 0 step 44
best 2296 restart 0 step 48
best 2295 restart 0 step 50
best 2286 restart 0 step 51
best 2274 restart 0 step 54
best 2270 restart 0 step 55
best 2268 restart 0 step 57
best 2260 restart 0 step 59
best 2255 restart 0 step 60
best 2244 restart 0 step 70
best 2229 restart 0 step 71
best 2220 restart 0 step 72
best 2216 restart 0 step 73
best 2212 restart 0 step 74
best 2201 restart 0 step 79
best 2186 restart 0 step 80
best 2163 restart 0 step 81
best 2159 restart 0 step 84
best 2152 restart 0 step 86
best 2150 restart 0 step 87
best 2135 restart 0 step 88
best 2121 restart 0 step 89
best 2109 restart 0 step 90
best 2083 restart 0 step 91
best 2082 restart 0 step 96
best 2078 restart 0 step 97
best 2077 restart 0 step 98
best 2058 restart 0 step 99
best 2047 restart 0 step 101
best 2038 restart 0 step 102
best 2020 restart 0 step 104
best 2003 restart 0 step 108
best 1991 restart 0 step 110
best 1986 restart 0 step 113
best 1979 restart 0 step 116
best 1959 restart 0 step 117
best 1951 restart 0 step 118
best 1950 restart 0 step 119
best 1944 restart 0 step 121
best 1940 restart 0 step 122
best 1923 restart 0 step 123
best 1913 restart 0 step 125
best 1894 restart 0 step 126
best 1872 restart 0 step 127
best 1841 restart 0 step 128
best 1838 restart 0 step 132
best 1832 restart 0 step 133
best 1831 restart 0 step 135
best 1814 restart 0 step 136
best 1804 restart 0 step 137
best 1786 restart 0 step 139
best 1743 restart 0 step 141
best 1723 restart 0 step 144
best 1706 restart 0 step 149
best 1703 restart 0 step 150
best 1696 restart 0 step 151
best 1678 restart 0 step 152
best 1671 restart 0 step 153
best 1655 restart 0 step 156
best 1645 restart 0 step 158
best 1637 restart 0 step 161
best 1600 restart 0 step 162
best 1556 restart 0 step 163
best 1537 restart 0 step 167
best 1533 restart 0 step 168
best 1510 restart 0 step 169
best 1500 restart 0 step 170
best 1490 restart 0 step 171
best 1476 restart 0 step 172
best 1474 restart 0 step 173
best 1463 restart 0 step 174
best 1457 restart 0 step 176
best 1422 restart 0 step 177
best 1417 restart 0 step 178
best 1403 restart 0 step 179
best 1377 restart 0 step 180
best 1366 restart 0 step 181
best 1364 restart 0 step 182
best 1355 restart 0 step 183
best 1331 restart 0 step 184
best 1322 restart 0 step 189
best 1309 restart 0 step 191
best 1264 restart 0 step 193
best 1242 restart 0 step 194
best 1219 restart 0 step 195
best 1195 restart 0 step 196
best 1168 restart 0 step 197
best 1150 restart 0 step 198
best 1129 restart 0 step 201
best 1118 restart 0 step 202
best 1116 restart 0 step 203
best 1111 restart 0 step 204
best 1086 restart 0 step 205
best 989 restart 0 step 206
best 981 restart 0 step 207
best 961 restart 0 step 208
best 943 restart 0 step 209
best 941 restart 0 step 210
best 936 restart 0 step 211
best 927 restart 0 step 212
best 908 restart 0 step 213
best 907 restart 0 step 214
best 882 restart 0 step 219
best 859 restart 0 step 220
best 838 restart 0 step 222
best 827 restart 0 step 223
best 790 restart 0 step 224
best 753 restart 0 step 225
best 738 restart 0 step 226
best 732 restart 0 step 227
best 712 restart 0 step 228
best 711 restart 0 step 229
best 694 restart 0 step 230
best 680 restart 0 step 231
best 669 restart 0 step 232
best 667 restart 0 step 233
best 646 restart 0 step 235
best 626 restart 0 step 236
best 613 restart 0 step 237
best 592 restart 0 step 238
best 588 restart 0 step 240
best 584 restart 0 step 242
best 563 restart 0 step 247
best 549 restart 0 step 249
best 524 restart 0 step 251
best 513 restart 0 step 252
best 506 restart 0 step 253
best 504 restart 0 step 255
best 482 restart 0 step 256
best 480 restart 0 step 257
best 478 restart 0 step 258
best 472 restart 0 step 259
best 457 restart 0 step 260
best 448 restart 0 step 261
best 436 restart 0 step 262
best 433 restart 0 step 265
best 419 restart 0 step 266
best 388 restart 0 step 270
best 383 restart 0 step 272
best 360 restart 0 step 273
best 346 restart 0 step 275
best 335 restart 0 step 276
best 326 restart 0 step 277
best 289 restart 0 step 284
best 286 restart 0 step 286
best 262 restart 0 step 287
best 261 restart 0 step 288
best 252 restart 0 step 289
best 246 restart 0 step 290
best 239 restart 0 step 292
best 227 restart 0 step 293
best 224 restart 0 step 295
best 216 restart 0 step 296
best 215 restart 0 step 297
best 208 restart 0 step 299
best 189 restart 0 step 303
best 188 restart 0 step 304
best 183 restart 0 step 306
best 177 restart 0 step 307
best 166 restart 0 step 308
best 156 restart 0 step 309
best 149 restart 0 step 312
best 148 restart 0 step 314
best 147 restart 0 step 316
best 143 restart 0 step 317
best 139 restart 0 step 319
best 137 restart 0 step 320
best 136 restart 0 step 321
best 134 restart 0 step 322
best 126 restart 0 step 323
best 123 restart 0 step 324
best 89 restart 0 step 325
best 79 restart 0 step 327
best 78 restart 0 step 328
best 72 restart 0 step 333
best 63 restart 0 step 335
best 61 restart 0 step 337
best 56 restart 0 step 338
best 53 restart 0 step 339
best 52 restart 0 step 340
best 42 restart 0 step 341
best 37 restart 0 step 342
best 35 restart 0 step 343
best 34 restart 0 step 344
best 33 restart 0 step 347
best 24 restart 0 step 350
best 23 restart 0 step 352
best 21 restart 0 step 353
best 20 restart 0 step 354
best 18 restart 0 step 356
best 16 restart 0 step 357
best 15 restart 0 step 362
best 12 restart 0 step 363
best 11 restart 0 step 364
best 10 restart 0 step 365
best 9 restart 0 step 366
best 8 restart 0 step 367
best 7 restart 0 step 368
best 6 restart 0 step 369
best 5 restart 0 step 372
best 3 restart 0 step 373
best 1 restart 0 step 374
