R13 2234
states 195 triples 815633
best 1623
best 1557
best 1503
best 1459
best 1447
best 1414
best 1389
best 1348
best 1276
best 1242
best 1220
best 1190
best 1168
best 1146
best 1132
best 1117
best 1106
best 1080
best 1063
best 1045
best 988
best 942
best 931
best 926
best 915
best 904
best 874
best 873
best 852
best 837
best 831
best 825
best 818
best 817
best 816
best 815
best 814
best 807
best 804
best 801
best 799
best 798
best 797
best 795
best 794
best 793
best 792
best 791
best 790
best 789
best 788
best 785
best 784
best 783
best 777
best 772
best 771
best 762
best 756
best 755
best 754
best 753
best 746
best 739
best 733
best 727
best 725
best 693
best 691
best 690
best 678
best 668
best 664
best 655
best 651
best 645
best 639
best 629
best 626
best 625
best 620
best 617
best 615
best 604
best 599
best 584
best 571
best 568
best 566
best 559
best 558
best 554
best 544
best 543
best 538
best 537
best 527
best 523
best 517
best 511
best 496
best 492
best 489
best 488
best 479
best 474
best 471
best 470
best 466
best 456
best 452
best 450
best 449
best 448
best 438
best 402
best 392
best 391
best 381
best 380
best 379
best 369
best 366
best 365
best 362
best 357
best 355
best 351
best 348
best 346
best 345
best 317
best 312
best 302
best 300
best 299
best 296
best 295
best 290
best 285
best 281
best 278
best 260
best 250
best 240
