R13 2234
states 195 triples 815633
best 2939
best 2873
best 2807
best 2752
best 2686
best 2620
best 2565
best 2499
best 2433
best 2378
best 2312
best 2267
best 2212
best 2134
best 2098
best 2043
best 1998
best 1943
best 1877
best 1849
best 1783
best 1728
best 1683
best 1638
best 1593
best 1539
best 1474
best 1430
best 1410
best 1366
best 1331
best 1296
best 1261
best 1234
best 1180
best 1136
best 1109
best 1067
best 1049
best 1024
best 991
best 915
best 897
best 872
best 839
best 806
best 795
best 762
best 744
best 714
best 692
best 670
best 640
best 617
best 602
best 580
best 573
best 558
best 543
best 528
best 519
best 511
best 506
best 495
best 484
best 473
best 468
best 459
best 458
best 447
best 444
best 439
best 434
best 425
best 423
best 422
best 421
best 419
best 418
best 417
best 416
best 415
best 410
best 405
best 401
best 389
best 379
best 377
best 368
best 362
best 361
best 360
best 359
best 358
best 355
best 354
best 353
best 351
best 350
best 345
best 341
best 336
best 335
best 331
best 326
best 323
best 311
best 296
best 295
best 292
best 286
best 282
best 272
best 271
best 261
best 255
best 251
best 241
best 240
