10000 0.49999999999999856
20000 0.49999999999999856
30000 0.49999999999999856
40000 0.49999999999999856
50000 0.49999999999999856
60000 0.49999999999999856
70000 0.49999999999999856
80000 0.49999999999999856
90000 0.49999999999999856
100000 0.49999999999999856
110000 0.49999999999999856
120000 0.49999999999999856
130000 0.49999999999999856
140000 0.49999999999999856
150000 0.49999999999999856
160000 0.49999999999999856
170000 0.49999999999999856
180000 0.49999999999999856
190000 0.49999999999999856
200000 0.49999999999999856
{"ratio": 0.49999999999999856, "out": "experiments/core_opt_81.json"}
