10000 0.49999999999999867
20000 0.49999999999999867
30000 0.49999999999999845
40000 0.49999999999999845
50000 0.49999999999999845
60000 0.49999999999999845
70000 0.49999999999999845
80000 0.49999999999999845
90000 0.49999999999999845
100000 0.49999999999999845
110000 0.49999999999999845
120000 0.49999999999999845
130000 0.49999999999999845
140000 0.49999999999999845
150000 0.49999999999999845
160000 0.49999999999999845
170000 0.49999999999999845
180000 0.49999999999999845
190000 0.49999999999999845
200000 0.49999999999999845
{"ratio": 0.49999999999999845, "out": "experiments/core_opt_61.json"}
