relations 1762
states 77 triples 37940
best 488
best 454
best 431
best 413
best 397
best 387
best 366
best 361
best 342
best 341
best 323
best 316
best 310
best 304
best 303
best 302
best 300
best 295
best 294
best 291
best 285
best 280
best 274
best 273
best 270
best 261
best 260
best 255
best 245
best 242
best 227
best 217
best 213
best 212
best 209
best 208
best 204
best 193
best 183
best 178
best 168
best 166
best 134
best 132
best 125
best 124
best 120
best 119
best 112
best 104
best 100
best 85
best 79
best 73
best 70
best 67
best 64
best 58
best 56
best 53
best 51
best 50
best 35
best 14
best 10
best 6
best 4
