relations 2234 136 states 83 triples 48301
best 414
best 380
best 368
best 342
best 337
best 336
best 320
best 310
best 309
best 302
best 301
best 299
best 298
best 296
best 294
best 292
best 291
best 290
best 285
best 283
best 280
best 278
best 266
best 262
best 261
best 251
best 248
best 232
best 230
best 220
best 219
best 217
best 207
best 206
best 194
best 192
best 182
best 180
best 179
best 177
best 176
best 173
best 168
best 164
best 155
best 154
best 153
best 152
best 142
best 141
best 131
best 125
best 123
best 122
best 116
best 114
best 108
best 98
best 97
best 96
best 95
best 94
best 92
best 77
best 71
best 65
best 64
best 57
best 52
best 49
best 48
best 45
best 44
best 43
best 37
best 34
best 33
best 27
best 12
best 11
best 8
best 5
best 4
best 3
