relations 1762
states 77 triples 37940
best 294
best 268
best 263
best 245
best 244
best 234
best 228
best 223
best 222
best 220
best 219
best 217
best 216
best 214
best 212
best 209
best 208
best 199
best 196
best 195
best 192
best 175
best 171
best 161
best 155
best 154
best 153
best 143
best 142
best 141
best 139
best 137
best 131
best 129
best 128
best 127
best 126
best 125
best 124
best 123
best 120
best 117
best 111
best 110
best 108
best 104
best 103
best 97
best 90
best 89
best 88
best 81
best 78
best 77
best 74
best 72
best 67
best 51
best 39
best 33
best 30
best 29
best 26
best 16
best 13
best 8
best 5
best 4
best 3
best 2
