relations 2234 136 states 83 triples 48301
best 326
best 306
best 297
best 294
best 276
best 265
best 260
best 255
best 250
best 249
best 238
best 234
best 226
best 224
best 223
best 221
best 220
best 219
best 218
best 217
best 216
best 213
best 203
best 199
best 198
best 195
best 174
best 173
best 172
best 171
best 168
best 166
best 163
best 152
best 147
best 141
best 131
best 127
best 124
best 121
best 119
best 117
best 116
best 115
best 112
best 109
best 103
best 101
best 73
best 65
best 62
best 55
best 52
best 51
best 48
best 45
best 40
best 39
best 36
best 30
best 29
best 26
best 23
best 21
best 20
best 19
best 14
best 13
best 10
best 8
best 7
best 4
best 3
best 2
best 1
