best 3543 restart 0 step 0
best 3541 restart 0 step 1
best 3534 restart 0 step 2
best 3532 restart 0 step 3
best 3528 restart 0 step 4
best 3524 restart 0 step 5
best 3522 restart 0 step 6
best 3515 restart 0 step 7
best 3512 restart 0 step 8
best 3504 restart 0 step 10
best 3497 restart 0 step 11
best 3494 restart 0 step 12
best 3486 restart 0 step 13
best 3480 restart 0 step 14
best 3475 restart 0 step 16
best 3472 restart 0 step 18
best 3470 restart 0 step 19
best 3465 restart 0 step 20
best 3462 restart 0 step 21
best 3455 restart 0 step 22
best 3448 restart 0 step 23
best 3445 restart 0 step 25
best 3442 restart 0 step 28
best 3439 restart 0 step 29
best 3433 restart 0 step 30
best 3423 restart 0 step 31
best 3422 restart 0 step 32
best 3414 restart 0 step 33
best 3408 restart 0 step 34
best 3404 restart 0 step 35
best 3401 restart 0 step 36
best 3397 restart 0 step 37
best 3391 restart 0 step 38
best 3383 restart 0 step 39
best 3381 restart 0 step 40
best 3377 restart 0 step 41
best 3370 restart 0 step 42
best 3366 restart 0 step 43
best 3363 restart 0 step 45
best 3359 restart 0 step 46
best 3355 restart 0 step 47
best 3352 restart 0 step 48
best 3347 restart 0 step 49
best 3337 restart 0 step 50
best 3331 restart 0 step 51
best 3325 restart 0 step 52
best 3321 restart 0 step 53
best 3316 restart 0 step 54
best 3314 restart 0 step 55
best 3310 restart 0 step 57
best 3308 restart 0 step 58
best 3303 restart 0 step 60
best 3300 restart 0 step 61
best 3296 restart 0 step 62
best 3293 restart 0 step 63
best 3292 restart 0 step 64
best 3287 restart 0 step 66
best 3278 restart 0 step 67
best 3275 restart 0 step 68
best 3268 restart 0 step 69
best 3267 restart 0 step 70
best 3264 restart 0 step 71
best 3260 restart 0 step 72
best 3256 restart 0 step 73
best 3254 restart 0 step 74
best 3249 restart 0 step 75
best 3248 restart 0 step 76
best 3241 restart 0 step 79
best 3235 restart 0 step 80
best 3232 restart 0 step 84
best 3225 restart 0 step 86
best 3219 restart 0 step 87
best 3218 restart 0 step 88
best 3215 restart 0 step 89
best 3205 restart 0 step 90
best 3199 restart 0 step 91
best 3190 restart 0 step 93
best 3182 restart 0 step 94
best 3179 restart 0 step 95
best 3172 restart 0 step 97
best 3168 restart 0 step 99
best 3164 restart 0 step 100
best 3163 restart 0 step 101
best 3159 restart 0 step 102
best 3151 restart 0 step 103
best 3149 restart 0 step 104
best 3141 restart 0 step 106
best 3140 restart 0 step 107
best 3138 restart 0 step 108
best 3136 restart 0 step 110
best 3132 restart 0 step 112
best 3126 restart 0 step 113
best 3122 restart 0 step 116
best 3117 restart 0 step 117
best 3116 restart 0 step 118
best 3115 restart 0 step 120
best 3107 restart 0 step 121
best 3102 restart 0 step 123
best 3101 restart 0 step 124
best 3100 restart 0 step 125
best 3093 restart 0 step 126
best 3091 restart 0 step 127
best 3090 restart 0 step 129
best 3086 restart 0 step 130
best 3082 restart 0 step 131
best 3079 restart 0 step 134
best 3074 restart 0 step 135
best 3071 restart 0 step 138
best 3064 restart 0 step 139
best 3052 restart 0 step 140
best 3048 restart 0 step 143
best 3042 restart 0 step 144
best 3033 restart 0 step 146
best 3028 restart 0 step 147
best 3025 restart 0 step 149
best 3024 restart 0 step 151
best 3021 restart 0 step 152
best 3018 restart 0 step 153
best 3013 restart 0 step 154
best 3007 restart 0 step 155
best 2996 restart 0 step 156
best 2987 restart 0 step 157
best 2984 restart 0 step 158
best 2981 restart 0 step 161
best 2979 restart 0 step 163
best 2973 restart 0 step 164
best 2970 restart 0 step 165
best 2966 restart 0 step 166
best 2963 restart 0 step 167
best 2961 restart 0 step 168
best 2958 restart 0 step 173
best 2955 restart 0 step 174
best 2954 restart 0 step 175
best 2945 restart 0 step 176
best 2938 restart 0 step 177
best 2934 restart 0 step 178
best 2931 restart 0 step 179
best 2930 restart 0 step 180
best 2923 restart 0 step 181
best 2922 restart 0 step 182
best 2911 restart 0 step 184
best 2909 restart 0 step 185
best 2898 restart 0 step 186
best 2894 restart 0 step 187
best 2887 restart 0 step 188
best 2878 restart 0 step 189
best 2873 restart 0 step 190
best 2872 restart 0 step 192
best 2862 restart 0 step 194
best 2856 restart 0 step 196
best 2855 restart 0 step 197
best 2848 restart 0 step 198
best 2845 restart 0 step 199
best 2836 restart 0 step 200
best 2827 restart 0 step 203
best 2825 restart 0 step 205
best 2822 restart 0 step 206
best 2816 restart 0 step 208
best 2811 restart 0 step 212
best 2810 restart 0 step 214
best 2808 restart 0 step 215
best 2807 restart 0 step 216
best 2805 restart 0 step 220
best 2801 restart 0 step 221
best 2797 restart 0 step 222
best 2792 restart 0 step 224
best 2787 restart 0 step 225
best 2783 restart 0 step 226
best 2781 restart 0 step 227
best 2773 restart 0 step 228
best 2769 restart 0 step 229
best 2764 restart 0 step 231
best 2763 restart 0 step 232
best 2761 restart 0 step 234
best 2758 restart 0 step 235
best 2757 restart 0 step 236
best 2751 restart 0 step 240
best 2747 restart 0 step 241
best 2743 restart 0 step 242
best 2742 restart 0 step 245
best 2735 restart 0 step 248
best 2732 restart 0 step 249
best 2727 restart 0 step 250
best 2724 restart 0 step 251
best 2723 restart 0 step 252
best 2722 restart 0 step 253
best 2719 restart 0 step 254
best 2716 restart 0 step 256
best 2715 restart 0 step 259
best 2709 restart 0 step 261
best 2706 restart 0 step 264
best 2699 restart 0 step 265
best 2695 restart 0 step 267
best 2690 restart 0 step 268
best 2687 restart 0 step 269
best 2684 restart 0 step 270
best 2682 restart 0 step 271
best 2677 restart 0 step 272
best 2671 restart 0 step 276
best 2668 restart 0 step 278
best 2666 restart 0 step 282
best 2664 restart 0 step 289
best 2663 restart 0 step 290
best 2661 restart 0 step 294
best 2659 restart 0 step 295
best 2655 restart 0 step 296
best 2649 restart 0 step 297
best 2645 restart 0 step 300
best 2636 restart 0 step 303
best 2632 restart 0 step 304
best 2631 restart 0 step 307
best 2629 restart 0 step 308
best 2622 restart 0 step 310
best 2621 restart 0 step 311
best 2612 restart 0 step 314
best 2604 restart 0 step 316
best 2592 restart 0 step 320
best 2585 restart 0 step 321
best 2580 restart 0 step 322
best 2576 restart 0 step 323
best 2575 restart 0 step 324
best 2570 restart 0 step 326
best 2568 restart 0 step 327
best 2564 restart 0 step 328
best 2558 restart 0 step 330
best 2557 restart 0 step 331
best 2551 restart 0 step 332
best 2549 restart 0 step 333
best 2546 restart 0 step 334
best 2542 restart 0 step 336
best 2538 restart 0 step 338
best 2534 restart 0 step 339
best 2532 restart 0 step 340
best 2528 restart 0 step 341
best 2524 restart 0 step 342
best 2520 restart 0 step 344
best 2519 restart 0 step 345
best 2514 restart 0 step 346
best 2511 restart 0 step 348
best 2505 restart 0 step 349
best 2501 restart 0 step 352
best 2497 restart 0 step 353
best 2494 restart 0 step 354
best 2491 restart 0 step 355
best 2484 restart 0 step 357
best 2482 restart 0 step 363
best 2481 restart 0 step 366
best 2480 restart 0 step 367
best 2479 restart 0 step 368
best 2471 restart 0 step 369
best 2469 restart 0 step 370
best 2467 restart 0 step 373
best 2466 restart 0 step 378
best 2463 restart 0 step 379
best 2456 restart 0 step 380
best 2450 restart 0 step 381
best 2443 restart 0 step 384
best 2440 restart 0 step 385
best 2438 restart 0 step 387
best 2429 restart 0 step 388
best 2427 restart 0 step 391
best 2424 restart 0 step 392
best 2419 restart 0 step 393
best 2417 restart 0 step 396
best 2411 restart 0 step 397
best 2407 restart 0 step 398
best 2402 restart 0 step 403
best 2400 restart 0 step 404
best 2399 restart 0 step 405
best 2397 restart 0 step 406
best 2395 restart 0 step 407
best 2389 restart 0 step 409
best 2386 restart 0 step 416
best 2385 restart 0 step 418
best 2384 restart 0 step 422
best 2382 restart 0 step 425
best 2381 restart 0 step 426
best 2378 restart 0 step 427
best 2375 restart 0 step 428
best 2374 restart 0 step 429
best 2373 restart 0 step 430
best 2367 restart 0 step 431
best 2366 restart 0 step 435
best 2365 restart 0 step 437
best 2364 restart 0 step 440
best 2360 restart 0 step 441
best 2357 restart 0 step 442
best 2352 restart 0 step 443
best 2350 restart 0 step 444
best 2344 restart 0 step 449
best 2342 restart 0 step 450
best 2338 restart 0 step 451
best 2335 restart 0 step 453
best 2329 restart 0 step 454
best 2320 restart 0 step 456
best 2315 restart 0 step 457
best 2313 restart 0 step 460
best 2309 restart 0 step 462
best 2301 restart 0 step 465
best 2295 restart 0 step 467
best 2293 restart 0 step 469
best 2291 restart 0 step 472
best 2288 restart 0 step 476
best 2286 restart 0 step 478
best 2283 restart 0 step 479
best 2280 restart 0 step 486
best 2279 restart 0 step 488
best 2278 restart 0 step 489
best 2276 restart 0 step 491
best 2273 restart 0 step 494
best 2272 restart 0 step 495
best 2269 restart 0 step 497
best 2268 restart 0 step 498
best 2267 restart 0 step 500
best 2263 restart 0 step 502
best 2260 restart 0 step 503
best 2254 restart 0 step 504
best 2251 restart 0 step 507
best 2249 restart 0 step 508
best 2248 restart 0 step 511
best 2247 restart 0 step 512
best 2240 restart 0 step 514
best 2238 restart 0 step 516
best 2237 restart 0 step 519
best 2235 restart 0 step 524
best 2228 restart 0 step 526
best 2223 restart 0 step 528
best 2217 restart 0 step 529
best 2213 restart 0 step 531
best 2212 restart 0 step 532
best 2210 restart 0 step 537
best 2209 restart 0 step 541
best 2202 restart 0 step 545
best 2198 restart 0 step 546
best 2197 restart 0 step 549
best 2195 restart 0 step 553
best 2190 restart 0 step 556
best 2187 restart 0 step 558
best 2185 restart 0 step 559
best 2184 restart 0 step 561
best 2176 restart 0 step 562
best 2175 restart 0 step 579
best 2172 restart 0 step 580
best 2169 restart 0 step 581
best 2165 restart 0 step 582
best 2163 restart 0 step 584
best 2161 restart 0 step 585
best 2155 restart 0 step 587
best 2152 restart 0 step 590
best 2140 restart 0 step 593
best 2134 restart 0 step 595
best 2127 restart 0 step 596
best 2125 restart 0 step 599
best 2120 restart 0 step 601
best 2117 restart 0 step 602
best 2115 restart 0 step 606
best 2112 restart 0 step 607
best 2111 restart 0 step 608
best 2109 restart 0 step 613
best 2095 restart 0 step 615
best 2090 restart 0 step 616
best 2082 restart 0 step 617
best 2078 restart 0 step 620
best 2072 restart 0 step 623
best 2069 restart 0 step 624
best 2058 restart 0 step 625
best 2053 restart 0 step 630
best 2049 restart 0 step 631
best 2043 restart 0 step 632
best 2042 restart 0 step 633
best 2040 restart 0 step 634
best 2037 restart 0 step 636
best 2036 restart 0 step 643
best 2034 restart 0 step 649
best 2033 restart 0 step 653
best 2025 restart 0 step 655
best 2022 restart 0 step 656
best 2021 restart 0 step 658
best 2018 restart 0 step 664
best 2015 restart 0 step 665
best 2011 restart 0 step 671
best 2008 restart 0 step 678
best 2006 restart 0 step 683
best 2005 restart 0 step 685
best 2002 restart 0 step 687
best 1998 restart 0 step 689
best 1996 restart 0 step 690
best 1988 restart 0 step 694
best 1987 restart 0 step 696
best 1985 restart 0 step 697
best 1981 restart 0 step 699
best 1979 restart 0 step 701
best 1977 restart 0 step 702
best 1970 restart 0 step 703
best 1963 restart 0 step 704
best 1961 restart 0 step 705
best 1955 restart 0 step 707
best 1953 restart 0 step 708
best 1947 restart 0 step 711
best 1946 restart 0 step 712
best 1942 restart 0 step 715
best 1934 restart 0 step 717
best 1927 restart 0 step 719
best 1916 restart 0 step 720
best 1912 restart 0 step 722
best 1903 restart 0 step 726
best 1900 restart 0 step 729
best 1899 restart 0 step 733
best 1897 restart 0 step 735
best 1896 restart 0 step 737
best 1894 restart 0 step 738
best 1890 restart 0 step 741
best 1887 restart 0 step 747
best 1879 restart 0 step 751
best 1874 restart 0 step 752
best 1865 restart 0 step 758
best 1864 restart 0 step 762
best 1863 restart 0 step 764
best 1856 restart 0 step 769
best 1854 restart 0 step 770
best 1850 restart 0 step 772
best 1847 restart 0 step 775
best 1845 restart 0 step 776
best 1843 restart 0 step 777
best 1836 restart 0 step 782
best 1833 restart 0 step 786
best 1829 restart 0 step 787
best 1828 restart 0 step 790
best 1827 restart 0 step 795
best 1826 restart 0 step 796
best 1825 restart 0 step 797
best 1815 restart 0 step 799
best 1814 restart 0 step 800
best 1809 restart 0 step 802
best 1807 restart 0 step 804
best 1805 restart 0 step 805
best 1804 restart 0 step 806
best 1802 restart 0 step 809
best 1799 restart 0 step 811
best 1798 restart 0 step 812
best 1796 restart 0 step 813
best 1792 restart 0 step 817
best 1785 restart 0 step 818
best 1784 restart 0 step 820
best 1783 restart 0 step 823
best 1781 restart 0 step 824
best 1768 restart 0 step 826
best 1760 restart 0 step 836
best 1759 restart 0 step 839
best 1755 restart 0 step 840
best 1752 restart 0 step 842
best 1749 restart 0 step 844
best 1746 restart 0 step 850
best 1744 restart 0 step 851
best 1740 restart 0 step 862
best 1736 restart 0 step 863
best 1735 restart 0 step 868
best 1732 restart 0 step 870
best 1729 restart 0 step 872
best 1724 restart 0 step 874
best 1722 restart 0 step 875
best 1718 restart 0 step 877
best 1717 restart 0 step 880
best 1716 restart 0 step 881
best 1712 restart 0 step 883
best 1711 restart 0 step 884
best 1710 restart 0 step 885
best 1709 restart 0 step 889
best 1705 restart 0 step 890
best 1703 restart 0 step 897
best 1700 restart 0 step 901
best 1695 restart 0 step 903
best 1687 restart 0 step 905
best 1681 restart 0 step 906
best 1672 restart 0 step 908
best 1667 restart 0 step 912
best 1665 restart 0 step 914
best 1661 restart 0 step 919
best 1659 restart 0 step 920
best 1653 restart 0 step 921
best 1651 restart 0 step 925
best 1650 restart 0 step 927
best 1646 restart 0 step 930
best 1645 restart 0 step 940
best 1643 restart 0 step 941
best 1640 restart 0 step 948
best 1635 restart 0 step 950
best 1633 restart 0 step 952
best 1623 restart 0 step 954
best 1620 restart 0 step 957
best 1615 restart 0 step 959
best 1607 restart 0 step 960
best 1606 restart 0 step 965
best 1604 restart 0 step 968
best 1592 restart 0 step 969
best 1591 restart 0 step 971
best 1590 restart 0 step 974
best 1587 restart 0 step 975
best 1578 restart 0 step 976
best 1576 restart 0 step 977
best 1574 restart 0 step 982
best 1572 restart 0 step 983
best 1569 restart 0 step 986
best 1565 restart 0 step 988
best 1564 restart 0 step 992
best 1562 restart 0 step 995
best 1556 restart 0 step 998
best 1553 restart 0 step 1014
best 1541 restart 0 step 1015
best 1538 restart 0 step 1016
best 1537 restart 0 step 1017
best 1535 restart 0 step 1018
best 1530 restart 0 step 1019
best 1527 restart 0 step 1020
best 1526 restart 0 step 1021
best 1524 restart 0 step 1025
best 1522 restart 0 step 1027
best 1521 restart 0 step 1028
best 1520 restart 0 step 1030
best 1518 restart 0 step 1032
best 1516 restart 0 step 1033
best 1510 restart 0 step 1039
best 1509 restart 0 step 1042
best 1499 restart 0 step 1046
best 1493 restart 0 step 1047
best 1480 restart 0 step 1049
best 1474 restart 0 step 1054
best 1469 restart 0 step 1058
best 1466 restart 0 step 1059
best 1462 restart 0 step 1060
best 1459 restart 0 step 1064
best 1455 restart 0 step 1065
best 1450 restart 0 step 1066
best 1445 restart 0 step 1068
best 1438 restart 0 step 1070
best 1433 restart 0 step 1071
best 1427 restart 0 step 1078
best 1426 restart 0 step 1079
best 1425 restart 0 step 1080
best 1423 restart 0 step 1083
best 1421 restart 0 step 1086
best 1420 restart 0 step 1090
best 1419 restart 0 step 1092
best 1418 restart 0 step 1100
best 1410 restart 0 step 1101
best 1405 restart 0 step 1105
best 1402 restart 0 step 1108
best 1392 restart 0 step 1114
best 1390 restart 0 step 1115
best 1388 restart 0 step 1117
best 1387 restart 0 step 1118
best 1375 restart 0 step 1121
best 1364 restart 0 step 1127
best 1352 restart 0 step 1128
best 1342 restart 0 step 1134
best 1341 restart 0 step 1136
best 1338 restart 0 step 1137
best 1333 restart 0 step 1138
best 1328 restart 0 step 1140
best 1327 restart 0 step 1142
best 1324 restart 0 step 1143
best 1314 restart 0 step 1145
best 1308 restart 0 step 1147
best 1307 restart 0 step 1148
best 1306 restart 0 step 1150
best 1305 restart 0 step 1153
best 1292 restart 0 step 1156
best 1287 restart 0 step 1160
best 1286 restart 0 step 1162
best 1285 restart 0 step 1163
best 1282 restart 0 step 1165
best 1280 restart 0 step 1166
best 1279 restart 0 step 1167
best 1275 restart 0 step 1168
best 1274 restart 0 step 1176
best 1273 restart 0 step 1177
best 1269 restart 0 step 1178
best 1262 restart 0 step 1183
best 1237 restart 0 step 1184
best 1236 restart 0 step 1190
best 1230 restart 0 step 1192
best 1228 restart 0 step 1193
best 1217 restart 0 step 1196
best 1215 restart 0 step 1198
best 1212 restart 0 step 1199
best 1209 restart 0 step 1200
best 1205 restart 0 step 1207
best 1201 restart 0 step 1210
best 1194 restart 0 step 1212
best 1187 restart 0 step 1214
best 1181 restart 0 step 1215
best 1180 restart 0 step 1217
best 1177 restart 0 step 1218
best 1172 restart 0 step 1220
best 1168 restart 0 step 1221
best 1163 restart 0 step 1225
best 1157 restart 0 step 1227
best 1155 restart 0 step 1228
best 1151 restart 0 step 1230
best 1146 restart 0 step 1231
best 1145 restart 0 step 1236
best 1142 restart 0 step 1237
best 1138 restart 0 step 1238
best 1136 restart 0 step 1239
best 1132 restart 0 step 1242
best 1128 restart 0 step 1244
best 1121 restart 0 step 1246
best 1100 restart 0 step 1248
best 1095 restart 0 step 1249
best 1091 restart 0 step 1250
best 1086 restart 0 step 1254
best 1083 restart 0 step 1256
best 1081 restart 0 step 1257
best 1077 restart 0 step 1258
best 1076 restart 0 step 1260
best 1075 restart 0 step 1262
best 1068 restart 0 step 1263
best 1067 restart 0 step 1265
best 1060 restart 0 step 1266
best 1037 restart 0 step 1269
best 1033 restart 0 step 1270
best 1028 restart 0 step 1271
best 1023 restart 0 step 1274
best 1020 restart 0 step 1275
best 1019 restart 0 step 1276
best 1017 restart 0 step 1277
best 1014 restart 0 step 1278
best 1005 restart 0 step 1280
best 1003 restart 0 step 1281
best 998 restart 0 step 1284
best 997 restart 0 step 1285
best 996 restart 0 step 1286
best 991 restart 0 step 1287
best 985 restart 0 step 1290
best 984 restart 0 step 1293
best 955 restart 0 step 1296
best 943 restart 0 step 1300
best 942 restart 0 step 1301
best 940 restart 0 step 1303
best 939 restart 0 step 1304
best 933 restart 0 step 1305
best 931 restart 0 step 1308
best 930 restart 0 step 1309
best 929 restart 0 step 1312
best 925 restart 0 step 1313
best 924 restart 0 step 1314
best 923 restart 0 step 1316
best 922 restart 0 step 1317
best 920 restart 0 step 1318
best 919 restart 0 step 1322
best 918 restart 0 step 1332
best 916 restart 0 step 1333
best 914 restart 0 step 1334
best 911 restart 0 step 1335
best 910 restart 0 step 1336
best 909 restart 0 step 1337
best 905 restart 0 step 1338
best 900 restart 0 step 1340
best 899 restart 0 step 1341
best 898 restart 0 step 1354
best 897 restart 0 step 1358
best 852 restart 0 step 1361
best 848 restart 0 step 1365
best 843 restart 0 step 1367
best 840 restart 0 step 1368
best 839 restart 0 step 1369
best 837 restart 0 step 1371
best 834 restart 0 step 1373
best 833 restart 0 step 1374
best 823 restart 0 step 1375
best 817 restart 0 step 1378
best 810 restart 0 step 1383
best 808 restart 0 step 1384
best 796 restart 0 step 1386
best 795 restart 0 step 1387
best 794 restart 0 step 1388
best 791 restart 0 step 1389
best 746 restart 0 step 1390
best 743 restart 0 step 1391
best 741 restart 0 step 1392
best 735 restart 0 step 1393
best 732 restart 0 step 1395
best 727 restart 0 step 1399
best 726 restart 0 step 1400
best 719 restart 0 step 1404
best 714 restart 0 step 1408
best 711 restart 0 step 1410
best 705 restart 0 step 1413
best 700 restart 0 step 1414
best 695 restart 0 step 1417
best 694 restart 0 step 1418
best 692 restart 0 step 1420
best 687 restart 0 step 1422
best 681 restart 0 step 1425
best 675 restart 0 step 1427
best 672 restart 0 step 1429
best 671 restart 0 step 1430
best 666 restart 0 step 1433
best 662 restart 0 step 1434
best 658 restart 0 step 1435
best 656 restart 0 step 1436
best 653 restart 0 step 1437
best 649 restart 0 step 1438
best 648 restart 0 step 1442
best 646 restart 0 step 1444
best 639 restart 0 step 1448
best 638 restart 0 step 1449
best 634 restart 0 step 1451
best 624 restart 0 step 1452
best 622 restart 0 step 1454
best 620 restart 0 step 1455
best 618 restart 0 step 1456
best 617 restart 0 step 1457
best 615 restart 0 step 1458
best 614 restart 0 step 1459
best 608 restart 0 step 1460
best 607 restart 0 step 1464
best 601 restart 0 step 1465
best 600 restart 0 step 1466
best 599 restart 0 step 1467
best 596 restart 0 step 1469
best 595 restart 0 step 1472
best 594 restart 0 step 1473
best 584 restart 0 step 1475
best 582 restart 0 step 1476
best 581 restart 0 step 1480
best 580 restart 0 step 1487
best 578 restart 0 step 1488
best 573 restart 0 step 1490
best 572 restart 0 step 1491
best 570 restart 0 step 1492
best 569 restart 0 step 1494
best 567 restart 0 step 1495
best 566 restart 0 step 1497
best 562 restart 0 step 1499
best 557 restart 0 step 1503
best 555 restart 0 step 1504
best 553 restart 0 step 1506
best 552 restart 0 step 1507
best 549 restart 0 step 1508
best 548 restart 0 step 1509
best 547 restart 0 step 1512
best 544 restart 0 step 1513
best 539 restart 0 step 1514
best 537 restart 0 step 1515
best 536 restart 0 step 1516
best 533 restart 0 step 1517
best 531 restart 0 step 1521
best 526 restart 0 step 1524
best 523 restart 0 step 1526
best 519 restart 0 step 1530
best 513 restart 0 step 1533
best 511 restart 0 step 1534
best 509 restart 0 step 1537
best 506 restart 0 step 1538
best 503 restart 0 step 1539
best 502 restart 0 step 1540
best 500 restart 0 step 1542
best 498 restart 0 step 1544
best 497 restart 0 step 1546
best 494 restart 0 step 1550
best 490 restart 0 step 1551
best 483 restart 0 step 1553
best 480 restart 0 step 1554
best 476 restart 0 step 1555
best 475 restart 0 step 1557
best 472 restart 0 step 1559
best 470 restart 0 step 1560
best 469 restart 0 step 1562
best 468 restart 0 step 1563
best 466 restart 0 step 1564
best 464 restart 0 step 1565
best 463 restart 0 step 1567
best 459 restart 0 step 1568
best 457 restart 0 step 1569
best 453 restart 0 step 1570
best 449 restart 0 step 1573
best 448 restart 0 step 1576
best 447 restart 0 step 1577
best 445 restart 0 step 1582
best 443 restart 0 step 1583
best 441 restart 0 step 1585
best 439 restart 0 step 1588
best 438 restart 0 step 1591
best 437 restart 0 step 1593
best 436 restart 0 step 1598
best 419 restart 0 step 1600
best 414 restart 0 step 1606
best 405 restart 0 step 1608
best 403 restart 0 step 1609
best 400 restart 0 step 1610
best 398 restart 0 step 1612
best 394 restart 0 step 1613
best 393 restart 0 step 1614
best 386 restart 0 step 1615
best 385 restart 0 step 1617
best 383 restart 0 step 1619
best 382 restart 0 step 1645
best 350 restart 0 step 1648
best 348 restart 0 step 1652
best 344 restart 0 step 1653
best 343 restart 0 step 1656
best 341 restart 0 step 1657
best 340 restart 0 step 1658
best 336 restart 0 step 1660
best 335 restart 0 step 1661
best 333 restart 0 step 1662
best 331 restart 0 step 1665
best 330 restart 0 step 1666
best 329 restart 0 step 1667
best 326 restart 0 step 1669
best 324 restart 0 step 1670
best 321 restart 0 step 1671
best 320 restart 0 step 1673
best 319 restart 0 step 1679
best 314 restart 0 step 1682
best 313 restart 0 step 1684
best 310 restart 0 step 1685
best 307 restart 0 step 1686
best 306 restart 0 step 1688
best 304 restart 0 step 1691
best 302 restart 0 step 1692
best 301 restart 0 step 1695
best 299 restart 0 step 1696
best 295 restart 0 step 1697
best 293 restart 0 step 1698
best 292 restart 0 step 1700
best 287 restart 0 step 1701
best 284 restart 0 step 1703
best 282 restart 0 step 1705
best 280 restart 0 step 1707
best 275 restart 0 step 1710
best 274 restart 0 step 1712
best 271 restart 0 step 1713
best 270 restart 0 step 1719
best 269 restart 0 step 1720
best 267 restart 0 step 1722
best 264 restart 0 step 1723
best 263 restart 0 step 1724
best 262 restart 0 step 1725
best 261 restart 0 step 1727
best 257 restart 0 step 1728
best 255 restart 0 step 1736
best 253 restart 0 step 1737
best 251 restart 0 step 1738
best 248 restart 0 step 1742
best 246 restart 0 step 1745
best 244 restart 0 step 1748
best 243 restart 0 step 1749
best 240 restart 0 step 1753
best 239 restart 0 step 1754
best 237 restart 0 step 1755
best 233 restart 0 step 1756
best 231 restart 0 step 1757
best 229 restart 0 step 1758
best 228 restart 0 step 1760
best 227 restart 0 step 1768
best 226 restart 0 step 1769
best 224 restart 0 step 1774
best 223 restart 0 step 1780
best 222 restart 0 step 1781
best 221 restart 0 step 1782
best 220 restart 0 step 1783
best 218 restart 0 step 1784
best 217 restart 0 step 1785
best 215 restart 0 step 1786
best 214 restart 0 step 1787
best 213 restart 0 step 1792
best 210 restart 0 step 1797
best 207 restart 0 step 1799
best 205 restart 0 step 1806
best 203 restart 0 step 1814
best 201 restart 0 step 1816
best 194 restart 0 step 1820
best 193 restart 0 step 1821
best 188 restart 0 step 1823
best 179 restart 0 step 1843
best 178 restart 0 step 1848
best 177 restart 0 step 1851
best 169 restart 0 step 1852
best 164 restart 0 step 1854
best 163 restart 0 step 1855
best 161 restart 0 step 1856
best 160 restart 0 step 1858
best 157 restart 0 step 1869
best 150 restart 0 step 1873
best 149 restart 0 step 1874
best 148 restart 0 step 1875
best 145 restart 0 step 1878
best 144 restart 0 step 1880
best 143 restart 0 step 1884
best 142 restart 0 step 1885
best 140 restart 0 step 1887
best 139 restart 0 step 1888
best 138 restart 0 step 1892
best 137 restart 0 step 1896
best 135 restart 0 step 1898
best 134 restart 0 step 1899
best 132 restart 0 step 1905
best 130 restart 0 step 1908
best 129 restart 0 step 1910
best 123 restart 0 step 1912
best 119 restart 0 step 1917
best 117 restart 0 step 1925
best 116 restart 0 step 1927
best 115 restart 0 step 1929
best 114 restart 0 step 1930
best 113 restart 0 step 1932
best 111 restart 0 step 1937
best 110 restart 0 step 1939
best 109 restart 0 step 1940
best 108 restart 0 step 1945
best 106 restart 0 step 1956
best 105 restart 0 step 1977
best 103 restart 0 step 1979
best 102 restart 0 step 1987
best 101 restart 0 step 2000
best 100 restart 0 step 2002
best 99 restart 0 step 2005
best 98 restart 0 step 2006
best 97 restart 0 step 2007
best 95 restart 0 step 2008
best 94 restart 0 step 2015
best 90 restart 0 step 2016
best 88 restart 0 step 2019
best 86 restart 0 step 2020
best 84 restart 0 step 2021
best 83 restart 0 step 2034
best 82 restart 0 step 2039
best 80 restart 0 step 2052
best 79 restart 0 step 2062
best 77 restart 0 step 2066
best 75 restart 0 step 2068
best 74 restart 0 step 2069
best 73 restart 0 step 2070
best 72 restart 0 step 2077
best 71 restart 0 step 2078
best 70 restart 0 step 2080
best 69 restart 0 step 2082
best 68 restart 0 step 2084
best 67 restart 0 step 2086
best 66 restart 0 step 2088
best 65 restart 0 step 2089
best 62 restart 0 step 2096
best 60 restart 0 step 2101
best 59 restart 0 step 2103
best 57 restart 0 step 2106
best 56 restart 0 step 2125
best 53 restart 0 step 2132
best 52 restart 0 step 2156
best 51 restart 0 step 2158
best 50 restart 0 step 2167
best 49 restart 0 step 2177
best 48 restart 0 step 2186
best 47 restart 0 step 2198
best 46 restart 0 step 2199
best 45 restart 0 step 2238
best 44 restart 0 step 2250
best 43 restart 0 step 2253
best 42 restart 0 step 2257
best 41 restart 0 step 2261
best 40 restart 0 step 2271
best 38 restart 0 step 2335
best 37 restart 0 step 2365
best 36 restart 0 step 2447
best 35 restart 0 step 3015
best 34 restart 0 step 7699
best 33 restart 0 step 7828
