best 37 restart 0 step 0
best 35 restart 0 step 1
best 34 restart 0 step 2
best 32 restart 0 step 3
best 30 restart 0 step 4
best 29 restart 0 step 5
best 27 restart 0 step 7
best 25 restart 0 step 8
best 23 restart 0 step 9
best 22 restart 0 step 10
best 21 restart 0 step 12
best 20 restart 0 step 15
best 19 restart 0 step 17
best 17 restart 0 step 18
best 16 restart 0 step 19
best 13 restart 0 step 22
best 11 restart 0 step 31
best 10 restart 0 step 32
best 9 restart 0 step 44
best 8 restart 0 step 51
best 7 restart 0 step 54
best 6 restart 0 step 776
best 5 restart 0 step 6300
best 4 restart 0 step 6353
best 3 restart 0 step 6408
best 1 restart 0 step 6874
