best 126 restart 0 step 0
best 121 restart 0 step 1
best 120 restart 0 step 2
best 115 restart 0 step 3
best 114 restart 0 step 4
best 109 restart 0 step 5
best 102 restart 0 step 6
best 99 restart 0 step 7
best 98 restart 0 step 8
best 95 restart 0 step 9
best 93 restart 0 step 10
best 92 restart 0 step 11
best 90 restart 0 step 12
best 87 restart 0 step 13
best 86 restart 0 step 14
best 83 restart 0 step 16
best 78 restart 0 step 17
best 75 restart 0 step 19
best 74 restart 0 step 20
best 72 restart 0 step 21
best 70 restart 0 step 24
best 67 restart 0 step 25
best 64 restart 0 step 26
best 59 restart 0 step 29
best 58 restart 0 step 30
best 55 restart 0 step 31
best 53 restart 0 step 33
best 51 restart 0 step 34
best 49 restart 0 step 35
best 46 restart 0 step 36
best 44 restart 0 step 37
best 41 restart 0 step 39
best 40 restart 0 step 40
best 39 restart 0 step 41
best 38 restart 0 step 42
best 37 restart 0 step 43
best 36 restart 0 step 44
best 35 restart 0 step 46
best 34 restart 0 step 47
best 32 restart 0 step 50
best 31 restart 0 step 52
best 28 restart 0 step 53
best 26 restart 0 step 54
best 25 restart 0 step 56
best 23 restart 0 step 57
best 21 restart 0 step 62
best 20 restart 0 step 64
best 19 restart 0 step 67
best 18 restart 0 step 69
best 15 restart 0 step 72
best 14 restart 0 step 73
best 13 restart 0 step 76
best 11 restart 0 step 91
best 10 restart 0 step 106
best 9 restart 0 step 109
best 8 restart 0 step 141
best 7 restart 0 step 152
best 6 restart 0 step 777
best 5 restart 0 step 4496
best 4 restart 0 step 4507
best 3 restart 0 step 4514
best 2 restart 0 step 6552
best 1 restart 0 step 6572
{"found": true, "d": 7, "k": 5, "restart": 0, "step": 21111, "seconds": 1.1030852794647217, "sizes": [23, 25, 24, 22, 33]}
