best 272 restart 0 step 0
best 265 restart 0 step 1
best 264 restart 0 step 3
best 259 restart 0 step 4
best 256 restart 0 step 6
best 255 restart 0 step 7
best 252 restart 0 step 8
best 249 restart 0 step 9
best 244 restart 0 step 10
best 240 restart 0 step 11
best 236 restart 0 step 12
best 234 restart 0 step 13
best 231 restart 0 step 14
best 229 restart 0 step 16
best 228 restart 0 step 17
best 225 restart 0 step 18
best 222 restart 0 step 19
best 217 restart 0 step 20
best 216 restart 0 step 21
best 215 restart 0 step 22
best 213 restart 0 step 23
best 212 restart 0 step 24
best 208 restart 0 step 26
best 206 restart 0 step 27
best 201 restart 0 step 29
best 197 restart 0 step 31
best 192 restart 0 step 33
best 187 restart 0 step 35
best 185 restart 0 step 38
best 182 restart 0 step 39
best 180 restart 0 step 40
best 179 restart 0 step 41
best 176 restart 0 step 42
best 173 restart 0 step 44
best 169 restart 0 step 46
best 167 restart 0 step 47
best 166 restart 0 step 48
best 165 restart 0 step 51
best 164 restart 0 step 52
best 161 restart 0 step 54
best 160 restart 0 step 55
best 158 restart 0 step 56
best 153 restart 0 step 58
best 152 restart 0 step 59
best 150 restart 0 step 60
best 148 restart 0 step 61
best 147 restart 0 step 62
best 144 restart 0 step 63
best 142 restart 0 step 64
best 140 restart 0 step 65
best 139 restart 0 step 66
best 135 restart 0 step 68
best 132 restart 0 step 69
best 130 restart 0 step 70
best 129 restart 0 step 72
best 126 restart 0 step 76
best 125 restart 0 step 77
best 123 restart 0 step 79
best 120 restart 0 step 80
best 117 restart 0 step 81
best 116 restart 0 step 83
best 114 restart 0 step 84
best 112 restart 0 step 85
best 111 restart 0 step 87
best 108 restart 0 step 89
best 107 restart 0 step 90
best 105 restart 0 step 92
best 103 restart 0 step 94
best 101 restart 0 step 95
best 97 restart 0 step 99
best 96 restart 0 step 102
best 95 restart 0 step 104
best 93 restart 0 step 105
best 92 restart 0 step 107
best 90 restart 0 step 108
best 89 restart 0 step 111
best 85 restart 0 step 116
best 81 restart 0 step 119
best 80 restart 0 step 120
best 79 restart 0 step 122
best 78 restart 0 step 123
best 76 restart 0 step 124
best 74 restart 0 step 125
best 73 restart 0 step 126
best 69 restart 0 step 127
best 68 restart 0 step 130
best 67 restart 0 step 134
best 60 restart 0 step 136
best 59 restart 0 step 137
best 58 restart 0 step 138
best 57 restart 0 step 141
best 52 restart 0 step 150
best 50 restart 0 step 152
best 48 restart 0 step 153
best 47 restart 0 step 155
best 46 restart 0 step 156
best 45 restart 0 step 158
best 44 restart 0 step 162
best 37 restart 0 step 168
best 36 restart 0 step 169
best 35 restart 0 step 172
best 33 restart 0 step 174
best 31 restart 0 step 175
best 29 restart 0 step 177
best 28 restart 0 step 179
best 25 restart 0 step 180
best 24 restart 0 step 181
best 23 restart 0 step 182
best 22 restart 0 step 183
best 21 restart 0 step 188
best 20 restart 0 step 189
best 19 restart 0 step 190
best 18 restart 0 step 191
best 16 restart 0 step 192
best 15 restart 0 step 195
best 14 restart 0 step 198
best 13 restart 0 step 200
best 11 restart 0 step 206
best 10 restart 0 step 209
best 9 restart 0 step 213
best 8 restart 0 step 223
best 7 restart 0 step 288
best 6 restart 0 step 290
best 5 restart 0 step 2282
best 4 restart 0 step 11367
best 3 restart 0 step 11425
best 2 restart 0 step 11431
best 1 restart 0 step 12298
{"found": true, "d": 8, "k": 6, "restart": 2, "step": 20261, "seconds": 13.676253080368042, "sizes": [56, 31, 33, 58, 41, 36]}
