best 456 restart 0 step 0
best 454 restart 0 step 1
best 450 restart 0 step 2
best 447 restart 0 step 3
best 445 restart 0 step 4
best 444 restart 0 step 5
best 442 restart 0 step 6
best 440 restart 0 step 7
best 436 restart 0 step 8
best 429 restart 0 step 11
best 428 restart 0 step 12
best 425 restart 0 step 13
best 420 restart 0 step 14
best 418 restart 0 step 15
best 414 restart 0 step 16
best 412 restart 0 step 17
best 410 restart 0 step 19
best 409 restart 0 step 20
best 406 restart 0 step 21
best 402 restart 0 step 22
best 399 restart 0 step 23
best 397 restart 0 step 24
best 396 restart 0 step 26
best 390 restart 0 step 27
best 387 restart 0 step 29
best 383 restart 0 step 30
best 381 restart 0 step 32
best 377 restart 0 step 33
best 373 restart 0 step 34
best 372 restart 0 step 35
best 371 restart 0 step 36
best 368 restart 0 step 37
best 366 restart 0 step 38
best 364 restart 0 step 39
best 355 restart 0 step 40
best 352 restart 0 step 41
best 348 restart 0 step 42
best 347 restart 0 step 45
best 343 restart 0 step 46
best 342 restart 0 step 47
best 340 restart 0 step 51
best 338 restart 0 step 52
best 333 restart 0 step 54
best 327 restart 0 step 56
best 324 restart 0 step 57
best 319 restart 0 step 60
best 317 restart 0 step 61
best 314 restart 0 step 63
best 311 restart 0 step 65
best 307 restart 0 step 66
best 305 restart 0 step 69
best 302 restart 0 step 71
best 301 restart 0 step 72
best 299 restart 0 step 73
best 295 restart 0 step 76
best 289 restart 0 step 79
best 288 restart 0 step 80
best 284 restart 0 step 86
best 283 restart 0 step 87
best 282 restart 0 step 88
best 280 restart 0 step 89
best 276 restart 0 step 93
best 275 restart 0 step 96
best 273 restart 0 step 98
best 271 restart 0 step 99
best 268 restart 0 step 100
best 264 restart 0 step 104
best 262 restart 0 step 105
best 260 restart 0 step 107
best 256 restart 0 step 108
best 253 restart 0 step 112
best 252 restart 0 step 113
best 249 restart 0 step 114
best 244 restart 0 step 115
best 243 restart 0 step 116
best 240 restart 0 step 121
best 238 restart 0 step 122
best 237 restart 0 step 124
best 236 restart 0 step 135
best 235 restart 0 step 140
best 233 restart 0 step 145
best 229 restart 0 step 147
best 227 restart 0 step 149
best 225 restart 0 step 152
best 224 restart 0 step 159
best 223 restart 0 step 162
best 222 restart 0 step 163
best 220 restart 0 step 164
best 217 restart 0 step 171
best 215 restart 0 step 172
best 213 restart 0 step 176
best 212 restart 0 step 180
best 211 restart 0 step 182
best 205 restart 0 step 184
best 203 restart 0 step 187
best 200 restart 0 step 191
best 199 restart 0 step 204
best 196 restart 0 step 210
best 195 restart 0 step 213
best 191 restart 0 step 223
best 189 restart 0 step 226
best 188 restart 0 step 235
best 185 restart 0 step 236
best 184 restart 0 step 242
best 183 restart 0 step 243
best 180 restart 0 step 245
best 179 restart 0 step 250
best 178 restart 0 step 253
best 176 restart 0 step 256
best 173 restart 0 step 257
best 171 restart 0 step 258
best 170 restart 0 step 261
best 167 restart 0 step 266
best 165 restart 0 step 267
best 164 restart 0 step 269
best 162 restart 0 step 274
best 157 restart 0 step 275
best 156 restart 0 step 278
best 155 restart 0 step 284
best 153 restart 0 step 286
best 152 restart 0 step 296
best 149 restart 0 step 297
best 145 restart 0 step 298
best 143 restart 0 step 299
best 141 restart 0 step 304
best 137 restart 0 step 306
best 134 restart 0 step 317
best 131 restart 0 step 320
best 129 restart 0 step 322
best 124 restart 0 step 329
best 123 restart 0 step 333
best 119 restart 0 step 344
best 117 restart 0 step 347
best 111 restart 0 step 387
best 109 restart 0 step 396
best 107 restart 0 step 403
best 105 restart 0 step 404
best 103 restart 0 step 410
best 101 restart 0 step 413
best 100 restart 0 step 419
best 98 restart 0 step 428
best 95 restart 0 step 435
best 93 restart 0 step 436
best 92 restart 0 step 440
best 91 restart 0 step 443
best 90 restart 0 step 444
best 84 restart 0 step 449
best 82 restart 0 step 454
best 81 restart 0 step 456
best 79 restart 0 step 463
best 78 restart 0 step 466
best 76 restart 0 step 477
best 71 restart 0 step 484
best 68 restart 0 step 486
best 67 restart 0 step 495
best 61 restart 0 step 516
best 60 restart 0 step 518
best 57 restart 0 step 519
best 55 restart 0 step 527
best 54 restart 0 step 536
best 53 restart 0 step 546
best 51 restart 0 step 547
best 49 restart 0 step 553
best 48 restart 0 step 563
best 47 restart 0 step 641
best 46 restart 0 step 652
best 45 restart 0 step 657
best 44 restart 0 step 673
best 43 restart 0 step 682
best 41 restart 0 step 700
best 40 restart 0 step 701
best 39 restart 0 step 717
best 37 restart 0 step 719
best 36 restart 0 step 1147
best 35 restart 0 step 1529
best 34 restart 0 step 182010
