best 1217 restart 0 step 0
best 1211 restart 0 step 2
best 1204 restart 0 step 3
best 1198 restart 0 step 4
best 1194 restart 0 step 6
best 1191 restart 0 step 7
best 1187 restart 0 step 8
best 1186 restart 0 step 9
best 1185 restart 0 step 10
best 1181 restart 0 step 12
best 1176 restart 0 step 13
best 1170 restart 0 step 14
best 1166 restart 0 step 15
best 1163 restart 0 step 16
best 1161 restart 0 step 18
best 1155 restart 0 step 19
best 1153 restart 0 step 20
best 1148 restart 0 step 21
best 1146 restart 0 step 22
best 1138 restart 0 step 23
best 1135 restart 0 step 24
best 1133 restart 0 step 25
best 1126 restart 0 step 26
best 1124 restart 0 step 27
best 1122 restart 0 step 28
best 1118 restart 0 step 29
best 1113 restart 0 step 30
best 1109 restart 0 step 31
best 1106 restart 0 step 32
best 1101 restart 0 step 34
best 1100 restart 0 step 36
best 1097 restart 0 step 37
best 1095 restart 0 step 41
best 1090 restart 0 step 42
best 1087 restart 0 step 43
best 1082 restart 0 step 44
best 1077 restart 0 step 45
best 1075 restart 0 step 46
best 1071 restart 0 step 48
best 1069 restart 0 step 49
best 1068 restart 0 step 50
best 1065 restart 0 step 51
best 1062 restart 0 step 52
best 1060 restart 0 step 53
best 1059 restart 0 step 54
best 1054 restart 0 step 56
best 1052 restart 0 step 57
best 1049 restart 0 step 58
best 1048 restart 0 step 59
best 1044 restart 0 step 61
best 1041 restart 0 step 62
best 1036 restart 0 step 63
best 1035 restart 0 step 64
best 1031 restart 0 step 66
best 1029 restart 0 step 67
best 1026 restart 0 step 69
best 1025 restart 0 step 70
best 1021 restart 0 step 72
best 1017 restart 0 step 73
best 1009 restart 0 step 74
best 1005 restart 0 step 77
best 1002 restart 0 step 78
best 1000 restart 0 step 82
best 998 restart 0 step 83
best 995 restart 0 step 87
best 993 restart 0 step 89
best 986 restart 0 step 91
best 981 restart 0 step 92
best 976 restart 0 step 93
best 970 restart 0 step 94
best 969 restart 0 step 95
best 966 restart 0 step 97
best 963 restart 0 step 98
best 959 restart 0 step 99
best 957 restart 0 step 102
best 953 restart 0 step 103
best 952 restart 0 step 104
best 949 restart 0 step 105
best 948 restart 0 step 107
best 944 restart 0 step 108
best 937 restart 0 step 109
best 934 restart 0 step 110
best 932 restart 0 step 112
best 928 restart 0 step 114
best 927 restart 0 step 115
best 921 restart 0 step 117
best 918 restart 0 step 119
best 913 restart 0 step 120
best 912 restart 0 step 121
best 911 restart 0 step 122
best 909 restart 0 step 123
best 908 restart 0 step 125
best 907 restart 0 step 126
best 902 restart 0 step 131
best 901 restart 0 step 132
best 900 restart 0 step 133
best 894 restart 0 step 135
best 889 restart 0 step 137
best 883 restart 0 step 139
best 881 restart 0 step 140
best 879 restart 0 step 142
best 875 restart 0 step 143
best 874 restart 0 step 145
best 872 restart 0 step 146
best 868 restart 0 step 147
best 863 restart 0 step 148
best 860 restart 0 step 150
best 859 restart 0 step 151
best 858 restart 0 step 152
best 853 restart 0 step 154
best 852 restart 0 step 157
best 849 restart 0 step 160
best 848 restart 0 step 161
best 847 restart 0 step 162
best 844 restart 0 step 164
best 835 restart 0 step 165
best 833 restart 0 step 166
best 832 restart 0 step 167
best 831 restart 0 step 168
best 826 restart 0 step 171
best 824 restart 0 step 174
best 821 restart 0 step 176
best 820 restart 0 step 177
best 817 restart 0 step 179
best 815 restart 0 step 182
best 814 restart 0 step 184
best 812 restart 0 step 186
best 808 restart 0 step 187
best 805 restart 0 step 190
best 801 restart 0 step 192
best 799 restart 0 step 195
best 794 restart 0 step 198
best 792 restart 0 step 200
best 788 restart 0 step 203
best 784 restart 0 step 205
best 782 restart 0 step 206
best 781 restart 0 step 211
best 777 restart 0 step 212
best 774 restart 0 step 213
best 768 restart 0 step 217
best 765 restart 0 step 220
best 764 restart 0 step 221
best 763 restart 0 step 222
best 760 restart 0 step 224
best 759 restart 0 step 227
best 753 restart 0 step 229
best 751 restart 0 step 234
best 743 restart 0 step 236
best 742 restart 0 step 237
best 739 restart 0 step 241
best 735 restart 0 step 242
best 732 restart 0 step 246
best 730 restart 0 step 249
best 728 restart 0 step 251
best 726 restart 0 step 253
best 725 restart 0 step 255
best 724 restart 0 step 257
best 721 restart 0 step 258
best 719 restart 0 step 263
best 715 restart 0 step 264
best 710 restart 0 step 265
best 706 restart 0 step 268
best 702 restart 0 step 271
best 701 restart 0 step 272
best 698 restart 0 step 273
best 697 restart 0 step 274
best 696 restart 0 step 276
best 694 restart 0 step 277
best 692 restart 0 step 278
best 686 restart 0 step 280
best 683 restart 0 step 281
best 681 restart 0 step 284
best 679 restart 0 step 285
best 678 restart 0 step 287
best 674 restart 0 step 288
best 673 restart 0 step 290
best 672 restart 0 step 292
best 667 restart 0 step 297
best 665 restart 0 step 301
best 664 restart 0 step 303
best 663 restart 0 step 305
best 660 restart 0 step 308
best 659 restart 0 step 310
best 658 restart 0 step 313
best 657 restart 0 step 316
best 649 restart 0 step 317
best 645 restart 0 step 318
best 643 restart 0 step 322
best 642 restart 0 step 329
best 641 restart 0 step 331
best 637 restart 0 step 333
best 633 restart 0 step 334
best 631 restart 0 step 335
best 628 restart 0 step 336
best 626 restart 0 step 337
best 622 restart 0 step 339
best 621 restart 0 step 350
best 620 restart 0 step 353
best 617 restart 0 step 358
best 614 restart 0 step 360
best 612 restart 0 step 361
best 611 restart 0 step 368
best 610 restart 0 step 371
best 606 restart 0 step 373
best 605 restart 0 step 375
best 594 restart 0 step 377
best 588 restart 0 step 380
best 579 restart 0 step 381
best 577 restart 0 step 385
best 576 restart 0 step 387
best 575 restart 0 step 392
best 574 restart 0 step 394
best 573 restart 0 step 396
best 569 restart 0 step 397
best 565 restart 0 step 398
best 560 restart 0 step 403
best 556 restart 0 step 404
best 555 restart 0 step 406
best 554 restart 0 step 408
best 548 restart 0 step 410
best 546 restart 0 step 411
best 541 restart 0 step 412
best 539 restart 0 step 413
best 534 restart 0 step 415
best 533 restart 0 step 416
best 524 restart 0 step 417
best 520 restart 0 step 418
best 519 restart 0 step 420
best 515 restart 0 step 421
best 514 restart 0 step 422
best 513 restart 0 step 424
best 511 restart 0 step 427
best 510 restart 0 step 432
best 509 restart 0 step 435
best 505 restart 0 step 436
best 504 restart 0 step 438
best 501 restart 0 step 441
best 498 restart 0 step 443
best 493 restart 0 step 447
best 492 restart 0 step 449
best 491 restart 0 step 450
best 490 restart 0 step 451
best 486 restart 0 step 455
best 485 restart 0 step 459
best 483 restart 0 step 461
best 481 restart 0 step 468
best 479 restart 0 step 470
best 478 restart 0 step 472
best 475 restart 0 step 474
best 474 restart 0 step 478
best 473 restart 0 step 479
best 472 restart 0 step 482
best 470 restart 0 step 484
best 467 restart 0 step 485
best 465 restart 0 step 488
best 464 restart 0 step 491
best 457 restart 0 step 498
best 454 restart 0 step 500
best 452 restart 0 step 507
best 451 restart 0 step 508
best 448 restart 0 step 510
best 447 restart 0 step 511
best 446 restart 0 step 513
best 438 restart 0 step 514
best 436 restart 0 step 516
best 429 restart 0 step 519
best 426 restart 0 step 522
best 422 restart 0 step 523
best 411 restart 0 step 525
best 405 restart 0 step 526
best 401 restart 0 step 528
best 387 restart 0 step 533
best 385 restart 0 step 534
best 378 restart 0 step 535
best 377 restart 0 step 536
best 376 restart 0 step 537
best 374 restart 0 step 538
best 371 restart 0 step 539
best 368 restart 0 step 540
best 367 restart 0 step 542
best 350 restart 0 step 543
best 347 restart 0 step 545
best 345 restart 0 step 550
best 343 restart 0 step 551
best 342 restart 0 step 553
best 340 restart 0 step 555
best 334 restart 0 step 557
best 332 restart 0 step 558
best 327 restart 0 step 560
best 324 restart 0 step 562
best 323 restart 0 step 565
best 321 restart 0 step 567
best 319 restart 0 step 570
best 312 restart 0 step 573
best 295 restart 0 step 580
best 294 restart 0 step 581
best 292 restart 0 step 583
best 288 restart 0 step 585
best 287 restart 0 step 589
best 286 restart 0 step 590
best 279 restart 0 step 591
best 278 restart 0 step 593
best 275 restart 0 step 596
best 273 restart 0 step 597
best 270 restart 0 step 598
best 268 restart 0 step 599
best 266 restart 0 step 600
best 258 restart 0 step 602
best 256 restart 0 step 604
best 254 restart 0 step 606
best 252 restart 0 step 608
best 248 restart 0 step 610
best 247 restart 0 step 615
best 245 restart 0 step 616
best 242 restart 0 step 618
best 239 restart 0 step 621
best 236 restart 0 step 624
best 233 restart 0 step 625
best 230 restart 0 step 628
best 229 restart 0 step 631
best 228 restart 0 step 632
best 227 restart 0 step 637
best 226 restart 0 step 639
best 224 restart 0 step 641
best 223 restart 0 step 644
best 221 restart 0 step 647
best 217 restart 0 step 649
best 215 restart 0 step 651
best 214 restart 0 step 652
best 212 restart 0 step 654
best 211 restart 0 step 665
best 207 restart 0 step 668
best 203 restart 0 step 669
best 202 restart 0 step 672
best 200 restart 0 step 674
best 199 restart 0 step 675
best 197 restart 0 step 682
best 196 restart 0 step 688
best 194 restart 0 step 691
best 193 restart 0 step 695
best 192 restart 0 step 697
best 191 restart 0 step 702
best 190 restart 0 step 706
best 189 restart 0 step 707
best 187 restart 0 step 708
best 186 restart 0 step 711
best 184 restart 0 step 716
best 179 restart 0 step 718
best 177 restart 0 step 720
best 176 restart 0 step 721
best 175 restart 0 step 730
best 173 restart 0 step 731
best 172 restart 0 step 732
best 171 restart 0 step 735
best 170 restart 0 step 738
best 165 restart 0 step 748
best 163 restart 0 step 752
best 160 restart 0 step 755
best 158 restart 0 step 758
best 157 restart 0 step 760
best 155 restart 0 step 763
best 151 restart 0 step 764
best 149 restart 0 step 766
best 142 restart 0 step 769
best 139 restart 0 step 775
best 137 restart 0 step 779
best 136 restart 0 step 780
best 131 restart 0 step 782
best 130 restart 0 step 787
best 129 restart 0 step 794
best 125 restart 0 step 796
best 120 restart 0 step 798
best 119 restart 0 step 801
best 118 restart 0 step 804
best 117 restart 0 step 807
best 115 restart 0 step 810
best 113 restart 0 step 813
best 112 restart 0 step 817
best 110 restart 0 step 818
best 108 restart 0 step 820
best 104 restart 0 step 821
best 103 restart 0 step 825
best 102 restart 0 step 826
best 96 restart 0 step 828
best 95 restart 0 step 832
best 93 restart 0 step 835
best 91 restart 0 step 837
best 89 restart 0 step 840
best 87 restart 0 step 841
best 84 restart 0 step 842
best 83 restart 0 step 847
best 81 restart 0 step 850
best 80 restart 0 step 858
best 79 restart 0 step 863
best 78 restart 0 step 864
best 77 restart 0 step 867
best 76 restart 0 step 869
best 75 restart 0 step 877
best 74 restart 0 step 880
best 73 restart 0 step 882
best 70 restart 0 step 883
best 69 restart 0 step 884
best 68 restart 0 step 885
best 67 restart 0 step 890
best 65 restart 0 step 891
best 64 restart 0 step 905
best 62 restart 0 step 906
best 61 restart 0 step 907
best 60 restart 0 step 923
best 59 restart 0 step 938
best 58 restart 0 step 948
best 55 restart 0 step 951
best 53 restart 0 step 953
best 52 restart 0 step 954
best 51 restart 0 step 960
best 50 restart 0 step 963
best 49 restart 0 step 968
best 48 restart 0 step 974
best 47 restart 0 step 984
best 46 restart 0 step 996
best 45 restart 0 step 998
best 43 restart 0 step 1000
best 42 restart 0 step 1002
best 41 restart 0 step 1018
best 40 restart 0 step 1253
best 39 restart 0 step 1327
best 38 restart 0 step 2135
best 37 restart 0 step 3140
best 36 restart 0 step 3209
best 35 restart 0 step 3528
best 34 restart 0 step 7572
best 33 restart 0 step 7611
