best 1226 restart 0 step 0
best 1220 restart 0 step 1
best 1219 restart 0 step 2
best 1207 restart 0 step 3
best 1204 restart 0 step 4
best 1199 restart 0 step 5
best 1191 restart 0 step 7
best 1186 restart 0 step 8
best 1184 restart 0 step 9
best 1181 restart 0 step 10
best 1179 restart 0 step 12
best 1176 restart 0 step 13
best 1174 restart 0 step 14
best 1170 restart 0 step 15
best 1168 restart 0 step 16
best 1162 restart 0 step 17
best 1160 restart 0 step 20
best 1156 restart 0 step 22
best 1152 restart 0 step 23
best 1147 restart 0 step 24
best 1146 restart 0 step 26
best 1143 restart 0 step 27
best 1135 restart 0 step 28
best 1129 restart 0 step 30
best 1128 restart 0 step 31
best 1124 restart 0 step 32
best 1121 restart 0 step 34
best 1118 restart 0 step 35
best 1111 restart 0 step 36
best 1110 restart 0 step 37
best 1107 restart 0 step 38
best 1102 restart 0 step 39
best 1101 restart 0 step 40
best 1100 restart 0 step 41
best 1099 restart 0 step 42
best 1095 restart 0 step 44
best 1089 restart 0 step 45
best 1083 restart 0 step 46
best 1079 restart 0 step 47
best 1072 restart 0 step 48
best 1063 restart 0 step 50
best 1061 restart 0 step 51
best 1056 restart 0 step 54
best 1053 restart 0 step 55
best 1049 restart 0 step 56
best 1048 restart 0 step 57
best 1045 restart 0 step 58
best 1042 restart 0 step 59
best 1036 restart 0 step 60
best 1032 restart 0 step 61
best 1030 restart 0 step 62
best 1027 restart 0 step 63
best 1025 restart 0 step 64
best 1020 restart 0 step 65
best 1016 restart 0 step 66
best 1009 restart 0 step 67
best 1008 restart 0 step 68
best 1006 restart 0 step 71
best 1003 restart 0 step 72
best 1002 restart 0 step 73
best 1000 restart 0 step 74
best 999 restart 0 step 76
best 998 restart 0 step 77
best 990 restart 0 step 78
best 987 restart 0 step 80
best 985 restart 0 step 81
best 982 restart 0 step 82
best 979 restart 0 step 83
best 973 restart 0 step 86
best 972 restart 0 step 89
best 970 restart 0 step 90
best 967 restart 0 step 91
best 966 restart 0 step 95
best 964 restart 0 step 96
best 960 restart 0 step 97
best 955 restart 0 step 98
best 954 restart 0 step 101
best 951 restart 0 step 102
best 949 restart 0 step 103
best 948 restart 0 step 104
best 946 restart 0 step 105
best 945 restart 0 step 106
best 940 restart 0 step 109
best 934 restart 0 step 110
best 932 restart 0 step 111
best 929 restart 0 step 112
best 928 restart 0 step 119
best 924 restart 0 step 121
best 923 restart 0 step 122
best 922 restart 0 step 124
best 921 restart 0 step 125
best 918 restart 0 step 126
best 917 restart 0 step 127
best 915 restart 0 step 129
best 912 restart 0 step 130
best 909 restart 0 step 131
best 907 restart 0 step 132
best 903 restart 0 step 133
best 900 restart 0 step 136
best 893 restart 0 step 138
best 889 restart 0 step 139
best 888 restart 0 step 141
best 885 restart 0 step 142
best 884 restart 0 step 144
best 878 restart 0 step 145
best 877 restart 0 step 146
best 876 restart 0 step 152
best 873 restart 0 step 153
best 871 restart 0 step 154
best 866 restart 0 step 155
best 865 restart 0 step 157
best 863 restart 0 step 158
best 862 restart 0 step 160
best 859 restart 0 step 163
best 855 restart 0 step 164
best 854 restart 0 step 165
best 851 restart 0 step 166
best 849 restart 0 step 169
best 848 restart 0 step 172
best 847 restart 0 step 173
best 841 restart 0 step 174
best 838 restart 0 step 176
best 835 restart 0 step 177
best 833 restart 0 step 178
best 832 restart 0 step 179
best 829 restart 0 step 182
best 828 restart 0 step 183
best 825 restart 0 step 184
best 823 restart 0 step 187
best 814 restart 0 step 190
best 809 restart 0 step 192
best 808 restart 0 step 193
best 803 restart 0 step 194
best 801 restart 0 step 195
best 797 restart 0 step 197
best 792 restart 0 step 199
best 790 restart 0 step 200
best 785 restart 0 step 210
best 781 restart 0 step 212
best 775 restart 0 step 213
best 773 restart 0 step 214
best 770 restart 0 step 215
best 769 restart 0 step 216
best 767 restart 0 step 223
best 764 restart 0 step 225
best 763 restart 0 step 229
best 762 restart 0 step 232
best 761 restart 0 step 236
best 755 restart 0 step 238
best 752 restart 0 step 240
best 750 restart 0 step 241
best 748 restart 0 step 242
best 743 restart 0 step 243
best 741 restart 0 step 246
best 740 restart 0 step 249
best 739 restart 0 step 251
best 738 restart 0 step 252
best 735 restart 0 step 254
best 732 restart 0 step 255
best 731 restart 0 step 256
best 728 restart 0 step 259
best 726 restart 0 step 260
best 725 restart 0 step 261
best 723 restart 0 step 262
best 719 restart 0 step 264
best 713 restart 0 step 269
best 712 restart 0 step 270
best 710 restart 0 step 272
best 709 restart 0 step 273
best 706 restart 0 step 274
best 701 restart 0 step 276
best 700 restart 0 step 277
best 698 restart 0 step 278
best 692 restart 0 step 279
best 691 restart 0 step 280
best 689 restart 0 step 281
best 687 restart 0 step 285
best 684 restart 0 step 286
best 682 restart 0 step 288
best 680 restart 0 step 290
best 677 restart 0 step 291
best 670 restart 0 step 292
best 667 restart 0 step 293
best 665 restart 0 step 297
best 664 restart 0 step 298
best 661 restart 0 step 302
best 658 restart 0 step 306
best 654 restart 0 step 309
best 650 restart 0 step 321
best 647 restart 0 step 322
best 646 restart 0 step 323
best 645 restart 0 step 326
best 641 restart 0 step 327
best 639 restart 0 step 329
best 638 restart 0 step 331
best 636 restart 0 step 332
best 632 restart 0 step 333
best 631 restart 0 step 337
best 630 restart 0 step 341
best 627 restart 0 step 345
best 624 restart 0 step 349
best 623 restart 0 step 350
best 622 restart 0 step 352
best 619 restart 0 step 353
best 614 restart 0 step 359
best 610 restart 0 step 362
best 606 restart 0 step 366
best 603 restart 0 step 367
best 597 restart 0 step 371
best 585 restart 0 step 373
best 583 restart 0 step 374
best 580 restart 0 step 380
best 579 restart 0 step 381
best 574 restart 0 step 384
best 572 restart 0 step 387
best 570 restart 0 step 391
best 568 restart 0 step 392
best 565 restart 0 step 395
best 561 restart 0 step 398
best 560 restart 0 step 401
best 557 restart 0 step 405
best 556 restart 0 step 406
best 555 restart 0 step 409
best 549 restart 0 step 416
best 547 restart 0 step 418
best 545 restart 0 step 422
best 544 restart 0 step 423
best 537 restart 0 step 424
best 536 restart 0 step 426
best 532 restart 0 step 427
best 528 restart 0 step 428
best 526 restart 0 step 431
best 524 restart 0 step 434
best 520 restart 0 step 435
best 519 restart 0 step 441
best 518 restart 0 step 458
best 517 restart 0 step 460
best 516 restart 0 step 463
best 511 restart 0 step 464
best 509 restart 0 step 467
best 500 restart 0 step 468
best 497 restart 0 step 472
best 491 restart 0 step 474
best 488 restart 0 step 478
best 487 restart 0 step 482
best 486 restart 0 step 485
best 484 restart 0 step 491
best 483 restart 0 step 492
best 482 restart 0 step 493
best 481 restart 0 step 500
best 479 restart 0 step 511
best 472 restart 0 step 512
best 471 restart 0 step 513
best 469 restart 0 step 528
best 468 restart 0 step 550
best 467 restart 0 step 552
best 465 restart 0 step 555
best 463 restart 0 step 556
best 460 restart 0 step 560
best 459 restart 0 step 563
best 454 restart 0 step 565
best 452 restart 0 step 566
best 451 restart 0 step 573
best 450 restart 0 step 574
best 447 restart 0 step 577
best 445 restart 0 step 580
best 444 restart 0 step 581
best 441 restart 0 step 589
best 438 restart 0 step 590
best 435 restart 0 step 602
best 432 restart 0 step 609
best 430 restart 0 step 611
best 429 restart 0 step 613
best 428 restart 0 step 616
best 425 restart 0 step 617
best 422 restart 0 step 618
best 419 restart 0 step 633
best 417 restart 0 step 634
best 416 restart 0 step 635
best 411 restart 0 step 637
best 408 restart 0 step 638
best 407 restart 0 step 639
best 404 restart 0 step 642
best 401 restart 0 step 644
best 397 restart 0 step 647
best 394 restart 0 step 648
best 393 restart 0 step 654
best 386 restart 0 step 656
best 380 restart 0 step 661
best 377 restart 0 step 662
best 376 restart 0 step 664
best 374 restart 0 step 667
best 371 restart 0 step 668
best 370 restart 0 step 670
best 367 restart 0 step 675
best 366 restart 0 step 679
best 362 restart 0 step 680
best 357 restart 0 step 681
best 353 restart 0 step 683
best 350 restart 0 step 685
best 349 restart 0 step 691
best 348 restart 0 step 692
best 346 restart 0 step 695
best 344 restart 0 step 698
best 342 restart 0 step 700
best 341 restart 0 step 702
best 340 restart 0 step 705
best 333 restart 0 step 706
best 332 restart 0 step 707
best 327 restart 0 step 708
best 316 restart 0 step 709
best 309 restart 0 step 711
best 308 restart 0 step 713
best 307 restart 0 step 716
best 302 restart 0 step 717
best 298 restart 0 step 718
best 297 restart 0 step 721
best 294 restart 0 step 723
best 293 restart 0 step 724
best 290 restart 0 step 725
best 285 restart 0 step 727
best 284 restart 0 step 732
best 281 restart 0 step 733
best 280 restart 0 step 734
best 277 restart 0 step 738
best 276 restart 0 step 746
best 273 restart 0 step 749
best 271 restart 0 step 752
best 270 restart 0 step 755
best 268 restart 0 step 759
best 265 restart 0 step 763
best 264 restart 0 step 764
best 263 restart 0 step 766
best 259 restart 0 step 771
best 254 restart 0 step 773
best 252 restart 0 step 775
best 249 restart 0 step 778
best 246 restart 0 step 779
best 245 restart 0 step 783
best 241 restart 0 step 784
best 240 restart 0 step 788
best 239 restart 0 step 790
best 238 restart 0 step 791
best 231 restart 0 step 793
best 230 restart 0 step 794
best 229 restart 0 step 796
best 226 restart 0 step 802
best 223 restart 0 step 806
best 220 restart 0 step 812
best 214 restart 0 step 814
best 208 restart 0 step 815
best 205 restart 0 step 820
best 202 restart 0 step 825
best 199 restart 0 step 851
best 193 restart 0 step 853
best 190 restart 0 step 854
best 186 restart 0 step 857
best 185 restart 0 step 858
best 183 restart 0 step 859
best 182 restart 0 step 862
best 180 restart 0 step 865
best 178 restart 0 step 869
best 176 restart 0 step 870
best 175 restart 0 step 873
best 171 restart 0 step 875
best 169 restart 0 step 877
best 166 restart 0 step 880
best 165 restart 0 step 883
best 162 restart 0 step 890
best 161 restart 0 step 891
best 146 restart 0 step 894
best 144 restart 0 step 895
best 143 restart 0 step 896
best 141 restart 0 step 897
best 140 restart 0 step 900
best 139 restart 0 step 903
best 137 restart 0 step 905
best 131 restart 0 step 909
best 130 restart 0 step 911
best 129 restart 0 step 913
best 127 restart 0 step 914
best 125 restart 0 step 918
best 124 restart 0 step 919
best 122 restart 0 step 925
best 120 restart 0 step 932
best 119 restart 0 step 938
best 112 restart 0 step 943
best 110 restart 0 step 946
best 105 restart 0 step 947
best 101 restart 0 step 948
best 100 restart 0 step 950
best 99 restart 0 step 952
best 92 restart 0 step 964
best 91 restart 0 step 965
best 78 restart 0 step 968
best 76 restart 0 step 970
best 75 restart 0 step 980
best 74 restart 0 step 990
best 73 restart 0 step 992
best 66 restart 0 step 993
best 65 restart 0 step 999
best 64 restart 0 step 1001
best 63 restart 0 step 1003
best 62 restart 0 step 1004
best 61 restart 0 step 1006
best 60 restart 0 step 1008
best 59 restart 0 step 1009
best 58 restart 0 step 1013
best 57 restart 0 step 1014
best 56 restart 0 step 1021
best 55 restart 0 step 1048
best 54 restart 0 step 1056
best 53 restart 0 step 1067
best 52 restart 0 step 1102
best 51 restart 0 step 1107
best 50 restart 0 step 1117
best 45 restart 0 step 1159
best 44 restart 0 step 1161
best 43 restart 0 step 1181
best 42 restart 0 step 1205
best 41 restart 0 step 1237
best 40 restart 0 step 1308
best 39 restart 0 step 1331
best 38 restart 0 step 1927
best 37 restart 0 step 2416
best 36 restart 0 step 4305
best 35 restart 0 step 4318
best 34 restart 0 step 4341
