best 146
best 137
best 133
best 128
best 127
best 122
best 120
best 118
best 116
best 112
best 110
best 104
best 100
best 99
best 96
best 94
best 89
best 87
best 85
best 84
best 83
best 81
best 79
best 78
best 76
best 75
best 71
best 68
best 67
best 66
best 64
best 63
best 62
best 60
best 57
best 56
best 54
best 53
best 52
best 51
best 50
best 48
best 47
best 46
best 45
best 43
best 42
best 41
best 38
best 37
best 34
best 33
best 32
best 30
best 29
best 28
best 27
best 26
best 24
best 23
best 22
best 21
best 19
best 18
best 17
best 16
best 15
best 14
best 13
best 12
best 11
best 10
best 9
best 8
best 7
best 6
best 5
