best 159
best 158
best 157
best 154
best 150
best 149
best 148
best 145
best 142
best 141
best 140
best 136
best 135
best 134
best 132
best 130
best 127
best 125
best 121
best 120
best 114
best 113
best 110
best 108
best 107
best 106
best 103
best 102
best 100
best 99
best 98
best 96
best 95
best 94
best 92
best 91
best 87
best 86
best 85
best 84
best 82
best 80
best 78
best 77
best 74
best 73
best 72
best 69
best 68
best 66
best 65
best 63
best 61
best 60
best 59
best 58
best 57
best 56
best 54
best 52
best 51
best 50
best 49
best 48
best 47
best 46
best 45
best 42
best 41
best 38
best 37
best 36
best 35
best 34
best 33
