best 909
best 898
best 895
best 889
best 881
best 875
best 872
best 867
best 862
best 856
best 854
best 844
best 841
best 835
best 831
best 828
best 823
best 822
best 820
best 812
best 807
best 805
best 802
best 795
best 788
best 784
best 778
best 772
best 769
best 762
best 761
best 755
best 753
best 746
best 741
best 738
best 735
best 731
best 728
best 721
best 715
best 710
best 709
best 704
best 700
best 694
best 693
best 691
best 690
best 687
best 677
best 673
best 670
best 668
best 667
best 666
best 661
best 657
best 656
best 655
best 654
best 652
best 645
best 642
best 640
best 638
best 634
best 633
best 632
best 630
best 625
best 624
best 623
best 622
best 620
best 617
best 616
best 615
best 613
best 612
best 611
best 609
best 606
best 598
best 594
best 591
best 587
best 583
best 576
best 571
best 569
best 568
best 565
best 560
best 559
best 553
best 552
best 551
best 550
best 546
best 542
best 536
best 535
best 531
best 529
best 526
best 524
best 521
best 516
best 515
best 514
best 513
best 509
best 508
best 507
best 506
best 504
best 500
best 499
best 496
best 492
best 491
best 487
best 484
best 481
best 480
best 476
best 475
best 473
best 469
best 467
best 457
best 456
best 454
best 451
best 449
best 444
best 443
best 439
best 437
best 435
best 434
best 431
best 430
best 429
best 428
best 427
best 425
best 424
best 422
best 421
best 420
best 417
best 416
best 414
best 413
best 412
best 409
best 405
best 404
best 403
best 402
best 400
best 397
best 394
best 389
best 388
best 387
best 386
best 385
best 382
best 381
best 378
best 375
best 373
best 370
best 367
best 366
best 365
best 362
best 359
best 358
best 357
best 356
best 354
best 352
best 351
best 349
best 348
best 346
best 345
best 344
best 342
best 341
best 339
best 337
best 336
best 335
best 334
best 332
best 331
best 329
best 328
best 326
best 325
best 323
best 321
best 320
best 319
best 317
best 316
best 315
best 314
best 313
best 312
best 311
best 308
best 307
best 306
best 305
best 304
best 303
best 301
best 297
best 294
best 293
best 292
best 288
best 286
best 285
best 284
best 282
best 280
best 279
best 277
best 275
best 274
best 272
best 270
best 269
best 267
best 266
best 264
best 263
best 262
best 261
best 260
best 259
best 258
best 257
best 256
best 254
best 253
best 252
best 251
best 250
best 249
best 247
best 243
best 241
best 240
best 239
best 238
best 237
best 234
best 233
best 232
best 223
best 222
best 220
best 219
best 218
best 216
best 215
best 214
best 213
best 212
best 211
best 210
best 209
best 206
best 205
best 204
best 203
best 202
best 201
best 200
best 199
best 198
best 197
best 196
best 195
best 194
best 193
best 192
best 189
best 188
best 186
best 185
best 184
best 183
best 182
best 181
best 179
best 178
best 173
best 172
best 171
best 170
best 169
best 168
best 167
best 165
best 164
best 163
best 162
best 161
best 160
best 159
best 158
best 157
best 156
best 155
best 154
best 153
best 152
best 151
best 150
best 149
best 148
best 146
best 145
best 144
best 143
best 142
best 141
