best 665
best 664
best 660
best 651
best 641
best 635
best 630
best 628
best 618
best 607
best 600
best 596
best 592
best 590
best 585
best 574
best 571
best 566
best 560
best 554
best 550
best 544
best 538
best 535
best 527
best 520
best 519
best 512
best 504
best 499
best 493
best 489
best 487
best 485
best 484
best 479
best 475
best 470
best 465
best 460
best 458
best 452
best 446
best 443
best 441
best 435
best 430
best 428
best 425
best 422
best 417
best 416
best 414
best 409
best 408
best 402
best 401
best 397
best 392
best 384
best 382
best 379
best 378
best 377
best 376
best 373
best 370
best 366
best 363
best 361
best 360
best 359
best 356
best 355
best 354
best 352
best 350
best 348
best 347
best 343
best 339
best 335
best 334
best 332
best 331
best 329
best 328
best 327
best 326
best 325
best 324
best 320
best 318
best 316
best 315
best 314
best 313
best 311
best 308
