best 1513
best 1509
best 1499
best 1487
best 1476
best 1473
best 1468
best 1455
best 1449
best 1441
best 1432
best 1428
best 1420
best 1416
best 1408
best 1403
best 1401
best 1398
best 1387
best 1378
best 1368
best 1362
best 1361
best 1355
best 1352
best 1340
best 1338
best 1330
best 1322
best 1318
best 1315
best 1310
best 1305
best 1303
best 1294
best 1288
best 1287
best 1284
best 1282
best 1280
best 1268
best 1264
best 1259
best 1256
best 1249
best 1241
best 1239
best 1234
best 1226
best 1219
best 1210
best 1209
best 1208
best 1203
best 1202
best 1195
best 1187
best 1184
best 1178
best 1174
best 1172
best 1165
best 1159
best 1153
best 1148
best 1145
best 1139
best 1132
best 1128
best 1126
best 1121
best 1117
best 1112
best 1107
best 1102
best 1096
best 1091
best 1089
best 1085
best 1082
best 1073
best 1067
best 1066
best 1064
best 1062
best 1060
best 1056
best 1051
best 1050
best 1047
best 1046
best 1042
best 1040
best 1039
best 1037
best 1035
best 1030
best 1028
best 1024
best 1021
best 1015
best 1014
best 1013
best 1009
best 1004
best 998
best 997
best 996
best 990
best 982
best 977
best 976
best 972
best 967
best 966
best 964
best 961
best 960
best 957
best 954
best 953
best 952
best 949
best 946
best 945
best 944
best 943
best 940
best 937
best 933
best 931
best 928
best 924
best 919
best 918
best 916
best 913
best 908
best 905
best 904
best 897
best 894
best 892
best 890
best 888
best 887
best 886
best 885
best 884
best 882
best 881
best 880
best 879
best 878
best 877
best 875
best 873
best 872
best 871
best 869
best 864
best 862
best 861
best 857
best 849
best 848
best 847
best 845
best 842
best 841
best 840
best 839
best 836
best 834
best 832
best 831
best 829
best 825
best 824
best 823
best 818
best 815
best 812
best 811
best 809
best 808
best 807
best 806
best 805
best 804
best 803
best 802
best 799
best 796
best 795
best 794
best 793
best 790
best 789
best 788
best 786
best 784
best 778
best 776
best 774
best 773
best 772
best 770
best 767
best 766
best 764
best 762
best 758
best 757
best 756
best 755
best 754
best 752
best 751
best 750
best 749
best 748
best 747
best 746
best 744
best 743
best 742
best 741
best 740
best 739
best 738
best 737
best 735
best 734
best 732
best 730
best 729
best 728
best 727
best 726
best 724
best 723
best 722
best 721
best 720
best 719
best 718
