best 316
best 315
best 313
best 312
best 308
best 306
best 304
best 301
best 300
best 298
best 294
best 292
best 291
best 290
best 289
best 286
best 284
best 281
best 279
best 278
best 277
best 275
best 274
best 273
best 271
best 270
best 269
best 267
best 266
best 265
best 263
best 260
best 258
best 256
best 255
best 252
best 250
best 249
best 245
best 244
best 243
best 241
best 240
best 239
best 238
best 236
best 235
best 234
best 233
best 231
best 228
best 226
best 224
best 223
best 222
best 220
best 219
best 217
best 216
best 214
best 213
best 212
best 211
best 210
best 209
best 207
best 205
best 202
best 201
best 199
best 198
best 195
best 193
best 189
best 188
best 186
best 185
best 184
best 183
best 182
best 180
best 179
best 177
best 176
best 175
best 173
best 172
best 170
best 168
best 167
best 166
best 165
best 164
best 163
best 162
best 160
best 159
best 158
best 157
best 156
best 154
best 152
best 151
best 150
best 149
best 148
best 145
best 141
best 139
best 136
best 135
best 134
best 132
best 130
best 129
best 127
best 125
best 124
best 123
best 122
best 121
best 120
best 119
best 118
best 117
best 116
best 115
best 114
best 112
best 111
best 110
best 108
best 107
best 106
best 105
best 104
best 103
best 101
best 100
best 98
best 97
best 96
best 95
best 94
best 92
best 90
best 89
best 88
best 87
best 86
best 85
best 84
best 83
best 82
best 81
best 79
best 78
best 76
best 75
best 74
best 73
best 72
best 71
best 70
best 69
best 68
best 67
best 66
best 65
best 64
best 63
best 62
best 61
best 60
best 59
best 58
best 57
best 56
best 55
best 54
best 53
best 52
best 51
best 50
best 49
best 48
best 47
best 46
best 45
best 44
best 43
best 42
best 41
best 40
best 39
best 38
best 37
best 36
best 35
best 34
best 33
best 32
best 31
best 30
best 29
best 28
best 27
best 26
best 25
best 24
best 23
best 22
best 21
best 20
best 19
best 18
best 17
best 16
best 15
best 14
best 13
best 12
best 11
