best 803
best 800
best 799
best 797
best 796
best 795
best 792
best 789
best 788
best 786
best 783
best 780
best 773
best 769
best 768
best 766
best 763
best 762
best 760
best 756
best 753
best 750
best 748
best 747
best 744
best 743
best 740
best 738
best 736
best 731
best 730
best 728
best 726
best 725
best 723
best 722
best 719
best 717
best 714
best 711
best 709
best 705
best 702
best 701
best 700
best 699
best 697
best 692
best 691
best 690
best 686
best 685
best 682
best 680
best 675
best 669
best 667
best 666
best 663
best 662
best 661
best 660
best 659
best 656
best 654
best 653
best 652
best 650
best 649
best 644
best 642
best 641
best 639
best 635
best 634
best 633
best 632
best 630
best 628
best 626
best 624
best 622
best 621
best 620
best 617
best 616
best 613
best 612
best 611
best 609
best 605
best 603
best 602
best 596
best 594
best 593
best 590
best 588
best 587
best 585
best 583
best 582
best 579
best 576
best 573
best 569
best 568
best 567
best 565
best 564
best 563
best 562
best 559
best 558
best 556
best 555
best 553
best 552
best 551
best 549
best 547
best 545
best 544
best 542
best 539
best 538
best 536
best 534
best 532
best 531
best 528
best 525
best 524
best 523
best 522
best 520
best 519
best 515
best 514
best 513
best 512
best 511
best 510
best 506
best 505
best 504
best 503
best 500
best 498
best 495
best 492
best 491
best 490
best 488
best 485
best 484
best 483
best 482
best 481
best 479
best 476
best 475
best 472
best 471
best 470
best 469
best 468
best 466
best 464
best 462
best 460
best 458
best 455
best 453
best 449
best 447
best 444
best 442
best 441
best 439
best 436
best 432
best 431
best 429
best 428
best 426
best 425
best 424
best 423
best 422
best 421
best 419
best 417
best 416
best 414
best 413
best 412
best 411
best 410
best 409
best 408
best 404
best 402
best 401
best 400
best 394
best 391
best 390
best 387
best 384
best 383
best 382
best 381
best 379
best 378
best 377
best 376
best 375
best 374
best 373
best 371
best 370
best 368
best 367
best 366
best 365
best 364
best 363
best 361
best 360
best 358
best 357
best 356
best 355
best 354
best 352
best 351
best 350
best 349
best 347
best 346
best 345
best 342
best 341
best 339
best 338
best 337
best 335
best 332
best 331
best 329
best 328
best 327
best 326
best 325
best 323
best 321
best 320
best 319
best 317
best 316
best 314
best 313
best 312
best 311
best 310
best 309
best 308
best 307
best 306
best 305
best 304
best 302
best 300
best 298
best 297
best 296
best 295
best 293
best 290
best 289
best 288
best 285
best 284
best 283
best 282
best 280
best 279
best 278
best 277
best 276
best 275
best 274
best 273
best 272
best 271
best 270
best 269
best 268
best 267
best 266
best 265
best 264
best 263
best 262
best 260
best 259
best 258
best 257
best 256
best 255
best 254
best 253
best 252
best 251
best 249
best 247
best 246
best 245
best 244
best 243
best 242
best 239
best 238
best 237
best 236
best 235
best 233
best 232
best 231
best 230
best 229
best 227
best 226
best 225
best 224
best 223
best 222
best 221
best 218
best 217
best 215
best 214
best 213
best 212
best 211
best 210
best 208
best 206
best 205
best 203
best 202
best 201
best 200
best 199
best 198
best 197
best 195
best 194
best 193
best 191
best 190
best 189
best 188
best 187
best 186
best 185
best 184
best 183
best 182
best 180
best 178
best 177
best 176
best 175
best 173
best 172
best 171
best 170
best 168
best 167
best 164
best 163
best 162
best 161
best 159
best 158
best 156
best 155
best 154
best 152
best 151
best 150
best 149
best 147
best 145
best 143
best 142
best 141
best 139
best 138
best 137
best 136
best 135
best 134
best 133
best 130
best 129
best 128
best 126
best 125
best 124
best 123
best 122
best 121
best 120
best 119
best 118
best 117
best 116
best 115
best 114
best 113
best 112
best 111
best 110
best 109
best 108
best 107
best 106
best 105
best 104
best 103
best 102
best 101
best 100
best 99
best 98
best 97
best 96
best 95
best 94
best 93
best 92
best 91
best 90
best 89
best 88
best 87
best 86
best 85
best 84
best 83
best 82
best 81
best 80
