best 1666
best 1660
best 1656
best 1652
best 1650
best 1649
best 1646
best 1645
best 1640
best 1639
best 1638
best 1635
best 1629
best 1627
best 1624
best 1621
best 1616
best 1613
best 1612
best 1607
best 1604
best 1602
best 1601
best 1599
best 1595
best 1592
best 1590
best 1588
best 1583
best 1582
best 1579
best 1573
best 1568
best 1566
best 1565
best 1563
best 1562
best 1560
best 1555
best 1550
best 1548
best 1544
best 1542
best 1540
best 1536
best 1534
best 1532
best 1529
best 1528
best 1522
best 1521
best 1520
best 1515
best 1514
best 1512
best 1509
best 1508
best 1506
best 1504
best 1499
best 1497
best 1495
best 1491
best 1487
best 1486
best 1481
best 1479
best 1478
best 1472
best 1469
best 1466
best 1463
best 1461
best 1460
best 1459
best 1458
best 1454
best 1452
best 1449
best 1446
best 1444
best 1443
best 1442
best 1440
best 1435
best 1430
best 1428
best 1426
best 1424
best 1422
best 1419
best 1418
best 1417
best 1413
best 1411
best 1408
best 1404
best 1401
best 1400
best 1399
best 1396
best 1393
best 1389
best 1388
best 1387
best 1384
best 1380
best 1379
best 1376
best 1375
best 1370
best 1369
best 1367
best 1366
best 1365
best 1364
best 1362
best 1360
best 1357
best 1355
best 1354
best 1348
best 1347
best 1345
best 1342
best 1341
best 1339
best 1337
best 1335
best 1334
best 1333
best 1332
best 1330
best 1328
best 1324
best 1323
best 1318
best 1316
best 1315
best 1312
best 1309
best 1306
best 1303
best 1301
best 1298
best 1296
best 1295
best 1293
best 1292
best 1290
best 1288
best 1285
best 1282
best 1281
best 1278
best 1275
best 1274
best 1271
best 1269
best 1267
best 1265
best 1264
best 1262
best 1260
best 1257
best 1253
best 1250
best 1247
best 1246
best 1244
best 1243
best 1241
best 1240
best 1238
best 1236
best 1233
best 1227
best 1225
best 1224
best 1222
best 1219
best 1218
best 1215
best 1214
best 1213
best 1211
best 1209
best 1207
best 1201
best 1198
best 1196
best 1195
best 1193
best 1190
best 1186
best 1185
best 1184
best 1183
best 1182
best 1180
best 1178
best 1175
best 1173
best 1171
best 1168
best 1166
best 1165
best 1162
best 1159
best 1158
best 1156
best 1153
best 1151
best 1149
best 1146
best 1144
best 1139
best 1137
best 1136
best 1133
best 1131
best 1128
best 1127
best 1126
best 1124
best 1123
best 1120
best 1119
best 1118
best 1117
best 1114
best 1110
best 1109
best 1108
best 1107
best 1106
best 1102
best 1100
best 1098
best 1097
best 1095
best 1094
best 1093
best 1088
best 1087
best 1086
best 1082
best 1080
best 1079
best 1078
best 1076
best 1074
best 1073
best 1072
best 1069
best 1067
best 1065
best 1063
best 1059
best 1057
best 1055
best 1054
best 1053
best 1052
best 1051
best 1048
best 1046
best 1045
best 1042
best 1041
best 1039
best 1038
best 1036
best 1034
best 1032
best 1030
best 1028
best 1026
best 1025
best 1024
best 1019
best 1018
best 1015
best 1014
best 1012
best 1011
best 1010
best 1009
best 1007
best 1005
best 1004
best 1001
best 1000
best 999
best 997
best 996
best 995
best 993
best 991
best 990
best 989
best 988
best 987
best 986
best 985
best 984
best 983
best 981
best 978
best 976
best 975
best 972
best 967
best 964
best 962
best 961
best 958
best 957
best 955
best 952
best 948
best 947
best 946
best 945
best 944
best 943
best 942
best 939
best 938
best 934
best 933
best 930
best 928
best 926
best 924
best 921
best 919
best 916
best 913
best 912
best 910
best 909
best 906
best 905
best 903
best 902
best 898
best 896
best 893
best 891
best 889
best 888
best 885
best 884
best 882
best 880
best 878
best 877
best 876
best 875
best 874
best 872
best 870
best 869
best 867
best 866
best 863
best 862
best 858
best 857
best 855
best 852
best 850
best 849
best 847
best 845
best 844
best 843
best 842
best 840
best 837
best 833
best 830
best 829
best 828
best 827
best 824
best 823
best 822
best 821
best 819
best 818
best 817
best 816
best 815
best 814
best 813
best 809
best 808
best 807
best 806
best 804
best 802
best 800
best 799
best 798
best 797
best 796
best 795
best 793
best 792
best 791
best 788
best 786
best 784
best 783
best 782
best 781
best 780
best 779
best 777
best 776
best 775
best 772
best 770
best 767
best 766
best 763
best 761
best 760
best 758
best 757
best 756
best 753
best 752
best 749
best 748
best 747
best 745
best 744
best 743
best 741
best 740
best 738
best 736
best 734
best 733
best 732
best 731
best 730
best 727
best 726
best 724
best 723
best 722
best 721
best 719
best 718
best 717
best 715
best 714
best 713
best 712
best 711
best 709
best 708
best 706
best 703
best 702
best 701
best 699
best 698
best 697
best 696
best 695
best 694
best 693
best 692
best 691
best 690
best 688
best 686
best 684
best 682
best 681
best 680
best 679
best 677
best 675
best 674
best 673
best 672
best 671
best 670
best 669
best 667
best 666
best 665
best 664
best 663
best 662
best 661
best 660
best 658
best 657
best 655
best 654
best 652
best 650
best 649
best 648
best 646
best 644
best 642
best 641
best 640
best 639
best 637
best 636
best 635
best 634
best 632
best 630
best 629
best 627
best 626
best 623
best 622
best 621
best 618
best 616
best 614
best 613
best 611
best 609
best 608
best 607
best 605
best 604
best 603
best 602
best 601
best 600
best 599
best 597
best 596
best 595
best 594
best 592
best 590
best 589
best 588
best 587
best 585
best 584
best 583
best 582
best 581
best 580
best 579
best 578
best 577
best 576
best 575
best 573
best 572
best 571
best 568
best 567
best 566
best 562
best 561
best 560
best 558
best 555
best 553
best 551
best 550
best 546
best 545
best 544
best 543
best 541
best 540
best 539
best 538
best 537
best 535
best 534
best 529
best 528
best 527
best 525
best 523
best 522
best 521
best 520
best 519
best 516
best 514
best 512
best 511
best 510
best 509
best 507
best 506
best 505
best 504
best 503
best 502
best 501
best 500
best 499
best 498
best 496
best 495
best 494
best 493
best 491
best 490
best 489
best 488
best 487
best 484
best 483
best 482
best 481
best 480
best 479
best 477
best 474
best 473
best 472
best 471
best 470
best 469
best 467
best 465
best 464
best 462
best 461
best 460
best 459
best 458
best 457
best 455
best 454
best 452
best 451
best 450
best 449
best 448
best 446
best 445
best 444
best 443
best 442
best 441
best 440
best 438
best 437
best 436
best 435
best 434
best 432
best 431
best 430
best 429
best 428
best 427
best 426
best 425
best 424
best 422
best 421
best 419
best 417
best 416
best 414
best 412
best 411
best 409
best 408
best 407
best 406
best 405
best 404
best 403
best 402
best 401
best 399
best 398
best 396
best 395
best 394
best 393
best 392
best 391
best 390
best 388
best 387
best 386
best 384
best 382
best 381
best 379
best 378
best 377
best 376
best 375
best 373
best 372
best 371
best 370
best 369
best 368
best 367
best 364
best 363
best 362
best 361
best 358
best 356
best 355
best 354
best 353
best 352
best 351
best 350
best 349
best 348
best 346
best 345
best 344
best 342
best 341
best 340
best 339
best 338
best 333
best 332
best 331
best 329
best 328
best 327
best 326
best 325
best 324
best 323
best 322
best 321
best 320
best 319
best 317
best 316
best 315
best 314
best 313
best 312
best 311
best 310
best 309
best 308
best 307
best 306
best 304
best 302
best 301
best 298
best 297
best 296
best 292
best 291
best 289
best 288
best 287
best 286
best 284
best 283
best 282
best 281
best 280
best 279
best 278
best 277
best 276
best 275
best 274
best 273
best 271
best 269
best 268
best 267
best 266
best 261
best 260
best 259
best 258
best 257
best 256
best 254
best 253
best 252
best 251
best 250
best 249
best 248
best 247
best 246
best 245
best 244
best 243
best 242
best 241
best 240
best 239
best 238
best 237
best 236
best 235
best 234
best 233
best 232
best 231
best 230
best 228
best 227
best 226
best 225
best 224
best 223
best 222
best 221
best 220
best 219
best 218
best 216
best 208
best 207
best 205
best 204
best 203
best 199
best 198
best 197
best 196
best 195
best 194
best 192
best 191
best 190
best 189
best 188
best 187
best 186
best 185
best 184
best 183
best 182
best 181
best 180
best 179
best 178
best 177
best 175
best 174
best 172
best 170
best 169
best 168
best 167
best 166
best 165
best 163
best 162
best 161
best 160
best 159
best 158
best 157
best 156
best 155
best 154
best 153
best 152
best 150
best 149
best 148
best 147
best 146
best 145
best 144
best 143
best 142
best 141
best 140
best 139
best 138
best 137
best 136
best 133
best 132
best 131
best 130
best 129
best 128
best 126
best 125
best 124
best 123
best 122
best 121
best 120
best 118
best 116
best 115
best 113
best 112
best 111
best 109
best 108
best 107
best 106
best 105
best 104
best 103
best 102
best 101
best 99
best 98
best 97
best 96
best 95
best 94
best 93
best 92
best 91
best 90
best 89
best 88
best 87
best 86
best 85
best 84
best 83
best 82
best 81
best 80
best 79
best 78
best 77
best 76
best 75
best 74
best 73
best 72
best 71
best 70
best 69
best 68
best 67
best 66
best 65
best 64
best 63
best 62
best 61
best 60
best 59
best 58
best 57
best 56
best 55
best 54
best 53
best 52
best 51
best 50
best 49
best 47
best 46
best 45
best 44
best 43
best 42
best 41
best 40
best 39
best 38
best 37
best 36
best 35
best 34
best 33
best 32
best 31
best 30
best 29
best 28
best 27
best 26
best 25
best 24
best 23
best 22
best 21
best 20
best 19
best 18
best 17
best 16
best 15
best 14
best 13
best 12
best 11
best 10
best 9
best 8
best 7
best 6
best 5
best 4
best 3
