best 1537
best 1531
best 1530
best 1527
best 1524
best 1521
best 1518
best 1515
best 1512
best 1507
best 1502
best 1500
best 1498
best 1494
best 1491
best 1489
best 1488
best 1484
best 1482
best 1475
best 1473
best 1469
best 1467
best 1463
best 1461
best 1458
best 1456
best 1451
best 1448
best 1446
best 1442
best 1440
best 1439
best 1435
best 1431
best 1430
best 1425
best 1424
best 1423
best 1421
best 1419
best 1417
best 1413
best 1410
best 1407
best 1406
best 1402
best 1398
best 1396
best 1391
best 1387
best 1386
best 1382
best 1381
best 1380
best 1379
best 1378
best 1376
best 1375
best 1373
best 1372
best 1371
best 1369
best 1368
best 1367
best 1364
best 1358
best 1355
best 1354
best 1352
best 1351
best 1350
best 1346
best 1344
best 1339
best 1336
best 1335
best 1331
best 1327
best 1325
best 1323
best 1321
best 1319
best 1317
best 1316
best 1314
best 1312
best 1310
best 1308
best 1307
best 1305
best 1300
best 1295
best 1291
best 1289
best 1286
best 1284
best 1282
best 1281
best 1275
best 1273
best 1270
best 1268
best 1267
best 1266
best 1262
best 1261
best 1259
best 1257
best 1254
best 1251
best 1250
best 1249
best 1248
best 1247
best 1246
best 1243
best 1242
best 1240
best 1236
best 1233
best 1232
best 1230
best 1227
best 1225
best 1224
best 1222
best 1220
best 1219
best 1218
best 1214
best 1213
best 1207
best 1205
best 1203
best 1200
best 1198
best 1194
best 1192
best 1191
best 1190
best 1188
best 1187
best 1185
best 1183
best 1180
best 1174
best 1169
best 1168
best 1164
best 1162
best 1160
best 1158
best 1154
best 1152
best 1151
best 1149
best 1146
best 1141
best 1139
best 1138
best 1137
best 1134
best 1132
best 1129
best 1127
best 1124
best 1123
best 1121
best 1117
best 1115
best 1114
best 1113
best 1112
best 1110
best 1109
best 1107
best 1104
best 1103
best 1102
best 1101
best 1098
best 1097
best 1096
best 1094
best 1092
best 1091
best 1088
best 1084
best 1081
best 1080
best 1078
best 1077
best 1076
best 1074
best 1073
best 1071
best 1069
best 1068
best 1067
best 1062
best 1061
best 1060
best 1058
best 1056
best 1054
best 1052
best 1051
best 1050
best 1048
best 1046
best 1044
best 1043
best 1042
best 1041
best 1040
best 1038
best 1037
best 1036
best 1035
best 1033
best 1032
best 1029
best 1025
best 1024
best 1021
best 1019
best 1016
best 1014
best 1012
best 1007
best 1005
best 1003
best 1002
best 1000
best 999
best 995
best 994
best 992
best 991
best 990
best 987
best 985
best 983
best 981
best 980
best 979
best 978
best 976
best 974
best 972
best 971
best 970
best 969
best 968
best 965
best 964
best 963
best 961
best 960
best 957
best 954
best 952
best 951
best 949
best 948
best 945
best 942
best 941
best 938
best 937
best 936
best 935
best 931
best 928
best 926
best 925
best 923
best 922
best 920
best 918
best 915
best 912
best 909
best 908
best 907
best 905
best 904
best 902
best 899
best 897
best 893
best 892
best 891
best 889
best 888
best 883
best 881
best 879
best 877
best 876
best 875
best 874
best 873
best 871
best 870
best 869
best 867
best 864
best 862
best 859
best 857
best 856
best 855
best 853
best 851
best 850
best 849
best 844
best 843
best 842
best 841
best 839
best 837
best 834
best 831
best 830
best 828
best 826
best 823
best 821
best 820
best 819
best 818
best 813
best 811
best 810
best 809
best 807
best 805
best 803
best 800
best 799
best 797
best 795
best 794
best 793
best 792
best 791
best 790
best 789
best 788
best 787
best 786
best 784
best 783
best 782
best 781
best 778
best 775
best 772
best 771
best 769
best 765
best 764
best 761
best 760
best 758
best 757
best 756
best 755
best 754
best 753
best 751
best 748
best 747
best 745
best 744
best 741
best 739
best 738
best 735
best 734
best 733
best 732
best 731
best 730
best 728
best 727
best 724
best 723
best 722
best 721
best 719
best 718
best 717
best 716
best 715
best 708
best 705
best 704
best 703
best 701
best 700
best 697
best 696
best 694
best 693
best 692
best 690
best 689
best 686
best 684
best 683
best 682
best 679
best 678
best 677
best 674
best 672
best 671
best 670
best 669
best 667
best 666
best 665
best 659
best 656
best 655
best 654
best 653
best 651
best 648
best 647
best 646
best 645
best 643
best 641
best 640
best 639
best 638
best 637
best 634
best 631
best 630
best 629
best 628
best 625
best 624
best 623
best 622
best 617
best 614
best 613
best 612
best 609
best 608
best 606
best 603
best 602
best 600
best 599
best 598
best 597
best 596
best 595
best 594
best 592
best 589
best 585
best 584
best 582
best 581
best 580
best 579
best 578
best 576
best 574
best 573
best 572
best 569
best 568
best 567
best 565
best 564
best 563
best 561
best 558
best 556
best 555
best 553
best 552
best 551
best 549
best 548
best 547
best 546
best 545
best 544
best 542
best 541
best 540
best 538
best 536
best 535
best 534
best 533
best 532
best 530
best 529
best 527
best 526
best 524
best 523
best 522
best 520
best 519
best 517
best 515
best 514
best 513
best 510
best 508
best 506
best 505
best 503
best 501
best 500
best 499
best 498
best 497
best 496
best 495
best 494
best 492
best 490
best 489
best 488
best 487
best 486
best 485
best 484
best 483
best 482
best 481
best 478
best 477
best 476
best 475
best 474
best 472
best 471
best 470
best 469
best 468
best 467
best 466
best 464
best 463
best 462
best 461
best 460
best 459
best 458
best 456
best 455
best 454
best 451
best 450
best 449
best 448
best 447
best 445
best 443
best 441
best 439
best 437
best 436
best 434
best 432
best 430
best 429
best 428
best 427
best 426
best 425
best 423
best 422
best 421
best 420
best 419
best 418
best 416
best 415
best 413
best 412
best 410
best 409
best 408
best 406
best 405
best 402
best 401
best 399
best 398
best 397
best 396
best 394
best 393
best 392
best 391
best 390
best 388
best 386
best 385
best 384
best 382
best 380
best 379
best 377
best 376
best 375
best 374
best 373
best 372
best 370
best 369
best 368
best 367
best 366
best 364
best 363
best 362
best 361
best 360
best 359
best 357
best 356
best 352
best 351
best 350
best 349
best 348
best 346
best 345
best 344
best 342
best 341
best 340
best 339
best 338
best 337
best 335
best 334
best 333
best 331
best 330
best 329
best 328
best 326
best 325
best 324
best 323
best 321
best 320
best 319
best 318
best 317
best 316
best 315
best 313
best 312
best 310
best 309
best 308
best 307
best 306
best 305
best 304
best 303
best 302
best 301
best 300
best 298
best 297
best 294
best 293
best 292
best 291
best 288
best 287
best 285
best 284
best 283
best 282
best 281
best 280
best 279
best 277
best 276
best 275
best 274
best 273
best 272
best 271
best 270
best 269
best 267
best 265
best 264
best 263
best 262
best 261
best 260
best 259
best 258
best 257
best 256
best 255
best 254
best 253
best 252
best 251
best 250
best 249
best 248
best 247
best 245
best 244
best 243
best 242
best 241
best 240
best 239
best 238
best 237
best 236
best 235
best 234
best 233
best 232
best 231
best 230
best 229
best 228
best 227
best 226
best 225
best 224
best 223
best 222
best 221
best 220
best 219
best 218
best 217
best 216
best 215
best 214
best 213
best 212
best 211
best 210
best 209
best 208
best 207
best 206
best 205
best 204
best 203
best 201
best 200
best 198
best 197
best 196
best 195
best 191
best 190
best 188
best 184
best 183
best 182
best 181
best 180
best 179
best 178
best 177
best 176
best 175
best 174
best 172
best 170
best 169
best 168
best 166
best 165
best 164
best 163
best 161
best 160
best 159
best 158
best 154
best 153
best 152
best 151
best 149
best 148
best 147
best 146
best 143
best 142
best 141
best 140
best 138
best 137
best 133
best 132
best 131
best 130
best 129
best 127
best 126
best 125
best 124
best 123
best 122
best 121
best 120
best 119
best 117
best 116
best 115
best 114
best 113
best 112
best 111
best 110
best 109
best 108
best 107
best 106
best 105
best 104
best 103
best 102
best 101
best 100
best 99
best 98
best 97
best 96
best 94
best 93
best 92
best 91
best 90
best 89
best 87
best 86
best 85
best 84
best 83
best 82
best 81
best 80
best 79
best 78
best 77
best 76
best 75
best 74
best 72
best 71
best 70
best 69
best 68
best 67
best 66
best 65
best 64
best 63
best 62
best 61
best 60
best 59
best 58
best 57
best 56
best 55
best 54
best 53
best 52
best 51
best 50
best 49
best 48
best 47
best 46
best 45
best 44
best 43
best 42
best 41
best 40
best 39
best 38
best 37
best 36
best 35
best 34
best 33
best 32
best 31
best 30
best 29
best 28
best 27
best 26
best 25
best 24
best 23
best 22
best 21
best 20
best 19
best 18
best 17
