best 3196
best 3192
best 3189
best 3183
best 3180
best 3177
best 3175
best 3173
best 3169
best 3165
best 3160
best 3155
best 3153
best 3149
best 3145
best 3144
best 3143
best 3139
best 3135
best 3134
best 3130
best 3127
best 3124
best 3122
best 3119
best 3117
best 3116
best 3113
best 3112
best 3111
best 3110
best 3108
best 3106
best 3101
best 3099
best 3098
best 3097
best 3095
best 3093
best 3091
best 3089
best 3088
best 3087
best 3082
best 3077
best 3072
best 3069
best 3065
best 3059
best 3057
best 3054
best 3049
best 3048
best 3047
best 3045
best 3043
best 3039
best 3038
best 3037
best 3032
best 3028
best 3027
best 3025
best 3023
best 3020
best 3019
best 3014
best 3011
best 3010
best 3006
best 3002
best 2997
best 2993
best 2992
best 2989
best 2984
best 2980
best 2979
best 2976
best 2974
best 2970
best 2968
best 2965
best 2962
best 2959
best 2957
best 2955
best 2952
best 2948
best 2943
best 2940
best 2937
best 2934
best 2926
best 2925
best 2921
best 2919
best 2916
best 2910
best 2909
best 2908
best 2907
best 2903
best 2901
best 2898
best 2897
best 2896
best 2892
best 2888
best 2886
best 2885
best 2884
best 2882
best 2880
best 2875
best 2874
best 2871
best 2868
best 2867
best 2866
best 2864
best 2863
best 2862
best 2857
best 2855
best 2852
best 2849
best 2848
best 2843
best 2842
best 2840
best 2839
best 2838
best 2835
best 2829
best 2825
best 2822
best 2820
best 2819
best 2818
best 2814
best 2812
best 2810
best 2809
best 2804
best 2803
best 2802
best 2800
best 2797
best 2794
best 2793
best 2788
best 2783
best 2782
best 2780
best 2776
best 2774
best 2773
best 2768
best 2765
best 2763
best 2761
best 2757
best 2754
best 2749
best 2748
best 2744
best 2740
best 2739
best 2736
best 2734
best 2733
best 2730
best 2727
best 2726
best 2725
best 2724
best 2720
best 2719
best 2717
best 2711
best 2710
best 2708
best 2706
best 2702
best 2695
best 2693
best 2692
best 2689
best 2686
best 2685
best 2683
best 2681
best 2678
best 2676
best 2675
best 2674
best 2673
best 2671
best 2668
best 2663
best 2662
best 2661
best 2660
best 2658
best 2656
best 2651
best 2645
best 2642
best 2640
best 2637
best 2636
best 2634
best 2632
best 2631
best 2625
best 2623
best 2619
best 2618
best 2617
best 2614
best 2613
best 2609
best 2608
best 2604
best 2603
best 2602
best 2600
best 2597
best 2592
best 2591
best 2589
best 2585
best 2584
best 2580
best 2576
best 2573
best 2570
best 2569
best 2568
best 2567
best 2564
best 2562
best 2558
best 2555
best 2550
best 2549
best 2544
best 2543
best 2541
best 2539
best 2535
best 2534
best 2532
best 2530
best 2526
best 2525
best 2521
best 2520
best 2518
best 2514
best 2513
best 2512
best 2510
best 2508
best 2507
best 2503
best 2501
best 2498
best 2497
best 2493
best 2491
best 2489
best 2488
best 2487
best 2485
best 2479
best 2477
best 2474
best 2471
best 2467
best 2464
best 2463
best 2460
best 2456
best 2455
best 2454
best 2453
best 2452
best 2450
best 2447
best 2446
best 2444
best 2441
best 2440
best 2436
best 2435
best 2432
best 2430
best 2427
best 2421
best 2419
best 2417
best 2411
best 2410
best 2406
best 2403
best 2401
best 2399
best 2398
best 2396
best 2395
best 2394
best 2391
best 2390
best 2387
best 2385
best 2383
best 2382
best 2378
best 2374
best 2372
best 2371
best 2368
best 2367
best 2366
best 2364
best 2363
best 2360
best 2356
best 2354
best 2351
best 2350
best 2346
best 2340
best 2338
best 2336
best 2335
best 2333
best 2329
best 2324
best 2322
best 2315
best 2311
best 2310
best 2309
best 2306
best 2303
best 2301
best 2298
best 2297
best 2295
best 2293
best 2290
best 2288
best 2287
best 2285
best 2284
best 2279
best 2277
best 2274
best 2271
best 2267
best 2265
best 2262
best 2260
best 2258
best 2257
best 2256
best 2255
best 2253
best 2252
best 2249
best 2246
best 2245
best 2244
best 2241
best 2240
best 2238
best 2235
best 2233
best 2231
best 2230
best 2229
best 2227
best 2225
best 2222
best 2220
best 2216
best 2214
best 2211
best 2210
best 2207
best 2205
best 2201
best 2200
best 2198
best 2196
best 2193
best 2191
best 2187
best 2186
best 2183
best 2180
best 2178
best 2177
best 2176
best 2174
best 2172
best 2171
best 2170
best 2168
best 2165
best 2164
best 2159
best 2157
best 2156
best 2153
best 2151
best 2148
best 2147
best 2146
best 2144
best 2143
best 2142
best 2140
best 2139
best 2138
best 2134
best 2130
best 2128
best 2125
best 2123
best 2121
best 2119
best 2117
best 2115
best 2113
best 2111
best 2109
best 2107
best 2106
best 2105
best 2102
best 2101
best 2099
best 2098
best 2097
best 2094
best 2093
best 2092
best 2088
best 2084
best 2083
best 2082
best 2078
best 2077
best 2074
best 2073
best 2072
best 2069
best 2067
best 2064
best 2059
best 2058
best 2055
best 2054
best 2053
best 2048
best 2047
best 2046
best 2044
best 2042
best 2041
best 2040
best 2039
best 2037
best 2033
best 2032
best 2029
best 2026
best 2024
best 2022
best 2020
best 2018
best 2016
best 2014
best 2009
best 2007
best 2004
best 2003
best 1998
best 1996
best 1994
best 1993
best 1991
best 1988
best 1985
best 1984
best 1982
best 1980
best 1978
best 1976
best 1973
best 1970
best 1968
best 1965
best 1964
best 1962
best 1961
best 1958
best 1956
best 1955
best 1952
best 1949
best 1948
best 1946
best 1943
best 1942
best 1941
best 1938
best 1936
best 1935
best 1934
best 1932
best 1927
best 1925
best 1923
best 1921
best 1919
best 1918
best 1916
best 1915
best 1913
best 1912
best 1910
best 1905
best 1903
best 1902
best 1899
best 1897
best 1895
best 1892
best 1890
best 1889
best 1888
best 1886
best 1885
best 1884
best 1881
best 1879
best 1876
best 1875
best 1871
best 1868
best 1864
best 1862
best 1856
best 1853
best 1849
best 1847
best 1846
best 1845
best 1844
best 1842
best 1841
best 1836
best 1835
best 1834
best 1833
best 1831
best 1828
best 1827
best 1825
best 1824
best 1821
best 1820
best 1817
best 1815
best 1814
best 1813
best 1812
best 1810
best 1809
best 1805
best 1804
best 1801
best 1797
best 1795
best 1793
best 1791
best 1789
best 1786
best 1783
best 1781
best 1778
best 1777
best 1774
best 1773
best 1769
best 1764
best 1762
best 1761
best 1757
best 1756
best 1751
best 1748
best 1743
best 1742
best 1740
best 1737
best 1732
best 1729
best 1727
best 1725
best 1721
best 1720
best 1719
best 1716
best 1715
best 1714
best 1712
best 1709
best 1708
best 1707
best 1705
best 1702
best 1700
best 1698
best 1696
best 1695
best 1694
best 1691
best 1689
best 1687
best 1686
best 1685
best 1683
best 1682
best 1680
best 1679
best 1678
best 1675
best 1671
best 1670
best 1669
best 1668
best 1667
best 1664
best 1663
best 1662
best 1659
best 1658
best 1657
best 1655
best 1654
best 1653
best 1651
best 1649
best 1646
best 1644
best 1643
best 1640
best 1639
best 1637
best 1632
best 1630
best 1628
best 1625
best 1621
best 1619
best 1618
best 1616
best 1615
best 1613
best 1611
best 1609
best 1608
best 1603
best 1602
best 1599
best 1598
best 1597
best 1596
best 1594
best 1593
best 1592
best 1590
best 1589
best 1588
best 1587
best 1585
best 1583
best 1582
best 1579
best 1578
best 1577
best 1576
best 1575
best 1574
best 1570
best 1569
best 1568
best 1566
best 1565
best 1563
best 1562
best 1560
best 1559
best 1558
best 1555
best 1554
best 1552
best 1551
best 1550
best 1547
best 1545
best 1543
best 1541
best 1540
best 1539
best 1538
best 1536
best 1533
best 1532
best 1530
best 1528
best 1527
best 1526
best 1525
best 1524
best 1523
best 1520
best 1518
best 1515
best 1514
best 1512
best 1511
best 1510
best 1508
best 1504
best 1503
best 1502
best 1501
best 1500
best 1499
best 1497
best 1496
best 1492
best 1491
best 1490
best 1487
best 1485
best 1482
best 1479
best 1478
best 1476
best 1475
best 1473
best 1472
best 1471
best 1469
best 1467
best 1465
best 1462
best 1459
best 1455
best 1452
best 1451
best 1450
best 1448
best 1446
best 1444
best 1442
best 1439
best 1438
best 1436
best 1434
best 1433
best 1432
best 1429
best 1428
best 1427
best 1425
best 1424
best 1423
best 1420
best 1418
best 1417
best 1416
best 1415
best 1412
best 1411
best 1410
best 1409
best 1407
best 1406
best 1405
best 1402
best 1400
best 1396
best 1391
best 1389
best 1387
best 1386
best 1383
best 1380
best 1378
best 1374
best 1373
best 1372
best 1371
best 1369
best 1367
best 1366
best 1365
best 1363
best 1362
best 1361
best 1359
best 1357
best 1356
best 1353
best 1352
best 1351
best 1350
best 1349
best 1348
best 1347
best 1346
best 1344
best 1343
best 1342
best 1339
best 1338
best 1336
best 1335
best 1332
best 1331
best 1330
best 1327
best 1326
best 1325
best 1324
best 1323
best 1322
best 1321
best 1318
best 1317
best 1316
best 1315
best 1312
best 1310
best 1305
best 1304
best 1301
best 1300
best 1298
best 1295
best 1293
best 1291
best 1290
best 1289
best 1287
best 1286
best 1284
best 1281
best 1280
best 1279
best 1278
best 1277
best 1276
best 1274
best 1272
best 1271
best 1268
best 1264
best 1262
best 1261
best 1259
best 1258
best 1257
best 1255
best 1254
best 1252
best 1250
best 1247
best 1246
best 1243
best 1242
best 1240
best 1239
best 1238
best 1237
best 1236
best 1235
best 1234
best 1233
best 1230
best 1227
best 1226
best 1225
best 1223
best 1222
best 1221
best 1219
best 1218
best 1216
best 1212
best 1210
best 1209
best 1208
best 1207
best 1206
best 1205
best 1204
best 1203
best 1201
best 1198
best 1197
best 1196
best 1195
best 1194
best 1193
best 1192
best 1191
best 1190
best 1189
best 1188
best 1186
best 1185
best 1184
best 1182
best 1181
best 1178
best 1175
best 1174
best 1173
best 1170
best 1169
best 1168
best 1167
best 1166
best 1165
best 1164
best 1162
best 1161
best 1160
best 1158
best 1157
best 1156
best 1153
best 1150
best 1149
best 1147
best 1146
best 1145
best 1144
best 1143
best 1140
best 1138
best 1137
best 1135
best 1130
best 1129
best 1128
best 1127
best 1126
best 1125
best 1124
best 1121
best 1119
best 1117
best 1116
best 1115
best 1114
best 1112
best 1110
best 1109
best 1106
best 1104
best 1103
best 1102
best 1100
best 1097
best 1096
best 1095
best 1093
best 1092
best 1091
best 1090
best 1088
best 1087
best 1084
best 1083
best 1080
best 1079
best 1077
best 1076
best 1074
best 1073
best 1071
best 1070
best 1068
best 1066
best 1065
best 1064
best 1063
best 1062
best 1061
best 1060
best 1058
best 1057
best 1056
best 1055
best 1054
best 1052
best 1050
best 1048
best 1047
best 1046
best 1043
best 1042
best 1041
best 1040
best 1038
best 1037
best 1036
best 1034
best 1033
best 1032
best 1031
best 1029
best 1027
best 1026
best 1025
best 1024
best 1018
best 1016
best 1015
best 1014
best 1012
best 1011
best 1010
best 1009
best 1007
best 1006
best 1004
best 1002
best 999
best 998
best 997
best 996
best 995
best 994
best 993
best 992
best 991
best 988
best 986
best 983
best 982
best 980
best 977
best 975
best 974
best 973
best 972
best 971
best 970
best 967
best 966
best 965
best 964
best 962
best 960
best 959
best 958
best 956
best 954
best 953
best 952
best 951
best 949
best 948
best 945
best 944
best 943
best 942
best 941
best 940
best 939
best 938
best 937
best 936
best 934
best 933
best 931
best 930
best 929
best 926
best 921
best 920
best 919
best 917
best 915
best 914
best 913
best 911
best 909
best 908
best 907
best 903
best 899
best 898
best 894
best 891
best 886
best 884
best 881
best 880
best 879
best 878
best 877
best 875
best 874
best 873
best 871
best 869
best 868
best 866
best 864
best 862
best 860
best 859
best 858
best 857
best 856
best 855
best 853
best 852
best 851
best 850
best 848
best 847
best 846
best 845
best 844
best 841
best 837
best 836
best 835
best 834
best 833
best 832
best 830
best 828
best 827
best 821
best 820
best 819
best 818
best 817
best 816
best 815
best 813
best 812
best 811
best 810
best 808
best 807
best 805
best 802
best 799
best 793
best 792
best 791
best 790
best 789
best 788
best 786
best 784
best 783
best 781
best 779
best 777
best 775
best 774
best 773
best 772
best 771
best 770
best 762
best 760
best 759
best 758
best 757
best 755
best 754
best 753
best 752
best 751
best 750
best 749
best 748
best 747
best 746
best 745
best 744
best 739
best 737
best 734
best 732
best 731
best 730
best 729
best 728
best 727
best 726
best 725
best 724
best 716
best 715
best 714
best 712
best 711
best 710
best 707
best 706
best 704
best 703
best 702
best 700
best 698
best 697
best 696
best 693
best 690
best 689
best 688
best 687
best 685
best 684
best 683
best 682
best 681
best 680
best 679
best 678
best 676
best 673
best 672
best 670
best 669
best 668
best 667
best 664
best 662
best 661
best 660
best 659
best 657
best 656
best 655
best 654
best 653
best 652
best 650
best 649
best 648
best 647
best 646
best 645
best 644
best 643
best 642
best 641
best 640
best 638
best 636
best 634
best 633
best 632
best 631
best 630
best 629
best 628
best 624
best 622
best 621
best 620
best 612
best 607
best 606
best 605
best 604
best 602
best 601
best 600
best 599
best 598
best 597
best 596
best 595
best 594
best 593
best 592
best 591
best 590
best 589
best 588
best 587
best 586
best 585
best 581
best 580
best 579
best 578
best 573
best 572
best 571
best 569
best 568
best 567
best 566
best 565
best 564
best 561
best 560
best 559
best 558
best 557
best 556
best 555
best 554
best 552
best 551
best 550
best 549
best 548
best 547
best 546
best 544
best 541
best 540
best 538
best 534
best 532
best 531
best 530
best 528
best 524
best 523
best 521
best 520
best 516
best 515
best 514
best 513
best 512
best 511
best 509
best 506
best 505
best 504
best 502
best 498
best 497
best 496
best 493
best 492
best 491
best 490
best 489
best 487
best 486
best 484
best 483
best 482
best 480
best 479
best 478
best 477
best 476
best 475
best 474
best 473
best 472
best 464
best 461
best 460
best 459
best 458
best 457
best 456
best 455
best 454
best 453
best 452
best 447
best 446
best 445
best 444
best 443
best 442
best 441
best 440
best 439
best 438
best 437
best 436
best 435
best 434
best 433
best 432
best 428
best 423
best 420
best 419
best 418
best 416
best 415
best 414
best 413
best 409
best 408
best 407
best 406
best 405
best 404
best 403
best 402
best 401
best 399
best 398
best 395
best 394
best 393
best 392
best 391
best 382
best 381
best 376
best 375
best 374
best 370
best 369
best 367
best 366
best 365
best 364
best 363
best 362
best 361
best 360
best 359
best 354
best 353
best 352
best 348
best 347
best 343
best 342
best 341
best 340
best 339
best 338
best 334
best 333
best 332
best 331
best 329
best 328
best 326
best 325
best 322
best 321
best 320
best 319
best 318
best 317
best 316
best 315
best 313
best 310
best 306
best 305
best 304
best 301
best 300
best 299
best 298
best 297
best 296
best 295
best 293
best 291
best 290
best 289
best 288
best 287
best 285
best 284
best 283
best 282
best 281
best 280
best 279
best 278
best 277
best 276
best 275
best 274
best 273
best 272
best 267
best 266
best 265
best 263
best 260
best 259
best 258
best 257
best 254
best 253
best 252
best 251
best 250
best 249
best 248
best 247
best 246
best 245
best 242
best 241
best 240
best 238
best 237
best 236
best 235
best 233
best 232
best 231
best 230
best 228
best 227
best 226
best 225
best 223
best 222
best 221
best 220
best 218
best 216
best 215
best 214
best 213
best 212
best 211
best 210
best 208
best 207
best 206
best 205
best 204
best 203
best 202
best 201
best 200
best 199
best 198
best 197
best 195
best 194
best 193
best 192
best 191
best 190
best 189
best 188
best 187
best 186
best 185
best 184
best 183
best 182
best 181
best 180
best 179
best 178
best 177
best 176
best 175
best 173
best 172
best 171
best 170
best 169
best 168
best 167
best 166
best 165
best 164
best 163
best 162
best 161
best 160
best 159
best 158
best 157
best 156
best 155
best 154
best 153
best 152
best 151
best 150
best 149
best 148
best 147
best 146
best 145
best 144
best 143
best 142
best 141
best 140
best 139
best 138
best 137
best 136
best 135
best 134
best 133
best 132
best 131
best 130
best 129
best 128
best 127
best 126
best 125
best 124
best 123
best 122
best 121
best 120
best 119
best 118
best 117
best 116
best 115
best 114
best 113
best 112
