best 527
best 523
best 522
best 520
best 517
best 514
best 513
best 512
best 507
best 504
best 502
best 499
best 497
best 496
best 493
best 488
best 485
best 482
best 479
best 478
best 474
best 472
best 469
best 466
best 464
best 461
best 457
best 455
best 453
best 452
best 451
best 450
best 448
best 447
best 444
best 440
best 439
best 436
best 435
best 434
best 430
best 426
best 422
best 420
best 418
best 417
best 415
best 414
best 410
best 407
best 405
best 404
best 403
best 399
best 398
best 397
best 395
best 394
best 392
best 391
best 390
best 389
best 388
best 386
best 385
best 384
best 381
best 379
best 377
best 374
best 372
best 371
best 370
best 367
best 364
best 362
best 358
best 356
best 354
best 353
best 351
best 350
best 348
best 346
best 344
best 341
best 339
best 336
best 335
best 332
best 331
best 329
best 326
best 323
best 317
best 316
best 315
best 313
best 308
best 305
best 302
best 301
best 298
best 295
best 294
best 292
best 291
best 290
best 287
best 286
best 285
best 284
best 283
best 282
best 280
best 278
best 277
best 276
best 273
best 270
best 269
best 268
best 267
best 265
best 263
best 261
best 259
best 257
best 255
best 252
best 250
best 249
best 248
best 247
best 246
best 244
best 243
best 242
best 241
best 240
best 239
best 238
best 237
best 236
best 235
best 232
best 231
best 229
best 228
best 226
best 225
best 223
best 221
best 220
best 219
best 218
best 217
best 216
best 214
best 213
best 212
best 211
best 209
best 208
best 207
best 206
best 205
best 204
best 202
best 201
best 200
best 199
best 197
best 196
best 194
best 193
best 192
best 191
best 189
best 187
best 186
best 185
best 184
best 183
best 182
best 181
best 180
best 179
best 178
best 176
best 175
best 174
best 173
best 172
best 171
best 170
best 169
best 168
best 167
best 166
best 165
best 164
best 163
best 161
best 160
best 159
best 158
best 157
best 154
best 153
best 151
best 150
best 149
best 148
best 147
best 145
best 143
best 142
best 141
best 139
best 138
best 136
best 135
best 134
best 133
best 131
best 129
best 128
best 127
best 126
best 125
best 124
best 123
best 122
best 121
best 120
best 118
best 117
best 116
best 115
best 114
best 112
best 111
best 110
best 109
best 107
best 106
best 103
best 102
best 101
best 100
best 99
best 98
best 97
best 96
best 94
best 93
best 92
best 91
best 90
best 89
best 88
best 87
best 86
best 85
best 84
best 83
best 82
best 81
best 80
best 79
best 78
best 77
best 76
best 75
best 74
best 73
best 72
best 71
best 70
best 69
best 68
best 67
best 66
best 65
best 64
best 63
best 62
best 61
best 60
best 59
best 58
best 57
best 56
best 55
best 54
best 53
best 52
best 51
best 50
best 49
best 48
best 47
best 46
best 45
best 44
best 43
best 42
best 41
best 40
best 39
best 38
best 37
best 36
best 35
best 34
best 33
best 32
best 31
best 30
