best 202
best 200
best 198
best 196
best 194
best 193
best 190
best 189
best 188
best 187
best 185
best 182
best 181
best 180
best 178
best 177
best 175
best 172
best 171
best 169
best 166
best 165
best 164
best 163
best 162
best 160
best 159
best 157
best 156
best 153
best 151
best 149
best 146
best 145
best 142
best 141
best 139
best 137
best 136
best 135
best 133
best 130
best 129
best 128
best 127
best 126
best 125
best 123
best 121
best 119
best 118
best 115
best 114
best 113
best 112
best 111
best 109
best 108
best 107
best 106
best 103
best 102
best 101
best 100
best 99
best 98
best 97
best 96
best 95
best 93
best 92
best 90
best 89
best 87
best 86
best 83
best 82
best 81
best 78
best 77
best 76
best 75
best 74
best 73
best 72
best 70
best 68
best 67
best 66
best 65
best 64
best 63
best 62
best 61
best 60
best 59
best 58
best 57
best 56
best 55
best 53
best 52
best 51
best 50
best 49
best 47
best 46
best 44
best 43
best 42
best 41
best 40
best 39
best 38
best 37
best 36
best 35
best 34
best 33
best 32
best 31
best 30
best 29
best 28
best 27
best 26
best 25
best 24
best 23
best 22
best 21
best 20
best 19
best 18
best 17
best 16
best 15
best 14
best 13
best 12
best 11
best 10
best 9
best 8
best 7
best 6
best 5
best 4
best 3
best 2
best 1
