best 1798
best 1794
best 1791
best 1789
best 1785
best 1782
best 1777
best 1776
best 1772
best 1768
best 1767
best 1764
best 1760
best 1754
best 1750
best 1746
best 1744
best 1736
best 1732
best 1727
best 1722
best 1718
best 1715
best 1713
best 1710
best 1707
best 1705
best 1703
best 1700
best 1697
best 1691
best 1688
best 1686
best 1685
best 1684
best 1683
best 1682
best 1680
best 1675
best 1674
best 1672
best 1671
best 1667
best 1665
best 1663
best 1659
best 1656
best 1655
best 1654
best 1653
best 1652
best 1650
best 1646
best 1642
best 1639
best 1638
best 1637
best 1629
best 1627
best 1624
best 1617
best 1613
best 1612
best 1610
best 1609
best 1606
best 1605
best 1599
best 1597
best 1596
best 1594
best 1592
best 1589
best 1588
best 1587
best 1585
best 1581
best 1580
best 1578
best 1575
best 1571
best 1570
best 1569
best 1567
best 1566
best 1563
best 1560
best 1558
best 1556
best 1553
best 1551
best 1548
best 1546
best 1543
best 1542
best 1541
best 1540
best 1537
best 1535
best 1534
best 1531
best 1530
best 1527
best 1526
best 1525
best 1521
best 1515
best 1513
best 1512
best 1509
best 1508
best 1504
best 1503
best 1502
best 1499
best 1497
best 1493
best 1490
best 1484
best 1483
best 1482
best 1480
best 1479
best 1478
best 1476
best 1475
best 1473
best 1472
best 1469
best 1468
best 1467
best 1466
best 1464
best 1462
best 1461
best 1460
best 1459
best 1458
best 1456
best 1454
best 1452
best 1450
best 1449
best 1448
best 1446
best 1443
best 1441
best 1440
best 1439
best 1438
best 1434
best 1433
best 1432
best 1431
best 1430
best 1427
best 1426
best 1423
best 1422
best 1421
best 1420
best 1419
best 1414
best 1413
best 1412
best 1409
best 1407
best 1405
best 1404
best 1402
best 1401
best 1400
best 1398
best 1396
best 1391
best 1390
best 1386
best 1382
best 1381
best 1380
best 1379
best 1378
best 1377
best 1376
best 1375
best 1374
best 1370
best 1369
best 1368
best 1366
best 1364
best 1362
best 1357
best 1354
best 1353
best 1349
best 1347
best 1346
best 1345
best 1342
best 1340
best 1339
best 1338
best 1336
best 1335
best 1334
best 1333
best 1329
best 1328
best 1327
best 1326
best 1325
best 1323
best 1322
best 1321
best 1320
best 1319
best 1316
best 1315
best 1314
best 1313
best 1312
best 1307
best 1305
best 1302
best 1301
best 1299
best 1296
best 1295
best 1294
best 1293
best 1292
best 1291
best 1288
best 1286
best 1284
best 1282
best 1280
best 1278
best 1276
best 1275
best 1273
best 1271
best 1270
best 1268
best 1267
best 1266
best 1265
best 1264
best 1263
best 1262
best 1260
best 1257
best 1255
best 1254
best 1253
best 1250
best 1248
best 1245
best 1244
best 1243
best 1242
best 1241
best 1238
best 1237
best 1236
best 1234
best 1232
best 1230
best 1228
best 1226
best 1224
best 1223
best 1222
best 1221
best 1220
best 1219
best 1218
best 1215
best 1214
best 1213
best 1212
best 1211
best 1210
best 1209
best 1208
best 1207
best 1203
best 1202
best 1201
best 1200
best 1199
best 1198
best 1195
best 1193
best 1192
best 1191
best 1188
best 1187
best 1185
best 1183
best 1180
best 1179
best 1178
best 1177
best 1175
best 1174
best 1172
best 1171
best 1170
best 1168
best 1167
best 1164
best 1162
best 1161
best 1160
best 1159
best 1157
best 1153
best 1152
best 1151
best 1150
best 1148
best 1146
best 1141
best 1140
best 1138
best 1137
best 1135
best 1134
best 1133
best 1131
best 1130
best 1129
best 1128
best 1127
best 1126
best 1125
best 1124
best 1122
best 1121
best 1120
best 1118
best 1116
best 1115
best 1113
best 1111
best 1109
best 1108
best 1105
best 1104
best 1103
best 1101
best 1099
best 1098
best 1096
best 1093
best 1091
best 1089
best 1088
best 1087
best 1086
best 1085
best 1083
best 1081
best 1079
best 1078
best 1076
best 1072
best 1070
best 1069
best 1068
best 1067
best 1065
best 1064
best 1063
best 1058
best 1056
best 1055
best 1054
best 1049
best 1047
best 1046
best 1045
best 1044
best 1043
best 1041
best 1040
best 1038
best 1037
best 1035
best 1033
best 1032
best 1030
best 1028
best 1027
best 1025
best 1024
best 1023
best 1020
best 1019
best 1018
best 1017
best 1015
best 1014
best 1011
best 1010
best 1009
best 1008
best 1006
best 1005
best 1001
best 1000
best 998
best 997
best 996
best 995
best 994
best 991
best 989
best 988
best 987
best 985
best 984
best 982
best 980
best 979
best 978
best 977
best 976
best 974
best 973
best 972
best 971
best 967
best 965
best 963
best 962
best 961
best 960
best 959
best 958
best 956
best 955
best 953
best 952
best 950
best 949
best 945
best 944
best 943
best 942
best 941
best 940
best 938
best 937
best 935
best 934
best 932
best 929
best 925
best 919
best 918
best 917
best 916
best 915
best 914
best 913
best 909
best 907
best 905
best 904
best 903
best 902
best 900
best 898
best 897
best 896
best 895
best 893
best 892
best 891
best 890
best 889
best 884
best 881
best 879
best 877
best 876
best 875
best 874
best 873
best 867
best 866
best 865
best 864
best 863
best 862
best 861
best 860
best 859
best 858
best 857
best 854
best 850
best 849
best 848
best 847
best 846
best 845
best 844
best 843
best 842
best 840
best 837
best 836
best 835
best 834
best 833
best 832
best 830
best 829
best 828
best 823
best 820
best 819
best 817
best 816
best 814
best 813
best 812
best 811
best 808
best 807
best 806
best 804
best 801
best 800
best 799
best 797
best 796
best 794
best 793
best 792
best 788
best 787
best 782
best 779
best 778
best 776
best 774
best 772
best 771
best 770
best 767
best 764
best 763
best 762
best 760
best 759
best 758
best 752
best 751
best 749
best 746
best 743
best 742
best 741
best 738
best 736
best 735
best 731
best 730
best 729
best 728
best 721
best 719
best 713
best 712
best 711
best 710
best 707
best 699
best 698
best 697
best 696
best 695
best 694
best 693
best 691
best 690
best 689
best 687
best 686
best 685
best 683
best 681
best 680
best 678
best 677
best 676
best 675
best 674
best 673
best 672
best 670
best 669
best 665
best 663
best 662
best 659
best 657
best 656
best 655
best 653
best 652
best 651
best 650
best 648
best 644
best 643
best 642
best 636
best 633
best 632
best 631
best 630
best 626
best 624
best 622
best 621
best 619
best 617
best 616
best 614
best 613
best 612
best 611
best 609
best 607
best 606
best 605
best 604
best 603
best 602
best 601
best 599
best 593
best 592
best 591
best 590
best 589
best 588
best 587
best 586
best 585
best 584
best 583
best 582
best 580
best 577
best 576
best 575
best 574
best 572
best 571
best 570
best 569
best 568
best 567
best 566
best 565
best 564
best 562
best 560
best 559
best 558
best 557
best 556
best 555
best 551
best 547
best 546
best 544
best 540
best 539
best 538
best 536
best 535
best 534
best 533
best 531
best 530
best 529
best 528
best 526
best 525
best 524
best 523
best 522
best 521
best 520
best 519
best 518
best 517
best 516
best 515
best 514
best 513
best 512
best 511
best 510
best 509
best 508
best 507
best 506
best 505
best 504
best 503
best 502
best 501
best 500
best 499
best 498
best 497
best 494
best 492
best 491
best 490
best 489
best 488
best 487
best 486
best 485
best 484
best 483
best 482
best 481
best 480
best 479
best 478
best 475
best 473
best 472
best 471
best 470
best 469
best 468
best 467
best 465
best 464
best 463
best 462
best 461
best 459
best 458
best 456
best 455
best 454
best 453
best 452
best 451
best 450
best 448
best 446
best 445
best 444
best 443
best 442
best 441
best 439
best 438
best 437
best 436
best 435
best 434
best 433
best 432
best 431
best 430
best 429
best 428
best 427
best 426
