best 899
best 896
best 894
best 891
best 890
best 885
best 881
best 879
best 878
best 875
best 871
best 867
best 865
best 860
best 859
best 857
best 856
best 853
best 852
best 850
best 849
best 846
best 845
best 843
best 839
best 838
best 835
best 831
best 827
best 825
best 823
best 820
best 819
best 816
best 814
best 812
best 809
best 807
best 805
best 804
best 800
best 798
best 796
best 793
best 792
best 787
best 785
best 783
best 781
best 776
best 772
best 769
best 768
best 767
best 765
best 763
best 761
best 759
best 758
best 757
best 755
best 752
best 751
best 748
best 746
best 745
best 744
best 743
best 741
best 740
best 737
best 735
best 734
best 730
best 729
best 726
best 725
best 724
best 723
best 722
best 719
best 718
best 715
best 714
best 712
best 711
best 710
best 709
best 708
best 707
best 706
best 704
best 702
best 700
best 699
best 696
best 695
best 693
best 691
best 690
best 689
best 686
best 684
best 683
best 682
best 679
best 677
best 675
best 672
best 668
best 664
best 663
best 662
best 661
best 660
best 658
best 657
best 656
best 655
best 652
best 651
best 650
best 647
best 646
best 645
best 644
best 641
best 637
best 635
best 634
best 632
best 631
best 630
best 629
best 627
best 625
best 624
best 622
best 620
best 619
best 618
best 616
best 615
best 612
best 611
best 609
best 607
best 606
best 604
best 603
best 601
best 600
best 597
best 596
best 595
best 592
best 591
best 590
best 589
best 588
best 584
best 580
best 579
best 578
best 576
best 574
best 573
best 572
best 571
best 570
best 567
best 566
best 565
best 564
best 563
best 560
best 559
best 558
best 557
best 556
best 553
best 552
best 551
best 548
best 547
best 546
best 545
best 542
best 541
best 539
best 538
best 533
best 531
best 530
best 529
best 528
best 526
best 525
best 524
best 522
best 521
best 520
best 519
best 518
best 516
best 515
best 513
best 510
best 508
best 507
best 506
best 505
best 504
best 503
best 501
best 500
best 499
best 497
best 496
best 494
best 493
best 492
best 490
best 489
best 486
best 484
best 483
best 482
best 481
best 480
best 479
best 478
best 476
best 475
best 474
best 471
best 470
best 467
best 466
best 465
best 464
best 463
best 462
best 461
best 459
best 458
best 456
best 455
best 454
best 453
best 451
best 450
best 449
best 448
best 446
best 443
best 442
best 441
best 440
best 439
best 437
best 435
best 433
best 431
best 429
best 428
best 427
best 426
best 425
best 422
best 421
best 420
best 419
best 417
best 416
best 415
best 413
best 412
best 411
best 410
best 409
best 408
best 407
best 406
best 405
best 404
best 401
best 400
best 399
best 398
best 397
best 396
best 395
best 394
best 393
best 390
best 388
best 387
best 386
best 385
best 384
best 383
best 381
best 380
best 379
best 378
best 377
best 375
best 374
best 373
best 372
best 371
best 370
best 369
best 368
best 367
best 366
best 365
best 364
best 362
best 359
best 357
best 355
best 354
best 352
best 351
best 350
best 347
best 346
best 345
best 343
best 342
best 341
best 340
best 339
best 338
best 337
best 336
best 335
best 329
best 328
best 327
best 326
best 325
best 324
best 323
best 321
best 319
best 315
best 314
best 313
best 312
best 310
best 308
best 307
best 305
best 304
best 303
best 302
best 301
best 300
best 299
best 298
best 297
best 296
best 294
best 293
best 292
best 291
best 290
best 289
best 288
best 287
best 286
best 285
best 284
best 283
best 282
best 281
best 280
best 279
best 278
best 277
best 276
best 275
best 274
best 273
best 272
best 271
best 270
best 268
best 267
best 266
best 265
best 264
best 263
best 262
best 260
best 259
best 258
best 257
best 256
best 254
best 253
best 252
best 250
best 249
best 248
best 247
best 246
best 245
best 243
best 242
best 239
best 238
best 237
best 236
best 235
best 234
best 233
best 232
best 231
best 230
best 228
best 227
best 226
best 225
best 224
best 223
best 222
best 221
best 220
best 219
best 218
best 217
best 216
best 215
best 214
best 213
best 212
best 211
best 210
best 209
best 208
best 207
best 206
best 205
best 204
best 203
best 202
best 201
