best 1514
best 1511
best 1509
best 1505
best 1504
best 1500
best 1493
best 1489
best 1483
best 1482
best 1478
best 1477
best 1472
best 1468
best 1467
best 1466
best 1465
best 1464
best 1461
best 1458
best 1454
best 1452
best 1445
best 1440
best 1437
best 1434
best 1429
best 1427
best 1426
best 1423
best 1422
best 1420
best 1415
best 1412
best 1408
best 1407
best 1406
best 1402
best 1401
best 1400
best 1393
best 1388
best 1387
best 1386
best 1384
best 1380
best 1377
best 1375
best 1373
best 1370
best 1369
best 1367
best 1364
best 1360
best 1355
best 1352
best 1348
best 1345
best 1344
best 1342
best 1339
best 1336
best 1332
best 1331
best 1330
best 1328
best 1325
best 1323
best 1320
best 1316
best 1315
best 1314
best 1313
best 1311
best 1309
best 1307
best 1305
best 1299
best 1298
best 1297
best 1292
best 1289
best 1286
best 1285
best 1284
best 1282
best 1279
best 1274
best 1271
best 1270
best 1266
best 1261
best 1255
best 1252
best 1249
best 1247
best 1243
best 1242
best 1239
best 1235
best 1233
best 1232
best 1231
best 1230
best 1229
best 1225
best 1224
best 1223
best 1219
best 1217
best 1211
best 1210
best 1208
best 1207
best 1206
best 1205
best 1203
best 1200
best 1196
best 1195
best 1193
best 1192
best 1190
best 1189
best 1187
best 1184
best 1183
best 1179
best 1178
best 1176
best 1173
best 1171
best 1169
best 1168
best 1167
best 1166
best 1163
best 1162
best 1160
best 1157
best 1154
best 1151
best 1149
best 1148
best 1146
best 1144
best 1143
best 1140
best 1138
best 1137
best 1133
best 1130
best 1129
best 1128
best 1125
best 1124
best 1123
best 1118
best 1116
best 1111
best 1110
best 1109
best 1107
best 1103
best 1100
best 1097
best 1095
best 1093
best 1089
best 1087
best 1084
best 1081
best 1080
best 1075
best 1072
best 1071
best 1070
best 1069
best 1067
best 1062
best 1057
best 1053
best 1052
best 1051
best 1048
best 1045
best 1043
best 1038
best 1037
best 1035
best 1033
best 1030
best 1029
best 1027
best 1025
best 1024
best 1021
best 1020
best 1019
best 1017
best 1014
best 1012
best 1010
best 1008
best 1007
best 1006
best 1005
best 1003
best 1002
best 1001
best 999
best 996
best 994
best 992
best 990
best 988
best 986
best 984
best 982
best 979
best 977
best 975
best 974
best 973
best 971
best 970
best 968
best 966
best 964
best 962
best 960
best 958
best 955
best 954
best 953
best 948
best 947
best 943
best 940
best 937
best 934
best 932
best 930
best 928
best 927
best 926
best 924
best 923
best 921
best 920
best 918
best 917
best 914
best 911
best 910
best 909
best 905
best 901
best 897
best 895
best 892
best 890
best 888
best 885
best 884
best 882
best 878
best 875
best 871
best 870
best 869
best 868
best 867
best 865
best 864
best 862
best 860
best 857
best 854
best 852
best 847
best 846
best 845
best 844
best 843
best 842
best 841
best 840
best 838
best 836
best 834
best 833
best 831
best 828
best 826
best 825
best 823
best 820
best 818
best 817
best 816
best 815
best 814
best 813
best 810
best 809
best 808
best 805
best 804
best 801
best 799
best 795
best 790
best 789
best 788
best 787
best 783
best 782
best 781
best 779
best 778
best 777
best 776
best 775
best 774
best 771
best 770
best 769
best 766
best 763
best 762
best 761
best 758
best 757
best 756
best 754
best 753
best 751
best 749
best 748
best 746
best 744
best 742
best 738
best 737
best 735
best 734
best 733
best 732
best 729
best 728
best 726
best 722
best 719
best 716
best 714
best 711
best 710
best 709
best 708
best 707
best 706
best 705
best 704
best 702
best 699
best 698
best 696
best 695
best 694
best 693
best 691
best 687
best 686
best 684
best 683
best 680
best 679
best 678
best 675
best 674
best 673
best 671
best 670
best 668
best 666
best 664
best 663
best 662
best 661
best 660
best 659
best 658
best 656
best 655
best 654
best 652
best 651
best 650
best 648
best 646
best 643
best 641
best 639
best 638
best 637
best 636
best 635
best 633
best 632
best 631
best 629
best 627
best 625
best 624
best 622
best 621
best 620
best 619
best 618
best 617
best 613
best 612
best 611
best 610
best 607
best 605
best 604
best 603
best 602
best 600
best 599
best 598
best 595
best 593
best 592
best 591
best 589
best 588
best 586
best 583
best 582
best 580
best 578
best 577
best 575
best 574
best 573
best 572
best 570
best 569
best 567
best 566
best 564
best 561
best 559
best 558
best 553
best 552
best 551
best 550
best 548
best 547
best 545
best 542
best 540
best 539
best 538
best 537
best 536
best 535
best 533
best 532
best 531
best 529
best 528
best 526
best 525
best 523
best 522
best 520
best 519
best 518
best 517
best 516
best 515
best 514
best 513
best 512
best 510
best 509
best 506
best 505
best 502
best 500
best 499
best 498
best 497
best 496
best 495
best 493
best 492
best 491
best 490
best 489
best 487
best 486
best 484
best 483
best 481
best 480
best 478
best 477
best 476
best 475
best 474
best 473
best 472
best 471
best 469
best 468
best 467
best 466
best 464
best 463
best 462
best 461
best 460
best 459
best 458
best 456
best 455
best 453
best 452
best 451
best 449
best 447
best 446
best 445
best 443
best 441
best 440
best 439
best 438
best 436
best 434
best 432
best 431
best 430
best 428
best 427
best 426
best 425
best 424
best 423
best 421
best 419
best 418
best 416
best 415
best 414
best 412
best 411
best 410
best 409
best 408
best 407
best 406
best 405
best 403
best 402
best 401
best 400
best 399
best 398
best 397
best 396
best 395
best 394
best 393
best 391
best 388
best 386
best 384
best 383
best 382
best 379
best 378
best 376
best 374
best 373
best 372
best 371
best 370
best 369
best 368
best 367
best 366
best 365
best 364
best 363
best 362
best 360
best 359
best 358
best 357
best 354
best 353
best 352
best 351
best 350
best 349
best 348
best 346
best 344
best 343
best 342
best 341
best 340
best 338
best 337
best 335
best 334
best 333
best 332
best 331
best 329
best 328
best 327
best 326
best 325
best 324
best 322
best 321
best 319
best 318
best 317
best 316
best 314
best 312
best 311
best 308
best 307
best 306
best 305
best 304
best 303
best 302
best 301
best 300
best 299
best 297
best 296
best 295
best 294
best 292
best 290
best 288
best 287
best 286
best 285
best 283
best 282
best 280
best 279
best 278
best 276
best 275
best 274
best 273
best 272
best 271
best 270
best 269
best 268
best 267
best 262
best 261
best 260
best 259
best 258
best 256
best 255
best 254
best 253
best 252
best 251
best 250
best 249
best 244
best 243
best 242
best 241
best 240
best 239
best 238
best 237
best 236
best 235
best 234
best 233
best 232
best 231
best 229
best 227
best 226
best 225
best 224
best 223
best 222
best 220
best 219
best 218
best 216
best 215
best 213
best 212
best 211
best 210
best 209
best 208
best 207
best 206
best 202
best 201
best 200
best 199
best 198
best 197
best 196
best 195
best 194
best 193
best 192
best 191
best 190
best 189
best 187
best 186
best 185
best 184
best 183
best 182
best 181
best 180
best 179
best 178
best 176
best 175
best 174
best 170
best 169
best 168
best 167
best 166
best 165
best 164
best 163
best 162
best 161
best 160
best 159
best 158
best 157
best 156
best 155
best 154
best 152
best 150
best 149
best 148
best 147
best 143
best 141
best 140
best 139
best 136
best 135
best 134
best 133
best 132
best 131
best 130
best 129
best 128
best 127
best 126
best 125
best 124
best 121
best 120
best 119
best 118
best 115
best 114
best 113
best 112
best 111
best 110
best 109
best 108
best 107
best 106
best 105
best 104
best 103
best 102
best 101
best 100
best 99
best 98
best 97
best 96
best 95
best 94
best 93
best 92
best 90
best 89
best 87
best 86
best 85
best 84
best 83
best 82
best 81
best 80
best 79
best 78
best 77
best 76
best 75
best 74
best 73
best 70
best 69
best 68
best 67
best 66
best 65
best 64
best 63
best 62
best 61
best 59
best 58
best 57
best 56
best 55
best 54
best 53
best 52
best 51
best 50
best 49
best 48
best 47
best 46
best 45
best 44
best 43
best 42
best 41
best 40
best 39
best 38
best 37
best 36
best 35
best 34
best 33
best 32
best 31
best 30
best 29
best 28
best 27
best 26
best 25
best 24
best 23
best 22
best 21
best 20
best 19
best 18
best 17
best 16
best 15
best 14
best 13
best 12
best 11
best 10
best 9
