best 2147
best 2144
best 2140
best 2135
best 2134
best 2130
best 2127
best 2125
best 2121
best 2118
best 2117
best 2116
best 2115
best 2112
best 2107
best 2103
best 2100
best 2099
best 2097
best 2093
best 2091
best 2090
best 2086
best 2083
best 2079
best 2077
best 2075
best 2071
best 2068
best 2065
best 2062
best 2059
best 2058
best 2054
best 2052
best 2048
best 2047
best 2046
best 2041
best 2035
best 2033
best 2026
best 2024
best 2023
best 2022
best 2018
best 2016
best 2013
best 2007
best 2002
best 2001
best 1998
best 1996
best 1995
best 1992
best 1990
best 1989
best 1985
best 1981
best 1980
best 1979
best 1978
best 1976
best 1975
best 1973
best 1970
best 1965
best 1960
best 1956
best 1953
best 1952
best 1949
best 1945
best 1943
best 1939
best 1936
best 1933
best 1931
best 1927
best 1925
best 1920
best 1919
best 1918
best 1917
best 1915
best 1913
best 1912
best 1911
best 1907
best 1905
best 1903
best 1901
best 1899
best 1897
best 1896
best 1890
best 1888
best 1886
best 1884
best 1879
best 1878
best 1875
best 1871
best 1870
best 1867
best 1866
best 1864
best 1859
best 1855
best 1852
best 1851
best 1844
best 1840
best 1836
best 1834
best 1832
best 1830
best 1826
best 1819
best 1815
best 1812
best 1809
best 1808
best 1807
best 1805
best 1804
best 1803
best 1800
best 1798
best 1797
best 1795
best 1793
best 1787
best 1786
best 1782
best 1780
best 1778
best 1773
best 1772
best 1771
best 1768
best 1763
best 1760
best 1757
best 1752
best 1750
best 1749
best 1743
best 1741
best 1739
best 1734
best 1733
best 1732
best 1730
best 1728
best 1726
best 1724
best 1721
best 1716
best 1713
best 1710
best 1709
best 1708
best 1707
best 1705
best 1703
best 1701
best 1698
best 1697
best 1693
best 1687
best 1685
best 1684
best 1682
best 1679
best 1678
best 1675
best 1673
best 1671
best 1668
best 1666
best 1664
best 1661
best 1660
best 1659
best 1656
best 1654
best 1653
best 1649
best 1648
best 1647
best 1644
best 1643
best 1641
best 1639
best 1637
best 1633
best 1631
best 1629
best 1628
best 1625
best 1622
best 1620
best 1616
best 1615
best 1613
best 1609
best 1607
best 1606
best 1604
best 1603
best 1601
best 1600
best 1598
best 1595
best 1592
best 1590
best 1588
best 1586
best 1583
best 1582
best 1581
best 1580
best 1578
best 1577
best 1575
best 1574
best 1573
best 1570
best 1565
best 1562
best 1561
best 1560
best 1557
best 1556
best 1551
best 1549
best 1548
best 1545
best 1543
best 1539
best 1538
best 1536
best 1535
best 1532
best 1531
best 1530
best 1528
best 1526
best 1525
best 1522
best 1519
best 1517
best 1514
best 1512
best 1509
best 1507
best 1503
best 1500
best 1496
best 1492
best 1489
best 1486
best 1485
best 1484
best 1483
best 1481
best 1478
best 1476
best 1474
best 1473
best 1471
best 1470
best 1468
best 1467
best 1465
best 1462
best 1460
best 1458
best 1457
best 1456
best 1455
best 1453
best 1451
best 1450
best 1447
best 1443
best 1439
best 1435
best 1434
best 1430
best 1428
best 1426
best 1425
best 1422
best 1419
best 1416
best 1415
best 1411
best 1406
best 1403
best 1399
best 1394
best 1393
best 1392
best 1391
best 1390
best 1388
best 1386
best 1384
best 1383
best 1381
best 1380
best 1378
best 1377
best 1376
best 1373
best 1372
best 1371
best 1370
best 1367
best 1366
best 1362
best 1361
best 1360
best 1358
best 1355
best 1353
best 1350
best 1349
best 1348
best 1344
best 1343
best 1340
best 1339
best 1337
best 1333
best 1330
best 1327
best 1325
best 1322
best 1320
best 1318
best 1316
best 1314
best 1313
best 1308
best 1307
best 1306
best 1304
best 1301
best 1299
best 1296
best 1293
best 1292
best 1289
best 1288
best 1284
best 1282
best 1281
best 1280
best 1279
best 1278
best 1276
best 1274
best 1273
best 1271
best 1267
best 1266
best 1265
best 1261
best 1260
best 1259
best 1257
best 1256
best 1254
best 1253
best 1252
best 1250
best 1249
best 1248
best 1247
best 1245
best 1240
best 1239
best 1238
best 1232
best 1231
best 1230
best 1229
best 1226
best 1225
best 1224
best 1222
best 1218
best 1215
best 1211
best 1210
best 1208
best 1205
best 1204
best 1202
best 1201
best 1198
best 1194
best 1193
best 1191
best 1187
best 1186
best 1183
best 1179
best 1176
best 1173
best 1172
best 1170
best 1169
best 1167
best 1165
best 1161
best 1158
best 1156
best 1155
best 1152
best 1150
best 1149
best 1146
best 1145
best 1144
best 1142
best 1139
best 1136
best 1135
best 1132
best 1130
best 1129
best 1128
best 1127
best 1126
best 1125
best 1124
best 1123
best 1121
best 1119
best 1117
best 1115
best 1114
best 1111
best 1109
best 1107
best 1106
best 1103
best 1102
best 1101
best 1099
best 1098
best 1096
best 1095
best 1092
best 1091
best 1089
best 1087
best 1086
best 1083
best 1081
best 1078
best 1077
best 1075
best 1073
best 1072
best 1071
best 1070
best 1069
best 1068
best 1066
best 1065
best 1064
best 1063
best 1062
best 1061
best 1059
best 1055
best 1054
best 1053
best 1050
best 1049
best 1047
best 1045
best 1043
best 1042
best 1040
best 1038
best 1036
best 1035
best 1034
best 1032
best 1030
best 1027
best 1025
best 1023
best 1021
best 1020
best 1016
best 1015
best 1014
best 1012
best 1010
best 1009
best 1007
best 1005
best 1004
best 1003
best 1002
best 1001
best 1000
best 998
best 997
best 996
best 994
best 991
best 989
best 988
best 987
best 984
best 981
best 980
best 979
best 978
best 976
best 975
best 974
best 972
best 971
best 970
best 968
best 967
best 966
best 965
best 963
best 961
best 959
best 953
best 951
best 950
best 949
best 948
best 947
best 945
best 944
best 939
best 938
best 937
best 934
best 933
best 932
best 929
best 927
best 926
best 923
best 921
best 920
best 919
best 916
best 914
best 912
best 909
best 908
best 906
best 905
best 904
best 903
best 902
best 901
best 900
best 897
best 896
best 895
best 893
best 892
best 890
best 889
best 887
best 886
best 885
best 884
best 883
best 882
best 879
best 877
best 876
best 874
best 873
best 872
best 868
best 867
best 866
best 865
best 864
best 863
best 862
best 860
best 856
best 855
best 850
best 849
best 848
best 846
best 844
best 841
best 840
best 839
best 833
best 832
best 831
best 828
best 827
best 826
best 825
best 824
best 821
best 820
best 819
best 817
best 816
best 814
best 813
best 810
best 808
best 806
best 805
best 804
best 803
best 802
best 800
best 799
best 797
best 796
best 794
best 792
best 791
best 790
best 788
best 787
best 784
best 783
best 782
best 781
best 779
best 778
best 776
best 775
best 773
best 772
best 771
best 770
best 769
best 767
best 765
best 763
best 761
best 760
best 759
best 757
best 756
best 755
best 754
best 753
best 751
best 750
best 748
best 747
best 745
best 740
best 739
best 738
best 737
best 736
best 735
best 732
best 731
best 730
best 727
best 724
best 723
best 720
best 718
best 717
best 716
best 715
best 712
best 711
best 710
best 708
best 705
best 704
best 702
best 701
best 700
best 698
best 697
best 696
best 695
best 694
best 690
best 688
best 686
best 684
best 683
best 682
best 681
best 679
best 678
best 676
best 675
best 673
best 672
best 670
best 669
best 666
best 665
best 664
best 663
best 662
best 661
best 659
best 658
best 657
best 655
best 654
best 653
best 652
best 650
best 649
best 648
best 646
best 645
best 644
best 642
best 641
best 640
best 639
best 638
best 636
best 634
best 633
best 631
best 629
best 628
best 627
best 626
best 624
best 621
best 620
best 619
best 617
best 615
best 614
best 611
best 609
best 608
best 607
best 606
best 605
best 604
best 603
best 602
best 600
best 599
best 597
best 593
best 592
best 591
best 590
best 589
best 585
best 583
best 582
best 581
best 576
best 575
best 574
best 573
best 572
best 571
best 570
best 569
best 567
best 566
best 565
best 564
best 559
best 558
best 557
best 556
best 555
best 554
best 553
best 551
best 550
best 547
best 546
best 543
best 540
best 539
best 535
best 533
best 532
best 529
best 527
best 526
best 525
best 523
best 522
best 521
best 520
best 519
best 518
best 517
best 516
best 515
best 514
best 513
best 511
best 510
best 509
best 508
best 507
best 503
best 501
best 499
best 497
best 496
best 495
best 493
best 492
best 491
best 490
best 489
best 488
best 487
best 486
best 484
best 481
best 479
best 477
best 476
best 474
best 472
best 471
best 470
best 469
best 468
best 467
best 466
best 463
best 462
best 461
best 458
best 456
best 455
best 454
best 453
best 450
best 449
best 448
best 447
best 446
best 445
best 444
best 443
best 442
best 441
best 440
best 439
best 438
best 437
best 436
best 433
best 429
best 428
best 427
best 426
best 425
best 424
best 422
best 421
best 419
best 418
best 415
best 414
best 413
best 412
best 411
best 409
best 408
best 407
best 405
best 404
best 403
best 402
best 401
best 400
best 399
best 397
best 396
best 395
best 394
best 393
best 392
best 390
best 389
best 387
best 386
best 385
best 384
best 383
best 382
best 381
best 379
best 378
best 377
best 376
best 375
best 374
best 373
best 372
best 371
best 369
best 368
best 367
best 366
best 361
best 360
best 359
best 358
best 357
best 356
best 355
best 354
best 353
best 352
best 351
best 350
best 348
best 347
best 346
best 344
best 343
best 342
best 341
best 340
best 337
best 336
best 335
best 334
best 333
best 332
best 331
best 329
best 328
best 327
best 326
best 325
best 324
best 323
best 321
best 319
best 317
best 316
best 315
best 314
best 313
best 311
best 310
best 309
best 308
best 307
best 306
best 305
best 304
best 302
best 301
best 300
best 299
best 297
best 296
best 293
best 292
best 290
best 289
best 288
best 286
best 285
best 284
best 283
best 279
best 278
best 277
best 276
best 275
best 274
best 273
best 272
best 271
best 270
best 269
best 265
best 263
best 262
best 260
best 259
best 258
best 257
best 255
best 251
best 250
best 249
best 248
best 247
best 246
best 245
best 243
best 242
best 241
best 240
best 239
best 238
best 237
best 233
best 232
best 231
best 230
best 229
best 228
best 227
best 226
best 225
best 224
best 223
best 222
best 221
best 215
best 214
best 213
best 212
best 211
best 210
best 209
best 207
best 205
best 203
best 201
best 200
best 195
best 193
best 192
best 191
best 190
best 187
best 186
best 185
best 184
best 183
best 182
best 181
best 180
best 179
best 178
best 177
best 174
best 173
best 172
best 171
best 168
best 167
best 166
best 165
best 164
best 163
best 162
best 161
best 160
best 159
best 158
best 157
best 156
best 155
best 154
best 150
best 149
best 148
best 147
best 146
best 145
best 141
best 140
best 139
best 138
best 134
best 133
best 132
best 131
best 130
best 128
best 127
best 126
best 125
best 124
best 122
best 121
best 120
best 119
best 118
best 117
best 116
best 115
best 114
best 113
best 112
best 111
best 110
best 109
best 108
best 107
best 106
best 105
best 104
best 103
best 102
best 101
best 100
best 99
best 98
best 97
best 96
best 95
best 94
best 93
best 92
best 91
best 90
best 89
best 88
best 87
best 86
best 85
best 84
best 83
best 82
best 81
best 80
best 79
best 78
best 77
best 75
best 74
best 73
best 72
best 71
best 70
best 69
best 68
best 67
best 66
best 65
best 64
best 63
best 62
best 61
best 60
best 59
best 58
best 57
best 56
best 55
best 54
best 53
best 52
best 51
best 50
best 49
best 48
best 47
best 46
best 45
best 44
best 43
best 42
best 41
best 40
best 39
best 38
best 37
best 36
best 35
best 34
best 33
best 32
