best 8252
best 8248
best 8226
best 8209
best 8190
best 8180
best 8156
best 8140
best 8128
best 8124
best 8108
best 8088
best 8074
best 8062
best 8042
best 8035
best 8027
best 8017
best 8003
best 7991
best 7981
best 7959
best 7953
best 7944
best 7932
best 7910
best 7875
best 7873
best 7861
best 7855
best 7847
best 7832
best 7830
best 7804
best 7794
best 7786
best 7784
best 7780
best 7761
best 7744
best 7740
best 7734
best 7718
best 7716
best 7704
best 7692
best 7682
best 7677
best 7665
best 7663
best 7641
best 7635
best 7621
best 7603
best 7591
best 7575
best 7563
best 7537
best 7523
best 7513
best 7505
best 7497
best 7487
best 7474
best 7470
best 7468
best 7454
best 7448
best 7430
best 7419
best 7415
best 7411
best 7399
best 7390
best 7376
best 7366
best 7360
best 7346
best 7326
best 7318
best 7314
best 7307
best 7293
best 7285
best 7275
best 7263
best 7259
best 7245
best 7235
best 7211
best 7193
best 7189
best 7173
best 7149
best 7147
best 7142
best 7136
best 7126
best 7116
best 7110
best 7106
best 7098
best 7096
best 7092
best 7084
best 7070
best 7058
best 7046
best 7044
best 7042
best 7038
best 7028
best 7018
best 7008
best 6992
best 6978
best 6974
best 6968
best 6958
best 6948
best 6940
best 6930
best 6926
best 6922
best 6910
best 6888
best 6866
best 6859
best 6841
best 6826
best 6822
best 6816
best 6801
best 6789
best 6782
best 6780
best 6768
best 6766
best 6752
best 6736
best 6726
best 6720
best 6718
best 6712
best 6707
best 6699
best 6687
best 6685
best 6673
best 6663
best 6661
best 6653
best 6646
best 6641
best 6625
best 6613
best 6591
best 6575
best 6568
best 6558
best 6548
best 6535
best 6533
best 6526
best 6518
best 6509
best 6502
best 6500
best 6487
best 6482
best 6471
best 6462
best 6454
best 6446
best 6424
best 6418
best 6400
best 6398
best 6396
best 6394
best 6390
best 6384
best 6374
best 6368
best 6362
best 6354
best 6352
best 6340
best 6328
best 6320
best 6304
best 6291
best 6285
best 6279
best 6273
best 6264
best 6251
best 6236
best 6233
best 6227
best 6225
best 6217
best 6203
best 6195
best 6189
best 6185
best 6182
best 6166
best 6154
best 6146
best 6134
best 6122
best 6116
best 6102
best 6096
best 6092
best 6078
best 6074
best 6062
best 6054
best 6041
best 6031
best 6022
best 6012
best 6009
best 6003
best 5999
best 5987
best 5985
best 5983
best 5979
best 5977
best 5974
best 5968
best 5965
best 5959
best 5957
best 5953
best 5951
best 5943
best 5942
best 5938
best 5928
best 5920
best 5916
best 5910
best 5892
best 5890
best 5882
best 5866
best 5864
best 5862
best 5843
best 5841
best 5815
best 5809
best 5803
best 5798
best 5786
best 5782
best 5774
best 5764
best 5744
best 5736
best 5732
best 5730
best 5728
best 5720
best 5716
best 5712
best 5710
best 5708
best 5698
best 5696
best 5690
best 5688
best 5684
best 5679
best 5675
best 5673
best 5653
best 5651
best 5639
best 5633
best 5627
best 5617
best 5616
best 5597
best 5593
best 5583
best 5581
best 5579
best 5576
best 5570
best 5556
best 5542
best 5534
best 5523
best 5515
best 5514
best 5510
best 5504
best 5490
best 5484
best 5472
best 5462
best 5458
best 5450
best 5429
best 5423
best 5421
best 5413
best 5396
best 5382
best 5362
best 5356
best 5349
best 5347
best 5345
best 5337
best 5320
best 5306
best 5297
best 5293
best 5289
best 5281
best 5267
best 5265
best 5264
best 5256
best 5244
best 5228
best 5222
best 5216
best 5212
best 5206
best 5191
best 5187
best 5175
best 5160
best 5158
best 5156
best 5154
best 5150
best 5142
best 5141
best 5131
best 5119
best 5102
best 5100
best 5096
best 5087
best 5079
best 5078
best 5064
best 5048
best 5040
best 5034
best 5032
best 5030
best 5028
best 5024
best 5014
best 5011
best 5005
best 5002
best 4984
best 4978
best 4975
best 4969
best 4961
best 4959
best 4953
best 4951
best 4947
best 4938
best 4930
best 4918
best 4902
best 4889
best 4885
best 4877
best 4871
best 4865
best 4853
best 4849
best 4841
best 4837
best 4833
best 4829
best 4826
best 4820
best 4818
best 4817
best 4809
best 4805
best 4801
best 4793
best 4791
best 4777
best 4761
best 4756
best 4747
best 4744
best 4742
best 4740
best 4732
best 4718
best 4714
best 4702
best 4692
best 4686
best 4682
best 4680
best 4665
best 4659
best 4645
best 4633
best 4627
best 4622
best 4612
best 4593
best 4587
best 4575
best 4569
best 4565
best 4553
best 4547
best 4543
best 4540
best 4538
best 4535
best 4529
best 4528
best 4518
best 4517
best 4511
best 4501
best 4497
best 4493
best 4479
best 4471
best 4468
best 4449
best 4443
best 4439
best 4427
best 4425
best 4421
best 4403
best 4401
best 4391
best 4371
best 4369
best 4367
best 4366
best 4364
best 4360
best 4354
best 4343
best 4341
best 4338
best 4332
best 4318
best 4304
best 4300
best 4286
best 4259
best 4255
best 4247
best 4241
best 4239
best 4227
best 4209
best 4203
best 4202
best 4194
best 4190
best 4178
best 4170
best 4167
best 4164
best 4160
best 4158
best 4154
best 4150
best 4148
best 4146
best 4138
best 4136
best 4128
best 4124
best 4112
best 4106
best 4096
best 4094
best 4088
best 4074
best 4068
best 4050
best 4038
best 4018
best 4008
best 4006
best 3994
best 3982
best 3980
best 3976
best 3974
best 3967
best 3949
best 3921
best 3919
best 3915
best 3906
best 3898
best 3895
best 3889
best 3881
best 3873
best 3863
best 3856
best 3851
best 3843
best 3835
best 3833
best 3831
best 3827
best 3823
best 3815
best 3813
best 3811
best 3807
best 3803
best 3802
best 3798
best 3792
best 3782
best 3774
best 3758
best 3752
best 3748
best 3734
best 3716
best 3703
best 3691
best 3685
best 3683
best 3682
best 3676
best 3668
best 3662
best 3644
best 3632
best 3630
best 3627
best 3621
best 3609
best 3599
best 3598
best 3578
best 3576
best 3572
best 3550
best 3540
best 3536
best 3530
best 3526
best 3524
best 3502
best 3498
best 3493
best 3483
best 3456
best 3443
best 3439
best 3437
best 3430
best 3428
best 3414
best 3404
best 3400
best 3399
best 3395
best 3393
best 3391
best 3390
best 3388
best 3386
best 3382
best 3350
best 3344
best 3342
best 3328
best 3322
best 3320
best 3318
best 3303
best 3291
best 3285
best 3283
best 3277
best 3271
best 3266
best 3265
best 3246
best 3237
best 3235
best 3232
best 3231
best 3227
best 3224
best 3222
best 3220
best 3217
best 3215
best 3211
best 3209
best 3203
best 3201
best 3193
best 3187
best 3182
best 3178
best 3176
best 3168
best 3166
best 3164
best 3152
best 3149
best 3127
best 3116
best 3098
best 3092
best 3089
best 3083
best 3072
best 3058
best 3056
best 3050
best 3042
best 3034
best 3023
best 3022
best 3020
best 3018
best 3012
best 3002
best 2994
best 2992
best 2988
best 2986
best 2966
best 2958
best 2950
best 2948
best 2940
best 2932
best 2928
best 2926
best 2918
best 2916
best 2906
best 2892
best 2888
best 2880
best 2863
best 2862
best 2858
best 2856
best 2848
best 2846
best 2838
best 2834
best 2832
best 2831
best 2825
best 2811
best 2809
best 2803
best 2795
best 2793
best 2791
best 2785
best 2783
best 2777
best 2773
best 2772
best 2766
best 2764
best 2760
best 2712
best 2700
best 2694
best 2686
best 2681
best 2680
best 2666
best 2656
best 2646
best 2644
best 2632
best 2630
best 2626
best 2614
best 2612
best 2606
best 2605
best 2601
best 2597
best 2593
best 2590
best 2584
best 2578
best 2570
best 2564
best 2556
best 2544
best 2542
best 2532
best 2520
best 2518
best 2516
best 2508
best 2504
best 2503
best 2499
best 2498
best 2484
best 2472
best 2458
best 2456
best 2450
best 2440
best 2434
best 2428
best 2426
best 2420
best 2408
best 2402
best 2397
best 2396
best 2384
best 2330
best 2326
best 2278
best 2270
best 2258
best 2246
best 2234
best 2232
best 2230
best 2224
best 2223
best 2217
best 2213
best 2210
best 2196
best 2193
best 2191
best 2189
best 2183
best 2177
best 2175
best 2173
best 2171
best 2169
best 2167
best 2151
best 2147
best 2141
best 2140
best 2128
best 2124
best 2118
best 2112
best 2110
best 2108
best 2100
best 2094
best 2090
best 2084
best 2074
best 2068
best 2059
best 2038
best 2026
best 2006
best 2004
best 1999
best 1987
best 1975
best 1973
best 1961
best 1956
best 1946
best 1945
best 1943
best 1940
best 1929
best 1923
best 1915
best 1904
best 1898
best 1892
best 1888
best 1883
best 1871
best 1869
best 1867
best 1855
best 1847
best 1846
best 1830
best 1822
best 1808
best 1807
best 1801
best 1795
best 1789
best 1787
best 1781
best 1779
best 1769
best 1766
best 1764
best 1760
best 1754
best 1748
best 1742
best 1736
best 1732
best 1725
best 1713
best 1711
best 1707
best 1701
best 1699
best 1693
best 1683
best 1681
best 1677
best 1653
best 1651
best 1645
best 1637
best 1633
best 1613
best 1605
best 1597
best 1593
best 1583
best 1555
best 1554
best 1552
best 1534
best 1532
best 1530
best 1508
best 1504
best 1494
best 1492
best 1468
best 1454
best 1448
best 1444
best 1436
best 1433
best 1423
best 1419
best 1418
best 1412
best 1408
best 1392
best 1380
best 1375
best 1373
best 1363
best 1351
best 1345
best 1338
best 1334
best 1329
best 1327
best 1326
best 1324
best 1322
best 1318
best 1312
best 1302
best 1300
best 1291
best 1286
best 1284
best 1278
best 1276
best 1253
best 1247
best 1241
best 1237
best 1229
best 1227
best 1223
best 1215
best 1209
best 1207
best 1205
best 1203
best 1193
best 1191
best 1189
best 1184
best 1174
best 1163
best 1154
best 1152
best 1144
best 1140
best 1138
best 1135
best 1131
best 1129
best 1127
best 1121
best 1119
best 1105
best 1101
best 1087
best 1083
best 1081
best 1079
best 1073
best 1070
best 1067
best 1063
best 1061
best 1051
best 1049
best 1045
best 1027
best 1025
best 1009
best 1003
best 1001
best 995
best 993
best 985
best 983
best 981
best 974
best 966
best 960
best 958
best 954
best 934
best 926
best 922
best 920
best 886
best 884
best 878
best 874
best 868
best 864
best 862
best 860
best 855
best 849
best 848
best 846
best 842
best 840
best 832
best 831
best 827
best 825
best 803
best 789
best 787
best 785
best 781
best 777
best 775
best 773
best 767
best 763
best 753
best 751
best 746
best 732
best 724
best 720
best 716
best 708
best 706
best 704
best 702
best 698
best 696
best 694
best 689
best 681
best 679
best 673
best 669
best 667
best 665
best 653
best 645
best 644
best 642
best 632
best 630
best 622
best 618
best 614
best 610
best 604
best 602
best 600
best 592
best 586
best 582
best 576
best 574
best 568
best 566
best 564
best 546
best 540
best 538
best 536
best 530
best 522
best 518
best 517
best 510
best 506
best 503
best 502
best 501
best 497
best 495
best 493
best 483
best 480
best 476
best 472
best 468
best 459
best 457
best 453
best 445
best 443
best 432
best 430
best 428
best 424
best 422
best 420
best 418
best 416
best 413
best 411
best 409
best 403
best 401
best 399
best 393
best 391
best 387
best 385
best 380
best 378
best 374
best 366
best 364
best 360
best 352
best 346
best 342
best 340
best 334
best 332
best 330
best 324
best 322
best 318
best 314
best 312
best 310
best 308
best 306
best 303
best 301
best 295
best 293
best 291
best 289
best 287
best 283
best 281
best 279
best 267
best 263
best 261
best 259
best 257
best 252
best 250
best 244
best 243
best 237
best 229
best 221
best 217
best 215
best 213
best 209
best 207
best 203
best 199
best 193
best 188
best 186
best 184
best 182
best 180
best 178
best 176
best 174
best 172
best 170
best 168
best 166
best 164
best 160
best 158
best 154
best 150
best 148
best 146
best 145
best 143
best 139
best 137
best 135
best 133
best 131
best 127
best 123
best 119
best 115
best 113
best 111
best 109
best 105
best 103
best 101
best 99
best 97
best 95
best 93
best 91
best 89
best 87
best 85
best 83
best 81
best 79
best 76
best 72
best 70
best 69
best 67
best 64
best 62
best 60
best 58
best 56
best 54
best 52
best 50
best 48
best 46
best 44
best 42
best 40
best 38
