best 919
best 905
best 904
best 903
best 897
best 894
best 876
best 865
best 857
best 855
best 849
best 846
best 840
best 834
best 820
best 816
best 810
best 797
best 793
best 787
best 776
best 768
best 764
best 758
best 752
best 750
best 741
best 737
best 731
best 729
best 717
best 710
best 703
best 700
best 696
best 688
best 684
best 670
best 662
best 656
best 652
best 643
best 633
best 630
best 626
best 624
best 616
best 611
best 602
best 585
best 582
best 576
best 569
best 565
best 547
best 537
best 536
best 532
best 530
best 528
best 525
best 520
best 512
best 506
best 499
best 496
best 492
best 486
best 482
best 474
best 473
best 465
best 463
best 459
best 457
best 455
best 449
best 443
best 441
best 435
best 431
best 427
best 425
best 404
best 401
best 394
best 389
best 379
best 378
best 374
best 373
best 367
best 363
best 358
best 356
best 352
best 346
best 341
best 339
best 329
best 327
best 316
best 314
best 308
best 298
best 296
best 290
best 286
best 285
best 283
best 280
best 278
best 274
best 270
best 268
best 261
best 253
best 251
best 250
best 249
best 237
best 234
best 228
best 224
best 222
best 220
best 214
best 194
best 186
best 184
best 183
best 182
best 173
best 172
best 170
best 168
best 164
best 158
best 156
best 152
best 150
best 144
best 140
best 123
best 119
best 117
best 111
best 108
best 106
best 102
best 98
best 94
best 93
best 91
best 85
best 83
best 81
best 79
best 77
best 69
best 68
best 66
best 64
best 59
best 57
best 55
best 51
best 49
best 47
best 43
best 42
best 41
best 40
best 38
best 36
best 34
best 33
best 32
best 31
best 29
best 28
best 27
best 26
best 24
best 22
best 20
best 19
