best 2655
best 2634
best 2627
best 2601
best 2582
best 2581
best 2568
best 2558
best 2545
best 2529
best 2523
best 2511
best 2492
best 2487
best 2477
best 2470
best 2468
best 2455
best 2435
best 2429
best 2425
best 2410
best 2401
best 2391
best 2387
best 2380
best 2373
best 2369
best 2353
best 2337
best 2331
best 2323
best 2322
best 2315
best 2299
best 2292
best 2282
best 2274
best 2266
best 2255
best 2247
best 2224
best 2215
best 2214
best 2210
best 2197
best 2188
best 2182
best 2170
best 2158
best 2148
best 2138
best 2125
best 2109
best 2098
best 2086
best 2085
best 2069
best 2063
best 2057
best 2049
best 2042
best 2028
best 2018
best 2014
best 2000
best 1996
best 1992
best 1985
best 1981
best 1973
best 1971
best 1967
best 1963
best 1960
best 1952
best 1951
best 1947
best 1943
best 1939
best 1931
best 1923
best 1915
best 1906
best 1897
best 1895
best 1893
best 1888
best 1880
best 1874
best 1872
best 1861
best 1859
best 1853
best 1849
best 1844
best 1838
best 1836
best 1832
best 1830
best 1822
best 1821
best 1815
best 1808
best 1797
best 1787
best 1781
best 1779
best 1773
best 1772
best 1766
best 1756
best 1754
best 1750
best 1742
best 1735
best 1732
best 1730
best 1724
best 1722
best 1712
best 1708
best 1700
best 1694
best 1692
best 1688
best 1682
best 1680
best 1670
best 1664
best 1658
best 1647
best 1643
best 1637
best 1627
best 1623
best 1617
best 1611
best 1601
best 1593
best 1583
best 1573
best 1561
best 1557
best 1555
best 1551
best 1547
best 1543
best 1542
best 1538
best 1532
best 1528
best 1526
best 1521
best 1515
best 1511
best 1509
best 1507
best 1501
best 1493
best 1487
best 1483
best 1482
best 1476
best 1474
best 1458
best 1457
best 1451
best 1442
best 1430
best 1426
best 1412
best 1406
best 1402
best 1396
best 1389
best 1383
best 1379
best 1377
best 1375
best 1369
best 1365
best 1363
best 1360
best 1346
best 1342
best 1338
best 1329
best 1325
best 1321
best 1315
best 1309
best 1300
best 1292
best 1290
best 1288
best 1286
best 1284
best 1282
best 1280
best 1262
best 1252
best 1244
best 1242
best 1222
best 1218
best 1210
best 1208
best 1198
best 1196
best 1188
best 1186
best 1182
best 1176
best 1172
best 1170
best 1161
best 1160
best 1158
best 1156
best 1150
best 1149
best 1136
best 1133
best 1131
best 1123
best 1119
best 1117
best 1111
best 1108
best 1102
best 1094
best 1080
best 1078
best 1076
best 1073
best 1069
best 1065
best 1063
best 1059
best 1057
best 1056
best 1048
best 1044
best 1040
best 1036
best 1034
best 1030
best 1018
best 1016
best 1007
best 1003
best 1001
best 1000
best 998
best 996
best 993
best 991
best 989
best 984
best 982
best 966
best 964
best 960
best 952
best 950
best 948
best 944
best 940
best 938
best 933
best 931
best 929
best 925
best 909
best 900
best 898
best 896
best 883
best 882
best 880
best 878
best 876
best 852
best 848
best 846
best 843
best 841
best 837
best 819
best 811
best 803
best 801
best 796
best 787
best 779
best 775
best 774
best 772
best 764
best 762
best 760
best 757
best 755
best 751
best 747
best 745
best 741
best 739
best 737
best 729
best 727
best 725
best 717
best 709
best 707
best 703
best 700
best 696
best 694
best 690
best 683
best 679
best 677
best 673
best 661
best 655
best 636
best 634
best 630
best 628
best 626
best 625
best 623
best 621
best 601
best 597
best 593
best 591
best 583
best 577
best 575
best 573
best 563
best 557
best 552
best 548
best 546
best 543
best 539
best 537
best 535
best 527
best 525
best 524
best 518
best 514
best 513
best 501
best 500
best 478
best 476
best 475
best 472
best 466
best 460
best 458
best 455
best 452
best 449
best 445
best 444
best 436
best 434
best 430
best 428
best 424
best 423
best 419
best 417
best 415
best 411
best 410
best 407
best 392
best 390
best 386
best 384
best 380
best 372
best 366
best 360
best 357
best 355
best 354
best 352
best 350
best 340
best 339
best 335
best 331
best 325
best 321
best 312
best 310
best 306
best 290
best 287
best 283
best 279
best 273
best 271
best 269
best 265
best 257
best 255
best 253
best 251
best 241
best 239
best 235
best 231
best 230
best 229
best 225
best 223
best 219
best 215
best 209
best 197
best 195
best 193
best 187
best 185
best 183
best 181
best 177
best 171
best 168
best 166
best 164
best 160
best 158
best 156
best 154
best 148
best 146
best 139
best 136
best 135
best 133
best 127
best 124
best 122
best 120
best 118
best 116
best 114
best 113
best 111
best 109
best 105
best 103
best 99
best 96
best 94
best 92
best 90
best 88
best 87
best 85
best 83
best 81
best 79
best 75
best 73
best 72
best 70
best 68
best 67
best 65
best 63
best 61
best 59
best 57
best 55
best 53
best 51
best 49
best 47
best 45
best 43
best 41
best 39
best 37
best 36
