best 9340
best 9338
best 9337
best 9331
best 9316
best 9310
best 9296
best 9286
best 9278
best 9267
best 9263
best 9256
best 9247
best 9238
best 9229
best 9215
best 9202
best 9199
best 9184
best 9180
best 9169
best 9166
best 9157
best 9150
best 9137
best 9129
best 9116
best 9108
best 9097
best 9087
best 9084
best 9078
best 9075
best 9069
best 9063
best 9057
best 9052
best 9048
best 9038
best 9036
best 9024
best 9015
best 9012
best 9008
best 9004
best 8994
best 8987
best 8982
best 8975
best 8974
best 8973
best 8965
best 8960
best 8949
best 8946
best 8942
best 8933
best 8929
best 8926
best 8922
best 8908
best 8900
best 8897
best 8896
best 8891
best 8887
best 8875
best 8864
best 8863
best 8858
best 8853
best 8850
best 8843
best 8842
best 8838
best 8824
best 8809
best 8801
best 8793
best 8789
best 8787
best 8783
best 8769
best 8760
best 8755
best 8752
best 8747
best 8744
best 8737
best 8736
best 8726
best 8717
best 8716
best 8715
best 8707
best 8706
best 8694
best 8691
best 8681
best 8680
best 8670
best 8669
best 8663
best 8661
best 8657
best 8654
best 8644
best 8639
best 8635
best 8632
best 8627
best 8617
best 8604
best 8596
best 8593
best 8586
best 8580
best 8573
best 8570
best 8563
best 8560
best 8556
best 8548
best 8546
best 8541
best 8537
best 8534
best 8523
best 8520
best 8519
best 8517
best 8516
best 8503
best 8500
best 8491
best 8490
best 8481
best 8476
best 8471
best 8457
best 8448
best 8443
best 8441
best 8439
best 8431
best 8426
best 8419
best 8412
best 8403
best 8393
best 8388
best 8386
best 8385
best 8381
best 8374
best 8372
best 8371
best 8365
best 8360
best 8349
best 8347
best 8342
best 8338
best 8333
best 8327
best 8323
best 8322
best 8315
best 8307
best 8302
best 8297
best 8281
best 8268
best 8258
best 8256
best 8247
best 8245
best 8235
best 8233
best 8227
best 8216
best 8211
best 8202
best 8198
best 8191
best 8190
best 8186
best 8177
best 8169
best 8163
best 8156
best 8155
best 8145
best 8144
best 8138
best 8135
best 8124
best 8114
best 8105
best 8091
best 8088
best 8078
best 8067
best 8066
best 8060
best 8059
best 8052
best 8051
best 8047
best 8040
best 8030
best 8028
best 8026
best 8015
best 8013
best 8006
best 8003
best 8001
best 7993
best 7988
best 7980
best 7979
best 7977
best 7972
best 7971
best 7968
best 7964
best 7963
best 7955
best 7949
best 7946
best 7943
best 7941
best 7933
best 7931
best 7927
best 7924
best 7921
best 7913
best 7911
best 7902
best 7898
best 7892
best 7891
best 7890
best 7887
best 7882
best 7881
best 7878
best 7877
best 7874
best 7863
best 7860
best 7856
best 7850
best 7845
best 7830
best 7826
best 7822
best 7812
best 7810
best 7808
best 7806
best 7802
best 7798
best 7788
best 7779
best 7778
best 7772
best 7766
best 7764
best 7757
best 7754
best 7752
best 7748
best 7742
best 7737
best 7736
best 7732
best 7728
best 7722
best 7710
best 7702
best 7699
best 7694
best 7693
best 7687
best 7682
best 7680
best 7669
best 7665
best 7664
best 7663
best 7662
best 7654
best 7653
best 7645
best 7642
best 7639
best 7632
best 7624
best 7623
best 7617
best 7613
best 7610
best 7605
best 7601
best 7600
best 7599
best 7596
best 7594
best 7592
best 7588
best 7585
best 7581
best 7575
best 7573
best 7566
best 7564
best 7558
best 7553
best 7550
best 7547
best 7539
best 7534
best 7527
best 7525
best 7523
best 7521
best 7519
best 7515
best 7514
best 7512
best 7504
best 7501
best 7497
best 7495
best 7488
best 7483
best 7480
best 7479
best 7476
best 7475
best 7466
best 7461
best 7458
best 7455
best 7448
best 7446
best 7440
best 7436
best 7432
best 7422
best 7421
best 7416
best 7412
best 7406
best 7403
best 7400
best 7395
best 7394
best 7388
best 7378
best 7375
best 7369
best 7359
best 7350
best 7346
best 7343
best 7335
best 7330
best 7321
best 7318
best 7315
best 7314
best 7312
best 7309
best 7307
best 7301
best 7299
best 7291
best 7283
best 7282
best 7278
best 7273
best 7265
best 7264
best 7261
best 7259
best 7255
best 7252
best 7246
best 7236
best 7232
best 7228
best 7223
best 7220
best 7218
best 7216
best 7208
best 7206
best 7205
best 7199
best 7194
best 7193
best 7192
best 7191
best 7185
best 7181
best 7178
best 7177
best 7174
best 7170
best 7164
best 7162
best 7158
best 7146
best 7140
best 7136
best 7135
best 7130
best 7128
best 7123
best 7119
best 7112
best 7100
best 7093
best 7092
best 7090
best 7085
best 7082
best 7076
best 7075
best 7073
best 7069
best 7068
best 7062
best 7060
best 7058
best 7051
best 7047
best 7046
best 7044
best 7039
best 7035
best 7032
best 7030
best 7028
best 7026
best 7023
best 7019
best 7017
best 7011
best 7005
best 6995
best 6990
best 6981
best 6978
best 6977
best 6972
best 6971
best 6968
best 6966
best 6955
best 6954
best 6950
best 6948
best 6947
best 6944
best 6942
best 6940
best 6938
best 6924
best 6923
best 6921
best 6915
best 6909
best 6901
best 6895
best 6891
best 6890
best 6888
best 6887
best 6885
best 6874
best 6864
best 6860
best 6851
best 6849
best 6847
best 6845
best 6843
best 6842
best 6841
best 6837
best 6832
best 6827
best 6821
best 6820
best 6819
best 6812
best 6808
best 6805
best 6802
best 6796
best 6793
best 6784
best 6781
best 6779
best 6777
best 6770
best 6767
best 6764
best 6763
best 6759
best 6750
best 6748
best 6742
best 6735
best 6727
best 6722
best 6720
best 6715
best 6714
best 6708
best 6703
best 6696
best 6695
best 6693
best 6692
best 6690
best 6688
best 6686
best 6681
best 6678
best 6676
best 6671
best 6666
best 6664
best 6663
best 6661
best 6655
best 6652
best 6648
best 6640
best 6636
best 6633
best 6628
best 6627
best 6625
best 6622
best 6619
best 6617
best 6615
best 6611
best 6609
best 6603
best 6600
best 6599
best 6594
best 6586
best 6583
best 6581
best 6580
best 6577
best 6576
best 6573
best 6569
best 6566
best 6565
best 6559
best 6552
best 6550
best 6541
best 6539
best 6534
best 6530
best 6529
best 6513
best 6512
best 6511
best 6507
best 6502
best 6500
best 6497
best 6496
best 6487
best 6486
best 6485
best 6475
best 6466
best 6462
best 6459
best 6454
best 6448
best 6445
best 6438
best 6431
best 6430
best 6425
best 6415
best 6413
best 6406
best 6405
best 6399
best 6394
best 6391
best 6389
best 6383
best 6377
best 6369
best 6367
best 6365
best 6364
best 6361
best 6360
best 6352
best 6351
best 6349
best 6344
best 6337
best 6329
best 6325
best 6311
best 6302
best 6296
best 6293
best 6285
best 6283
best 6276
best 6275
best 6274
best 6271
best 6270
best 6269
best 6265
best 6259
best 6258
best 6247
best 6243
best 6237
best 6236
best 6228
best 6225
best 6223
best 6219
best 6217
best 6216
best 6199
best 6195
best 6194
best 6191
best 6189
best 6185
best 6184
best 6181
best 6177
best 6173
best 6172
best 6161
best 6159
best 6155
best 6153
best 6151
best 6150
best 6149
best 6143
best 6142
best 6134
best 6132
best 6130
best 6125
best 6121
best 6114
best 6103
best 6100
best 6093
best 6091
best 6083
best 6081
best 6079
best 6078
best 6075
best 6070
best 6066
best 6065
best 6064
best 6061
best 6060
best 6059
best 6058
best 6055
best 6053
best 6049
best 6048
best 6046
best 6041
best 6038
best 6033
best 6031
best 6030
best 6029
best 6022
best 6019
best 6018
best 6015
best 6014
best 6012
best 6008
best 6007
best 6002
best 5992
best 5988
best 5982
best 5981
best 5980
best 5973
best 5969
best 5965
best 5964
best 5962
best 5950
best 5948
best 5943
best 5934
best 5931
best 5928
best 5923
best 5921
best 5917
best 5913
best 5912
best 5904
best 5891
best 5890
best 5881
best 5880
best 5879
best 5876
best 5874
best 5870
best 5866
best 5860
best 5858
best 5853
best 5852
best 5847
best 5843
best 5837
best 5836
best 5832
best 5828
best 5825
best 5817
best 5813
best 5811
best 5807
best 5805
best 5799
best 5791
best 5787
best 5784
best 5783
best 5773
best 5765
best 5754
best 5750
best 5748
best 5747
best 5739
best 5737
best 5733
best 5729
best 5726
best 5724
best 5723
best 5711
best 5710
best 5705
best 5700
best 5699
best 5692
best 5685
best 5682
best 5681
best 5672
best 5666
best 5664
best 5660
best 5656
best 5655
best 5648
best 5643
best 5641
best 5640
best 5636
best 5635
best 5633
best 5632
best 5627
best 5625
best 5623
best 5619
best 5615
best 5609
best 5602
best 5597
best 5592
best 5585
best 5580
best 5579
best 5575
best 5572
best 5566
best 5565
best 5560
best 5556
best 5553
best 5552
best 5547
best 5539
best 5538
best 5535
best 5532
best 5529
best 5526
best 5525
best 5522
best 5521
best 5517
best 5513
best 5510
best 5506
best 5499
best 5492
best 5491
best 5488
best 5485
best 5484
best 5480
best 5479
best 5477
best 5472
best 5461
best 5460
best 5457
best 5456
best 5453
best 5444
best 5432
best 5428
best 5425
best 5424
best 5413
best 5407
best 5400
best 5394
best 5382
best 5381
best 5379
best 5377
best 5375
best 5369
best 5363
best 5362
best 5358
best 5355
best 5342
best 5341
best 5340
best 5324
best 5311
best 5306
best 5304
best 5294
best 5287
best 5286
best 5285
best 5284
best 5282
best 5276
best 5274
best 5258
best 5252
best 5251
best 5245
best 5241
best 5234
best 5233
best 5232
best 5230
best 5229
best 5209
best 5206
best 5205
best 5202
best 5196
best 5195
best 5193
best 5185
best 5183
best 5177
best 5176
best 5167
best 5161
best 5155
best 5151
best 5138
best 5137
best 5130
best 5129
best 5128
best 5126
best 5124
best 5121
best 5120
best 5119
best 5107
best 5105
best 5102
best 5097
best 5096
best 5088
best 5082
best 5070
best 5064
best 5055
best 5054
best 5053
best 5048
best 5044
best 5043
best 5042
best 5041
best 5035
best 5023
best 5021
best 5019
best 5005
best 5003
best 4998
best 4995
best 4992
best 4986
best 4983
best 4980
best 4974
best 4970
best 4966
best 4956
best 4954
best 4950
best 4944
best 4941
best 4937
best 4935
best 4932
best 4922
best 4921
best 4913
best 4905
best 4902
best 4897
best 4895
best 4891
best 4889
best 4886
best 4882
best 4879
best 4875
best 4865
best 4863
best 4860
best 4856
best 4850
best 4849
best 4847
best 4843
best 4842
best 4833
best 4832
best 4824
best 4822
best 4817
best 4816
best 4815
best 4810
best 4808
best 4807
best 4801
best 4796
best 4780
best 4777
best 4775
best 4774
best 4769
best 4765
best 4763
best 4762
best 4754
best 4752
best 4746
best 4742
best 4732
best 4728
best 4727
best 4725
best 4721
best 4718
best 4710
best 4697
best 4691
best 4689
best 4683
best 4676
best 4670
best 4668
best 4665
best 4664
best 4662
best 4656
best 4654
best 4649
best 4648
best 4647
best 4646
best 4643
best 4630
best 4621
best 4619
best 4618
best 4617
best 4613
best 4609
best 4605
best 4598
best 4597
best 4594
best 4593
best 4589
best 4586
best 4584
best 4583
best 4571
best 4569
best 4564
best 4561
best 4560
best 4556
best 4554
best 4553
best 4545
best 4544
best 4541
best 4524
best 4519
best 4518
best 4515
best 4509
best 4507
best 4504
best 4489
best 4487
best 4484
best 4469
best 4465
best 4463
best 4458
best 4457
best 4455
best 4450
best 4444
best 4442
best 4418
best 4413
best 4410
best 4408
best 4407
best 4405
best 4400
best 4398
best 4397
best 4395
best 4394
best 4393
best 4390
best 4387
best 4386
best 4383
best 4382
best 4381
best 4379
best 4375
best 4340
best 4339
best 4337
best 4333
best 4332
best 4328
best 4318
best 4317
best 4316
best 4315
best 4313
best 4309
best 4307
best 4303
best 4298
best 4280
best 4276
best 4270
best 4267
best 4257
best 4250
best 4249
best 4248
best 4235
best 4233
best 4231
best 4229
best 4220
best 4219
best 4216
best 4214
best 4208
best 4197
best 4196
best 4185
best 4184
best 4175
best 4160
best 4154
best 4151
best 4143
best 4138
best 4136
best 4132
best 4131
best 4129
best 4126
best 4122
best 4117
best 4110
best 4109
best 4106
best 4100
best 4090
best 4087
best 4086
best 4085
best 4075
best 4068
best 4050
best 4045
best 4039
best 4030
best 4026
best 4025
best 4016
best 4005
best 4003
best 4001
best 4000
best 3999
best 3989
best 3986
best 3985
best 3975
best 3966
best 3958
best 3945
best 3940
best 3938
best 3936
best 3932
best 3929
best 3927
best 3923
best 3913
best 3907
best 3903
best 3900
best 3896
best 3893
best 3891
best 3888
best 3886
best 3883
best 3876
best 3866
best 3859
best 3858
best 3856
best 3852
best 3823
best 3822
best 3818
best 3816
best 3808
best 3806
best 3802
best 3800
best 3798
best 3789
best 3786
best 3779
best 3770
best 3767
best 3757
best 3756
best 3755
best 3745
best 3741
best 3736
best 3733
best 3732
best 3730
best 3726
best 3722
best 3703
best 3700
best 3691
best 3670
best 3657
best 3656
best 3648
best 3640
best 3629
best 3628
best 3626
best 3623
best 3617
best 3614
best 3608
best 3607
best 3601
best 3592
best 3591
best 3588
best 3585
best 3579
best 3577
best 3575
best 3570
best 3562
best 3553
best 3551
best 3531
best 3527
best 3520
best 3515
best 3514
best 3509
best 3497
best 3492
best 3488
best 3482
best 3480
best 3478
best 3470
best 3468
best 3467
best 3466
best 3463
best 3458
best 3456
best 3454
best 3451
best 3450
best 3448
best 3444
best 3436
best 3412
best 3410
best 3402
best 3395
best 3388
best 3383
best 3381
best 3380
best 3378
best 3377
best 3375
best 3371
best 3365
best 3361
best 3360
best 3356
best 3349
best 3348
best 3344
best 3341
best 3327
best 3324
best 3321
best 3320
best 3317
best 3287
best 3284
best 3283
best 3280
best 3276
best 3274
best 3269
best 3265
best 3252
best 3251
best 3250
best 3244
best 3236
best 3216
best 3214
best 3209
best 3201
best 3190
best 3177
best 3175
best 3171
best 3165
best 3163
best 3162
best 3154
best 3147
best 3139
best 3132
best 3131
best 3121
best 3113
best 3111
best 3108
best 3097
best 3096
best 3094
best 3090
best 3089
best 3077
best 3070
best 3068
best 3053
best 3045
best 3044
best 3035
best 3030
best 3026
best 3015
best 3014
best 2999
best 2991
best 2981
best 2959
best 2956
best 2952
best 2942
best 2940
best 2937
best 2928
best 2913
best 2910
best 2909
best 2908
best 2906
best 2904
best 2903
best 2892
best 2889
best 2885
best 2884
best 2875
best 2874
best 2873
best 2872
best 2851
best 2850
best 2849
best 2848
best 2847
best 2843
best 2840
best 2838
best 2834
best 2831
best 2826
best 2821
best 2814
best 2813
best 2806
best 2797
best 2791
best 2779
best 2774
best 2766
best 2762
best 2758
best 2757
best 2754
best 2750
best 2748
best 2746
best 2745
best 2739
best 2737
best 2735
best 2734
best 2730
best 2725
best 2714
best 2709
best 2695
best 2692
best 2690
best 2687
best 2684
best 2679
best 2676
best 2674
best 2673
best 2666
best 2659
best 2655
best 2633
best 2628
best 2626
best 2619
best 2618
best 2601
best 2597
best 2590
best 2589
best 2588
best 2582
best 2573
best 2568
best 2560
best 2557
best 2549
best 2548
best 2538
best 2522
best 2521
best 2513
best 2505
best 2497
best 2496
best 2476
best 2473
best 2456
best 2451
best 2450
best 2449
best 2448
best 2447
best 2444
best 2443
best 2433
best 2430
best 2422
best 2418
best 2401
best 2396
best 2360
best 2352
best 2350
best 2346
best 2343
best 2338
best 2331
best 2330
best 2319
best 2317
best 2307
best 2305
best 2304
best 2300
best 2296
best 2290
best 2279
best 2265
best 2264
best 2263
best 2250
best 2237
best 2236
best 2232
best 2230
best 2225
best 2219
best 2217
best 2201
best 2193
best 2187
best 2186
best 2185
best 2181
best 2177
best 2168
best 2159
best 2156
best 2154
best 2148
best 2132
best 2114
best 2111
best 2110
best 2103
best 2097
best 2095
best 2080
best 2078
best 2076
best 2072
best 2065
best 2060
best 2052
best 2047
best 2039
best 2038
best 2030
best 2028
best 2027
best 2026
best 2023
best 2022
best 2017
best 2007
best 2004
best 2002
best 2001
best 1994
best 1984
best 1981
best 1977
best 1976
best 1965
best 1957
best 1954
best 1953
best 1943
best 1936
best 1934
best 1925
best 1922
best 1920
best 1918
best 1916
best 1913
best 1911
best 1903
best 1893
best 1889
best 1886
best 1885
best 1868
best 1864
best 1862
best 1845
best 1844
best 1840
best 1831
best 1829
best 1823
best 1820
best 1818
best 1813
best 1810
best 1803
best 1799
best 1788
best 1780
best 1776
best 1772
best 1767
best 1762
best 1760
best 1758
best 1754
best 1751
best 1750
best 1744
best 1739
best 1738
best 1736
best 1730
best 1725
best 1721
best 1719
best 1713
best 1707
best 1706
best 1702
best 1692
best 1689
best 1679
best 1676
best 1669
best 1665
best 1662
best 1656
best 1640
best 1636
best 1634
best 1628
best 1618
best 1615
best 1607
best 1605
best 1603
best 1602
best 1595
best 1592
best 1590
best 1587
best 1581
best 1580
best 1578
best 1577
best 1555
best 1554
best 1552
best 1531
best 1530
best 1528
best 1523
best 1519
best 1518
best 1512
best 1504
best 1502
best 1500
best 1489
best 1485
best 1473
best 1472
best 1471
best 1470
best 1463
best 1460
best 1453
best 1448
best 1445
best 1444
best 1441
best 1439
best 1433
best 1416
best 1415
best 1395
best 1387
best 1386
best 1383
best 1380
best 1376
best 1374
best 1373
best 1372
best 1371
best 1370
best 1368
best 1364
best 1362
best 1359
best 1355
best 1354
best 1353
best 1352
best 1351
best 1350
best 1348
best 1345
best 1340
best 1313
best 1312
best 1308
best 1307
best 1305
best 1303
best 1301
best 1300
best 1293
best 1291
best 1290
best 1287
best 1285
best 1282
best 1274
best 1272
best 1267
best 1265
best 1259
best 1243
best 1241
best 1239
best 1238
best 1232
best 1230
best 1226
best 1219
best 1216
best 1215
best 1211
best 1206
best 1201
best 1199
best 1195
best 1192
best 1191
best 1188
best 1185
best 1184
best 1182
best 1178
best 1173
best 1172
best 1171
best 1167
best 1166
best 1160
best 1157
best 1156
best 1155
best 1154
best 1143
best 1141
best 1140
best 1138
best 1136
best 1135
best 1134
best 1121
best 1118
best 1115
best 1111
best 1108
best 1106
best 1101
best 1097
best 1095
best 1094
best 1088
best 1085
best 1083
best 1077
best 1076
best 1074
best 1073
best 1038
best 1034
best 1032
best 1027
best 1026
best 1024
best 1023
best 1020
best 1016
best 1015
best 1013
best 1012
best 1009
best 1008
best 1003
best 1002
best 991
best 989
best 987
best 984
best 983
best 980
best 977
best 959
best 957
best 956
best 955
best 952
best 949
best 948
best 947
best 945
best 943
best 939
best 938
best 936
best 932
best 930
best 927
best 925
best 922
best 916
best 914
best 911
best 909
best 908
best 905
best 903
best 885
best 883
best 882
best 881
best 878
best 877
best 874
best 873
best 866
best 863
best 859
best 856
best 855
best 854
best 852
best 851
best 849
best 848
best 846
best 844
best 840
best 839
best 836
best 835
best 834
best 832
best 830
best 825
best 823
best 820
best 818
best 817
best 815
best 813
best 812
best 809
best 808
best 800
best 798
best 795
best 794
best 778
best 776
best 775
best 773
best 769
best 768
best 763
best 762
best 733
best 727
best 724
best 723
best 722
best 720
best 718
best 717
best 716
best 701
best 700
best 698
best 694
best 688
best 683
best 682
best 681
best 680
best 679
best 678
best 676
best 675
best 673
best 672
best 668
best 666
best 665
best 664
best 662
best 661
best 660
best 659
best 656
best 654
best 653
best 651
best 649
best 648
best 645
best 639
best 636
best 633
best 631
best 630
best 629
best 626
best 625
best 623
best 622
best 621
best 620
best 595
best 592
best 588
best 587
best 586
best 585
best 584
best 582
best 580
best 579
best 576
best 574
best 573
best 572
best 559
best 556
best 553
best 552
best 551
best 550
best 549
best 548
best 547
best 546
best 545
best 543
best 542
best 539
best 538
best 537
best 534
best 530
best 529
best 528
best 510
best 506
best 499
best 487
best 486
best 484
best 483
best 475
best 474
best 473
best 472
best 471
best 468
best 466
best 465
best 464
best 459
best 457
best 454
best 452
best 451
best 449
best 448
best 447
best 446
best 445
best 443
best 442
best 441
best 440
best 439
best 435
best 434
best 432
best 431
best 429
best 427
best 426
best 425
best 424
best 423
best 421
best 420
best 419
best 417
best 406
best 405
best 404
best 403
best 402
best 401
best 394
best 393
best 392
best 391
best 388
best 387
best 384
best 383
best 382
best 381
best 380
best 378
best 376
best 375
best 373
best 372
best 371
best 369
best 367
best 366
best 365
best 364
best 363
best 362
best 358
best 355
best 354
best 353
best 350
best 347
best 345
best 344
best 343
best 342
best 341
best 340
best 339
best 338
best 334
best 333
best 332
best 331
best 330
best 329
best 328
best 327
best 326
best 325
best 324
best 323
best 322
best 321
best 320
best 319
best 318
best 317
best 316
best 315
best 314
best 313
best 312
best 311
best 310
best 309
best 308
best 307
best 306
best 305
best 303
best 302
best 301
best 300
best 299
best 297
best 296
best 295
best 294
best 293
best 292
best 291
best 290
best 289
best 287
best 286
best 285
best 284
best 283
best 282
best 281
best 280
best 279
best 278
best 277
best 276
best 275
best 274
best 273
best 272
best 271
best 270
best 269
best 268
best 267
best 266
best 265
best 264
best 263
best 260
best 258
best 257
best 256
best 255
best 254
best 253
best 252
best 250
best 249
best 247
best 246
best 245
best 244
best 243
best 242
best 241
best 240
best 239
best 238
best 237
best 236
best 235
best 234
best 233
best 232
best 231
best 230
best 229
best 228
best 227
best 226
best 225
best 224
best 223
best 222
best 221
best 220
best 219
best 218
best 217
