best 749
best 747
best 744
best 736
best 728
best 724
best 721
best 718
best 710
best 706
best 703
best 700
best 695
best 694
best 692
best 684
best 681
best 676
best 673
best 671
best 669
best 668
best 661
best 656
best 653
best 651
best 646
best 642
best 639
best 638
best 636
best 635
best 633
best 628
best 625
best 623
best 620
best 619
best 615
best 611
best 609
best 608
best 605
best 603
best 602
best 597
best 592
best 589
best 584
best 581
best 578
best 574
best 573
best 571
best 569
best 567
best 566
best 565
best 562
best 556
best 555
best 553
best 549
best 547
best 544
best 542
best 536
best 534
best 530
best 527
best 524
best 522
best 519
best 518
best 515
best 512
best 510
best 508
best 502
best 501
best 494
best 493
best 490
best 487
best 480
best 478
best 477
best 473
best 463
best 460
best 459
best 458
best 453
best 449
best 448
best 446
best 445
best 444
best 442
best 440
best 437
best 436
best 430
best 428
best 424
best 423
best 421
best 418
best 415
best 412
best 408
best 406
best 405
best 403
best 401
best 399
best 395
best 392
best 391
best 388
best 386
best 382
best 379
best 376
best 374
best 372
best 371
best 370
best 368
best 366
best 363
best 362
best 359
best 357
best 356
best 354
best 348
best 345
best 344
best 343
best 330
best 329
best 328
best 327
best 325
best 324
best 322
best 321
best 320
best 319
best 318
best 317
best 305
best 304
best 302
best 300
best 295
best 293
best 290
best 288
best 285
best 284
best 281
best 279
best 277
best 276
best 275
best 274
best 273
best 272
best 269
best 265
best 263
best 261
best 260
best 256
best 255
best 254
best 252
best 250
best 248
best 244
best 242
best 241
best 240
best 235
best 234
best 233
best 232
best 230
best 229
best 228
best 227
best 224
best 222
best 221
best 220
best 219
best 216
best 215
best 214
best 212
best 211
best 210
best 207
best 201
best 196
best 195
best 194
best 192
best 190
best 189
best 187
best 186
best 185
best 181
best 180
best 179
best 178
best 177
best 176
best 175
best 174
best 173
best 171
best 169
best 168
best 165
best 163
best 161
best 160
best 159
best 156
best 154
best 153
best 148
best 145
best 144
best 143
best 140
best 139
best 138
best 135
best 134
best 133
best 125
best 124
best 123
best 122
best 121
best 120
best 119
best 118
best 117
best 116
best 115
best 114
best 113
best 111
best 109
best 108
best 106
best 105
best 104
best 103
best 102
best 101
best 100
best 98
best 97
best 96
best 95
best 94
best 93
best 92
best 89
best 87
best 86
best 85
best 84
best 83
best 81
best 80
best 79
best 78
best 77
best 76
best 75
best 74
best 73
best 72
best 70
best 69
best 68
best 67
best 66
best 65
best 64
best 63
best 62
best 61
best 60
best 59
best 58
best 57
best 56
best 55
best 54
best 53
best 52
best 51
best 50
best 49
best 48
best 47
best 46
best 45
best 44
best 43
best 42
best 41
best 40
best 39
best 38
best 37
best 36
best 35
best 34
best 33
best 32
best 31
best 30
best 29
best 28
best 27
best 26
best 25
best 24
best 23
best 22
best 21
best 20
best 19
best 18
best 17
best 16
